Archive member included to satisfy reference by file (symbol)

c:/program files (x86)/atmel/studio/7.0/toolchain/avr8/avr8-gnu-toolchain/bin/../lib/gcc/avr/5.4.0/../../../../avr/lib/avr5\libm.a(addsf3.o)
                              lm35/lm35.o (__addsf3)
c:/program files (x86)/atmel/studio/7.0/toolchain/avr8/avr8-gnu-toolchain/bin/../lib/gcc/avr/5.4.0/../../../../avr/lib/avr5\libm.a(addsf3x.o)
                              c:/program files (x86)/atmel/studio/7.0/toolchain/avr8/avr8-gnu-toolchain/bin/../lib/gcc/avr/5.4.0/../../../../avr/lib/avr5\libm.a(addsf3.o) (__addsf3x)
c:/program files (x86)/atmel/studio/7.0/toolchain/avr8/avr8-gnu-toolchain/bin/../lib/gcc/avr/5.4.0/../../../../avr/lib/avr5\libm.a(divsf3.o)
                              lm35/lm35.o (__divsf3)
c:/program files (x86)/atmel/studio/7.0/toolchain/avr8/avr8-gnu-toolchain/bin/../lib/gcc/avr/5.4.0/../../../../avr/lib/avr5\libm.a(divsf3x.o)
                              c:/program files (x86)/atmel/studio/7.0/toolchain/avr8/avr8-gnu-toolchain/bin/../lib/gcc/avr/5.4.0/../../../../avr/lib/avr5\libm.a(divsf3.o) (__divsf3x)
c:/program files (x86)/atmel/studio/7.0/toolchain/avr8/avr8-gnu-toolchain/bin/../lib/gcc/avr/5.4.0/../../../../avr/lib/avr5\libm.a(floatsisf.o)
                              lm35/lm35.o (__floatunsisf)
c:/program files (x86)/atmel/studio/7.0/toolchain/avr8/avr8-gnu-toolchain/bin/../lib/gcc/avr/5.4.0/../../../../avr/lib/avr5\libm.a(fp_inf.o)
                              c:/program files (x86)/atmel/studio/7.0/toolchain/avr8/avr8-gnu-toolchain/bin/../lib/gcc/avr/5.4.0/../../../../avr/lib/avr5\libm.a(addsf3x.o) (__fp_inf)
c:/program files (x86)/atmel/studio/7.0/toolchain/avr8/avr8-gnu-toolchain/bin/../lib/gcc/avr/5.4.0/../../../../avr/lib/avr5\libm.a(fp_nan.o)
                              c:/program files (x86)/atmel/studio/7.0/toolchain/avr8/avr8-gnu-toolchain/bin/../lib/gcc/avr/5.4.0/../../../../avr/lib/avr5\libm.a(addsf3x.o) (__fp_nan)
c:/program files (x86)/atmel/studio/7.0/toolchain/avr8/avr8-gnu-toolchain/bin/../lib/gcc/avr/5.4.0/../../../../avr/lib/avr5\libm.a(fp_pscA.o)
                              c:/program files (x86)/atmel/studio/7.0/toolchain/avr8/avr8-gnu-toolchain/bin/../lib/gcc/avr/5.4.0/../../../../avr/lib/avr5\libm.a(addsf3x.o) (__fp_pscA)
c:/program files (x86)/atmel/studio/7.0/toolchain/avr8/avr8-gnu-toolchain/bin/../lib/gcc/avr/5.4.0/../../../../avr/lib/avr5\libm.a(fp_pscB.o)
                              c:/program files (x86)/atmel/studio/7.0/toolchain/avr8/avr8-gnu-toolchain/bin/../lib/gcc/avr/5.4.0/../../../../avr/lib/avr5\libm.a(addsf3x.o) (__fp_pscB)
c:/program files (x86)/atmel/studio/7.0/toolchain/avr8/avr8-gnu-toolchain/bin/../lib/gcc/avr/5.4.0/../../../../avr/lib/avr5\libm.a(fp_round.o)
                              c:/program files (x86)/atmel/studio/7.0/toolchain/avr8/avr8-gnu-toolchain/bin/../lib/gcc/avr/5.4.0/../../../../avr/lib/avr5\libm.a(addsf3.o) (__fp_round)
c:/program files (x86)/atmel/studio/7.0/toolchain/avr8/avr8-gnu-toolchain/bin/../lib/gcc/avr/5.4.0/../../../../avr/lib/avr5\libm.a(fp_split3.o)
                              c:/program files (x86)/atmel/studio/7.0/toolchain/avr8/avr8-gnu-toolchain/bin/../lib/gcc/avr/5.4.0/../../../../avr/lib/avr5\libm.a(addsf3x.o) (__fp_split3)
c:/program files (x86)/atmel/studio/7.0/toolchain/avr8/avr8-gnu-toolchain/bin/../lib/gcc/avr/5.4.0/../../../../avr/lib/avr5\libm.a(fp_zero.o)
                              c:/program files (x86)/atmel/studio/7.0/toolchain/avr8/avr8-gnu-toolchain/bin/../lib/gcc/avr/5.4.0/../../../../avr/lib/avr5\libm.a(addsf3x.o) (__fp_zero)
c:/program files (x86)/atmel/studio/7.0/toolchain/avr8/avr8-gnu-toolchain/bin/../lib/gcc/avr/5.4.0/../../../../avr/lib/avr5\libm.a(mulsf3.o)
                              lm35/lm35.o (__mulsf3)
c:/program files (x86)/atmel/studio/7.0/toolchain/avr8/avr8-gnu-toolchain/bin/../lib/gcc/avr/5.4.0/../../../../avr/lib/avr5\libm.a(mulsf3x.o)
                              c:/program files (x86)/atmel/studio/7.0/toolchain/avr8/avr8-gnu-toolchain/bin/../lib/gcc/avr/5.4.0/../../../../avr/lib/avr5\libm.a(mulsf3.o) (__mulsf3x)
c:/program files (x86)/atmel/studio/7.0/toolchain/avr8/avr8-gnu-toolchain/bin/../lib/gcc/avr/5.4.0/avr5\libgcc.a(_exit.o)
                              C:/Program Files (x86)/Atmel/Studio/7.0/Packs/atmel/ATmega_DFP/1.6.364/gcc/dev/atmega32a/avr5/crtatmega32a.o (exit)
c:/program files (x86)/atmel/studio/7.0/toolchain/avr8/avr8-gnu-toolchain/bin/../lib/gcc/avr/5.4.0/avr5\libgcc.a(_copy_data.o)
                              keypad/keypad8.o (__do_copy_data)
c:/program files (x86)/atmel/studio/7.0/toolchain/avr8/avr8-gnu-toolchain/bin/../lib/gcc/avr/5.4.0/avr5\libgcc.a(_clear_bss.o)
                              keypad/keypad8.o (__do_clear_bss)
c:/program files (x86)/atmel/studio/7.0/toolchain/avr8/avr8-gnu-toolchain/bin/../lib/gcc/avr/5.4.0/../../../../avr/lib/avr5\libc.a(dtostrf.o)
                              lm35/lm35.o (dtostrf)
c:/program files (x86)/atmel/studio/7.0/toolchain/avr8/avr8-gnu-toolchain/bin/../lib/gcc/avr/5.4.0/../../../../avr/lib/avr5\libc.a(malloc.o)
                              state/generateserial/generateserial.o (malloc)
c:/program files (x86)/atmel/studio/7.0/toolchain/avr8/avr8-gnu-toolchain/bin/../lib/gcc/avr/5.4.0/../../../../avr/lib/avr5\libc.a(strcpy.o)
                              patient/patient.o (strcpy)
c:/program files (x86)/atmel/studio/7.0/toolchain/avr8/avr8-gnu-toolchain/bin/../lib/gcc/avr/5.4.0/../../../../avr/lib/avr5\libc.a(dtoa_prf.o)
                              c:/program files (x86)/atmel/studio/7.0/toolchain/avr8/avr8-gnu-toolchain/bin/../lib/gcc/avr/5.4.0/../../../../avr/lib/avr5\libc.a(dtostrf.o) (dtoa_prf)
c:/program files (x86)/atmel/studio/7.0/toolchain/avr8/avr8-gnu-toolchain/bin/../lib/gcc/avr/5.4.0/../../../../avr/lib/avr5\libc.a(ftoa_engine.o)
                              c:/program files (x86)/atmel/studio/7.0/toolchain/avr8/avr8-gnu-toolchain/bin/../lib/gcc/avr/5.4.0/../../../../avr/lib/avr5\libc.a(dtoa_prf.o) (__ftoa_engine)
c:/program files (x86)/atmel/studio/7.0/toolchain/avr8/avr8-gnu-toolchain/bin/../lib/gcc/avr/5.4.0/avr5\libgcc.a(_prologue.o)
                              c:/program files (x86)/atmel/studio/7.0/toolchain/avr8/avr8-gnu-toolchain/bin/../lib/gcc/avr/5.4.0/../../../../avr/lib/avr5\libc.a(dtoa_prf.o) (__prologue_saves__)
c:/program files (x86)/atmel/studio/7.0/toolchain/avr8/avr8-gnu-toolchain/bin/../lib/gcc/avr/5.4.0/avr5\libgcc.a(_epilogue.o)
                              c:/program files (x86)/atmel/studio/7.0/toolchain/avr8/avr8-gnu-toolchain/bin/../lib/gcc/avr/5.4.0/../../../../avr/lib/avr5\libc.a(dtoa_prf.o) (__epilogue_restores__)

Allocating common symbols
Common symbol       size              file

_lcd_maxx           0x1               lcd/lcd_i2cmaster.o
patientsList        0x2               patient/patient.o
keyBuffer           0x11              keypad/keypad8.o
currentState        0x1               state/states.o
_lcd_x              0x1               lcd/lcd_i2cmaster.o
__brkval            0x2               c:/program files (x86)/atmel/studio/7.0/toolchain/avr8/avr8-gnu-toolchain/bin/../lib/gcc/avr/5.4.0/../../../../avr/lib/avr5\libc.a(malloc.o)
currentPatient      0x37              patient/patient.o
__flp               0x2               c:/program files (x86)/atmel/studio/7.0/toolchain/avr8/avr8-gnu-toolchain/bin/../lib/gcc/avr/5.4.0/../../../../avr/lib/avr5\libc.a(malloc.o)
_lcd_y              0x1               lcd/lcd_i2cmaster.o

Discarded input sections

 .data          0x00000000        0x0 C:/Program Files (x86)/Atmel/Studio/7.0/Packs/atmel/ATmega_DFP/1.6.364/gcc/dev/atmega32a/avr5/crtatmega32a.o
 .bss           0x00000000        0x0 C:/Program Files (x86)/Atmel/Studio/7.0/Packs/atmel/ATmega_DFP/1.6.364/gcc/dev/atmega32a/avr5/crtatmega32a.o
 .text          0x00000000        0x0 error.o
 .data          0x00000000        0x0 error.o
 .bss           0x00000000        0x0 error.o
 .text          0x00000000        0x0 hc05/hc05.o
 .data          0x00000000        0x0 hc05/hc05.o
 .bss           0x00000000        0x0 hc05/hc05.o
 .text.HC05_Init_Data_Mode
                0x00000000       0x12 hc05/hc05.o
 .text          0x00000000        0x0 keypad/keypad8.o
 .data          0x00000000        0x0 keypad/keypad8.o
 .bss           0x00000000        0x0 keypad/keypad8.o
 .text.Keypad_ResetBuffer
                0x00000000       0x16 keypad/keypad8.o
 .text.Keypad_WriteToBuffer
                0x00000000       0x86 keypad/keypad8.o
 .text.Keypad_InitNumpad
                0x00000000        0x8 keypad/keypad8.o
 .text.Keypad_GetMode
                0x00000000       0x22 keypad/keypad8.o
 .text.Keypad_UpdateKeyMode
                0x00000000       0x34 keypad/keypad8.o
 .text.addChar  0x00000000       0x32 keypad/keypad8.o
 .text.Keypad_AddKey
                0x00000000       0xec keypad/keypad8.o
 .bss.position  0x00000000        0x2 keypad/keypad8.o
 .bss.isUpperCase
                0x00000000        0x1 keypad/keypad8.o
 .bss.isNumber  0x00000000        0x1 keypad/keypad8.o
 COMMON         0x00000000       0x11 keypad/keypad8.o
 .text          0x00000000        0x0 keyprocessor.o
 .data          0x00000000        0x0 keyprocessor.o
 .bss           0x00000000        0x0 keyprocessor.o
 .rodata.str1.1
                0x00000000       0x24 keyprocessor.o
 .text.KeyProcessor_ProcessKey
                0x00000000       0x46 keyprocessor.o
 .debug_info    0x00000000      0x150 keyprocessor.o
 .debug_abbrev  0x00000000       0xa7 keyprocessor.o
 .debug_loc     0x00000000       0x9e keyprocessor.o
 .debug_aranges
                0x00000000       0x20 keyprocessor.o
 .debug_ranges  0x00000000       0x10 keyprocessor.o
 .debug_line    0x00000000      0x1ba keyprocessor.o
 .debug_str     0x00000000      0x256 keyprocessor.o
 .comment       0x00000000       0x31 keyprocessor.o
 .debug_frame   0x00000000       0x24 keyprocessor.o
 .text          0x00000000        0x0 lcd/lcdgeneric.o
 .data          0x00000000        0x0 lcd/lcdgeneric.o
 .bss           0x00000000        0x0 lcd/lcdgeneric.o
 .text.Lcd_PrintLine
                0x00000000       0x60 lcd/lcdgeneric.o
 .text          0x00000000        0x0 lcd/lcd_4bit.o
 .data          0x00000000        0x0 lcd/lcd_4bit.o
 .bss           0x00000000        0x0 lcd/lcd_4bit.o
 .text.Lcd4_Shift_Right
                0x00000000        0xe lcd/lcd_4bit.o
 .text.Lcd4_Shift_Left
                0x00000000        0xe lcd/lcd_4bit.o
 .text          0x00000000        0x0 lcd/lcd_i2cmaster.o
 .data          0x00000000        0x0 lcd/lcd_i2cmaster.o
 .bss           0x00000000        0x0 lcd/lcd_i2cmaster.o
 .text.lcd_home
                0x00000000       0x12 lcd/lcd_i2cmaster.o
 .text.lcd_puts_p
                0x00000000       0x24 lcd/lcd_i2cmaster.o
 .text.lcd_command
                0x00000000        0x8 lcd/lcd_i2cmaster.o
 .text.lcd_data
                0x00000000        0x8 lcd/lcd_i2cmaster.o
 .text          0x00000000        0x0 lm35/lm35.o
 .data          0x00000000        0x0 lm35/lm35.o
 .bss           0x00000000        0x0 lm35/lm35.o
 .text.Lm35_Init
                0x00000000        0xa lm35/lm35.o
 .text.Lm35_GetTemp
                0x00000000       0x50 lm35/lm35.o
 .rodata.str1.1
                0x00000000        0xe lm35/lm35.o
 .text.Lm35_PrintTemp
                0x00000000       0xb8 lm35/lm35.o
 .debug_info    0x00000000      0x2e6 lm35/lm35.o
 .debug_abbrev  0x00000000      0x18a lm35/lm35.o
 .debug_loc     0x00000000      0x186 lm35/lm35.o
 .debug_aranges
                0x00000000       0x30 lm35/lm35.o
 .debug_ranges  0x00000000       0x20 lm35/lm35.o
 .debug_line    0x00000000      0x1bd lm35/lm35.o
 .debug_str     0x00000000      0x274 lm35/lm35.o
 .comment       0x00000000       0x31 lm35/lm35.o
 .debug_frame   0x00000000       0x74 lm35/lm35.o
 .text          0x00000000        0x0 main.o
 .data          0x00000000        0x0 main.o
 .bss           0x00000000        0x0 main.o
 .text          0x00000000        0x0 patient/patient.o
 .data          0x00000000        0x0 patient/patient.o
 .bss           0x00000000        0x0 patient/patient.o
 .text.Patient_UpdateName
                0x00000000        0x6 patient/patient.o
 .text.Patient_UpdateAge
                0x00000000        0x8 patient/patient.o
 .text.Patient_UpdatePhone
                0x00000000        0x8 patient/patient.o
 .text.Patient_UpdateSerial
                0x00000000        0x8 patient/patient.o
 .bss.patientsCount
                0x00000000        0x2 patient/patient.o
 .debug_info    0x00000000      0x28a patient/patient.o
 .debug_abbrev  0x00000000      0x104 patient/patient.o
 .debug_loc     0x00000000       0xfe patient/patient.o
 .debug_aranges
                0x00000000       0x38 patient/patient.o
 .debug_ranges  0x00000000       0x28 patient/patient.o
 .debug_line    0x00000000      0x10f patient/patient.o
 .debug_str     0x00000000      0x27a patient/patient.o
 .comment       0x00000000       0x31 patient/patient.o
 .debug_frame   0x00000000       0x54 patient/patient.o
 COMMON         0x00000000       0x39 patient/patient.o
 .text          0x00000000        0x0 pir/pir.o
 .data          0x00000000        0x0 pir/pir.o
 .bss           0x00000000        0x0 pir/pir.o
 .rodata.str1.1
                0x00000000        0xd pir/pir.o
 .text.Pir_PrintCount
                0x00000000       0xb6 pir/pir.o
 .text.Pir_Init
                0x00000000        0x8 pir/pir.o
 .bss.entryCount
                0x00000000        0x2 pir/pir.o
 .debug_info    0x00000000      0x1ed pir/pir.o
 .debug_abbrev  0x00000000       0xee pir/pir.o
 .debug_loc     0x00000000       0x61 pir/pir.o
 .debug_aranges
                0x00000000       0x28 pir/pir.o
 .debug_ranges  0x00000000       0x18 pir/pir.o
 .debug_line    0x00000000      0x11c pir/pir.o
 .debug_str     0x00000000      0x208 pir/pir.o
 .comment       0x00000000       0x31 pir/pir.o
 .debug_frame   0x00000000       0x50 pir/pir.o
 .text          0x00000000        0x0 state/enteringage/enteringage.o
 .data          0x00000000        0x0 state/enteringage/enteringage.o
 .bss           0x00000000        0x0 state/enteringage/enteringage.o
 .rodata.str1.1
                0x00000000        0xb state/enteringage/enteringage.o
 .text.EnteringAge_Init
                0x00000000       0x2e state/enteringage/enteringage.o
 .text.EnteringAge_ProcessKey
                0x00000000       0x58 state/enteringage/enteringage.o
 .debug_info    0x00000000      0x2a3 state/enteringage/enteringage.o
 .debug_abbrev  0x00000000      0x114 state/enteringage/enteringage.o
 .debug_loc     0x00000000       0x53 state/enteringage/enteringage.o
 .debug_aranges
                0x00000000       0x28 state/enteringage/enteringage.o
 .debug_ranges  0x00000000       0x18 state/enteringage/enteringage.o
 .debug_line    0x00000000      0x20d state/enteringage/enteringage.o
 .debug_str     0x00000000      0x2c7 state/enteringage/enteringage.o
 .comment       0x00000000       0x31 state/enteringage/enteringage.o
 .debug_frame   0x00000000       0x34 state/enteringage/enteringage.o
 .text          0x00000000        0x0 state/enteringname/enteringname.o
 .data          0x00000000        0x0 state/enteringname/enteringname.o
 .bss           0x00000000        0x0 state/enteringname/enteringname.o
 .rodata.str1.1
                0x00000000        0xc state/enteringname/enteringname.o
 .text.EnteringName_Init
                0x00000000       0x3a state/enteringname/enteringname.o
 .text.EnteringName_ProcessKey
                0x00000000       0x58 state/enteringname/enteringname.o
 .debug_info    0x00000000      0x2e4 state/enteringname/enteringname.o
 .debug_abbrev  0x00000000      0x114 state/enteringname/enteringname.o
 .debug_loc     0x00000000       0x53 state/enteringname/enteringname.o
 .debug_aranges
                0x00000000       0x28 state/enteringname/enteringname.o
 .debug_ranges  0x00000000       0x18 state/enteringname/enteringname.o
 .debug_line    0x00000000      0x21a state/enteringname/enteringname.o
 .debug_str     0x00000000      0x2e2 state/enteringname/enteringname.o
 .comment       0x00000000       0x31 state/enteringname/enteringname.o
 .debug_frame   0x00000000       0x34 state/enteringname/enteringname.o
 .text          0x00000000        0x0 state/enteringphone/enteringphone.o
 .data          0x00000000        0x0 state/enteringphone/enteringphone.o
 .bss           0x00000000        0x0 state/enteringphone/enteringphone.o
 .rodata.str1.1
                0x00000000        0xa state/enteringphone/enteringphone.o
 .text.EnteringPhone_Init
                0x00000000       0x2e state/enteringphone/enteringphone.o
 .text.EnteringPhone_ProcessKey
                0x00000000       0x5c state/enteringphone/enteringphone.o
 .debug_info    0x00000000      0x2ac state/enteringphone/enteringphone.o
 .debug_abbrev  0x00000000      0x114 state/enteringphone/enteringphone.o
 .debug_loc     0x00000000       0x53 state/enteringphone/enteringphone.o
 .debug_aranges
                0x00000000       0x28 state/enteringphone/enteringphone.o
 .debug_ranges  0x00000000       0x18 state/enteringphone/enteringphone.o
 .debug_line    0x00000000      0x221 state/enteringphone/enteringphone.o
 .debug_str     0x00000000      0x2d1 state/enteringphone/enteringphone.o
 .comment       0x00000000       0x31 state/enteringphone/enteringphone.o
 .debug_frame   0x00000000       0x34 state/enteringphone/enteringphone.o
 .text          0x00000000        0x0 state/generateserial/generateserial.o
 .data          0x00000000        0x0 state/generateserial/generateserial.o
 .bss           0x00000000        0x0 state/generateserial/generateserial.o
 .text.Update_PatientsList
                0x00000000       0x68 state/generateserial/generateserial.o
 .text.Update_Serial
                0x00000000       0x82 state/generateserial/generateserial.o
 .rodata.str1.1
                0x00000000       0x29 state/generateserial/generateserial.o
 .text.GenerateSerial_Init
                0x00000000       0x3c state/generateserial/generateserial.o
 .text.Clear_CurrentPatient_Data
                0x00000000        0xc state/generateserial/generateserial.o
 .text.GenerateSerial_ProcessKey
                0x00000000       0x5e state/generateserial/generateserial.o
 .debug_info    0x00000000      0x51b state/generateserial/generateserial.o
 .debug_abbrev  0x00000000      0x215 state/generateserial/generateserial.o
 .debug_loc     0x00000000      0x153 state/generateserial/generateserial.o
 .debug_aranges
                0x00000000       0x40 state/generateserial/generateserial.o
 .debug_ranges  0x00000000       0x30 state/generateserial/generateserial.o
 .debug_line    0x00000000      0x2ee state/generateserial/generateserial.o
 .debug_str     0x00000000      0x343 state/generateserial/generateserial.o
 .comment       0x00000000       0x31 state/generateserial/generateserial.o
 .debug_frame   0x00000000       0x8c state/generateserial/generateserial.o
 .text          0x00000000        0x0 state/idle/idle.o
 .data          0x00000000        0x0 state/idle/idle.o
 .bss           0x00000000        0x0 state/idle/idle.o
 .text.Idle_ProcessKey
                0x00000000        0x8 state/idle/idle.o
 .rodata.str1.1
                0x00000000       0x16 state/idle/idle.o
 .text.Idle_Init
                0x00000000       0x38 state/idle/idle.o
 .debug_info    0x00000000      0x1ac state/idle/idle.o
 .debug_abbrev  0x00000000       0xb0 state/idle/idle.o
 .debug_loc     0x00000000       0x21 state/idle/idle.o
 .debug_aranges
                0x00000000       0x28 state/idle/idle.o
 .debug_ranges  0x00000000       0x18 state/idle/idle.o
 .debug_line    0x00000000      0x122 state/idle/idle.o
 .debug_str     0x00000000      0x207 state/idle/idle.o
 .comment       0x00000000       0x31 state/idle/idle.o
 .debug_frame   0x00000000       0x34 state/idle/idle.o
 .text          0x00000000        0x0 state/states.o
 .data          0x00000000        0x0 state/states.o
 .bss           0x00000000        0x0 state/states.o
 .rodata.str1.1
                0x00000000       0x20 state/states.o
 .text.States_GotoState
                0x00000000       0x4c state/states.o
 .debug_info    0x00000000      0x15a state/states.o
 .debug_abbrev  0x00000000       0xae state/states.o
 .debug_loc     0x00000000       0xbd state/states.o
 .debug_aranges
                0x00000000       0x20 state/states.o
 .debug_ranges  0x00000000       0x10 state/states.o
 .debug_line    0x00000000      0x1f3 state/states.o
 .debug_str     0x00000000      0x238 state/states.o
 .comment       0x00000000       0x31 state/states.o
 .debug_frame   0x00000000       0x2c state/states.o
 COMMON         0x00000000        0x1 state/states.o
 .text          0x00000000        0x0 store/store.o
 .data          0x00000000        0x0 store/store.o
 .bss           0x00000000        0x0 store/store.o
 .text.Store_Update
                0x00000000       0x56 store/store.o
 .debug_info    0x00000000      0x13f store/store.o
 .debug_abbrev  0x00000000       0xbc store/store.o
 .debug_loc     0x00000000       0x49 store/store.o
 .debug_aranges
                0x00000000       0x20 store/store.o
 .debug_ranges  0x00000000       0x10 store/store.o
 .debug_line    0x00000000       0xf7 store/store.o
 .debug_str     0x00000000      0x1d8 store/store.o
 .comment       0x00000000       0x31 store/store.o
 .debug_frame   0x00000000       0x38 store/store.o
 .text          0x00000000        0x0 twimaster.o
 .data          0x00000000        0x0 twimaster.o
 .bss           0x00000000        0x0 twimaster.o
 .text.i2c_start_wait
                0x00000000       0x3c twimaster.o
 .text.i2c_rep_start
                0x00000000        0x6 twimaster.o
 .text.i2c_readAck
                0x00000000        0xe twimaster.o
 .text.i2c_readNak
                0x00000000        0xe twimaster.o
 .text          0x00000000        0x0 c:/program files (x86)/atmel/studio/7.0/toolchain/avr8/avr8-gnu-toolchain/bin/../lib/gcc/avr/5.4.0/../../../../avr/lib/avr5\libm.a(addsf3.o)
 .data          0x00000000        0x0 c:/program files (x86)/atmel/studio/7.0/toolchain/avr8/avr8-gnu-toolchain/bin/../lib/gcc/avr/5.4.0/../../../../avr/lib/avr5\libm.a(addsf3.o)
 .bss           0x00000000        0x0 c:/program files (x86)/atmel/studio/7.0/toolchain/avr8/avr8-gnu-toolchain/bin/../lib/gcc/avr/5.4.0/../../../../avr/lib/avr5\libm.a(addsf3.o)
 .text.avr-libc.fplib
                0x00000000        0xe c:/program files (x86)/atmel/studio/7.0/toolchain/avr8/avr8-gnu-toolchain/bin/../lib/gcc/avr/5.4.0/../../../../avr/lib/avr5\libm.a(addsf3.o)
 .text          0x00000000        0x0 c:/program files (x86)/atmel/studio/7.0/toolchain/avr8/avr8-gnu-toolchain/bin/../lib/gcc/avr/5.4.0/../../../../avr/lib/avr5\libm.a(addsf3x.o)
 .data          0x00000000        0x0 c:/program files (x86)/atmel/studio/7.0/toolchain/avr8/avr8-gnu-toolchain/bin/../lib/gcc/avr/5.4.0/../../../../avr/lib/avr5\libm.a(addsf3x.o)
 .bss           0x00000000        0x0 c:/program files (x86)/atmel/studio/7.0/toolchain/avr8/avr8-gnu-toolchain/bin/../lib/gcc/avr/5.4.0/../../../../avr/lib/avr5\libm.a(addsf3x.o)
 .text.avr-libc.fplib
                0x00000000       0xcc c:/program files (x86)/atmel/studio/7.0/toolchain/avr8/avr8-gnu-toolchain/bin/../lib/gcc/avr/5.4.0/../../../../avr/lib/avr5\libm.a(addsf3x.o)
 .text          0x00000000        0x0 c:/program files (x86)/atmel/studio/7.0/toolchain/avr8/avr8-gnu-toolchain/bin/../lib/gcc/avr/5.4.0/../../../../avr/lib/avr5\libm.a(divsf3.o)
 .data          0x00000000        0x0 c:/program files (x86)/atmel/studio/7.0/toolchain/avr8/avr8-gnu-toolchain/bin/../lib/gcc/avr/5.4.0/../../../../avr/lib/avr5\libm.a(divsf3.o)
 .bss           0x00000000        0x0 c:/program files (x86)/atmel/studio/7.0/toolchain/avr8/avr8-gnu-toolchain/bin/../lib/gcc/avr/5.4.0/../../../../avr/lib/avr5\libm.a(divsf3.o)
 .text.avr-libc.fplib
                0x00000000        0x8 c:/program files (x86)/atmel/studio/7.0/toolchain/avr8/avr8-gnu-toolchain/bin/../lib/gcc/avr/5.4.0/../../../../avr/lib/avr5\libm.a(divsf3.o)
 .text          0x00000000        0x0 c:/program files (x86)/atmel/studio/7.0/toolchain/avr8/avr8-gnu-toolchain/bin/../lib/gcc/avr/5.4.0/../../../../avr/lib/avr5\libm.a(divsf3x.o)
 .data          0x00000000        0x0 c:/program files (x86)/atmel/studio/7.0/toolchain/avr8/avr8-gnu-toolchain/bin/../lib/gcc/avr/5.4.0/../../../../avr/lib/avr5\libm.a(divsf3x.o)
 .bss           0x00000000        0x0 c:/program files (x86)/atmel/studio/7.0/toolchain/avr8/avr8-gnu-toolchain/bin/../lib/gcc/avr/5.4.0/../../../../avr/lib/avr5\libm.a(divsf3x.o)
 .text.avr-libc.fplib
                0x00000000       0xdc c:/program files (x86)/atmel/studio/7.0/toolchain/avr8/avr8-gnu-toolchain/bin/../lib/gcc/avr/5.4.0/../../../../avr/lib/avr5\libm.a(divsf3x.o)
 .text          0x00000000        0x0 c:/program files (x86)/atmel/studio/7.0/toolchain/avr8/avr8-gnu-toolchain/bin/../lib/gcc/avr/5.4.0/../../../../avr/lib/avr5\libm.a(floatsisf.o)
 .data          0x00000000        0x0 c:/program files (x86)/atmel/studio/7.0/toolchain/avr8/avr8-gnu-toolchain/bin/../lib/gcc/avr/5.4.0/../../../../avr/lib/avr5\libm.a(floatsisf.o)
 .bss           0x00000000        0x0 c:/program files (x86)/atmel/studio/7.0/toolchain/avr8/avr8-gnu-toolchain/bin/../lib/gcc/avr/5.4.0/../../../../avr/lib/avr5\libm.a(floatsisf.o)
 .text.avr-libc.fplib
                0x00000000       0x7a c:/program files (x86)/atmel/studio/7.0/toolchain/avr8/avr8-gnu-toolchain/bin/../lib/gcc/avr/5.4.0/../../../../avr/lib/avr5\libm.a(floatsisf.o)
 .text          0x00000000        0x0 c:/program files (x86)/atmel/studio/7.0/toolchain/avr8/avr8-gnu-toolchain/bin/../lib/gcc/avr/5.4.0/../../../../avr/lib/avr5\libm.a(fp_inf.o)
 .data          0x00000000        0x0 c:/program files (x86)/atmel/studio/7.0/toolchain/avr8/avr8-gnu-toolchain/bin/../lib/gcc/avr/5.4.0/../../../../avr/lib/avr5\libm.a(fp_inf.o)
 .bss           0x00000000        0x0 c:/program files (x86)/atmel/studio/7.0/toolchain/avr8/avr8-gnu-toolchain/bin/../lib/gcc/avr/5.4.0/../../../../avr/lib/avr5\libm.a(fp_inf.o)
 .text.avr-libc.fplib
                0x00000000        0xc c:/program files (x86)/atmel/studio/7.0/toolchain/avr8/avr8-gnu-toolchain/bin/../lib/gcc/avr/5.4.0/../../../../avr/lib/avr5\libm.a(fp_inf.o)
 .text          0x00000000        0x0 c:/program files (x86)/atmel/studio/7.0/toolchain/avr8/avr8-gnu-toolchain/bin/../lib/gcc/avr/5.4.0/../../../../avr/lib/avr5\libm.a(fp_nan.o)
 .data          0x00000000        0x0 c:/program files (x86)/atmel/studio/7.0/toolchain/avr8/avr8-gnu-toolchain/bin/../lib/gcc/avr/5.4.0/../../../../avr/lib/avr5\libm.a(fp_nan.o)
 .bss           0x00000000        0x0 c:/program files (x86)/atmel/studio/7.0/toolchain/avr8/avr8-gnu-toolchain/bin/../lib/gcc/avr/5.4.0/../../../../avr/lib/avr5\libm.a(fp_nan.o)
 .text.avr-libc.fplib
                0x00000000        0x6 c:/program files (x86)/atmel/studio/7.0/toolchain/avr8/avr8-gnu-toolchain/bin/../lib/gcc/avr/5.4.0/../../../../avr/lib/avr5\libm.a(fp_nan.o)
 .text          0x00000000        0x0 c:/program files (x86)/atmel/studio/7.0/toolchain/avr8/avr8-gnu-toolchain/bin/../lib/gcc/avr/5.4.0/../../../../avr/lib/avr5\libm.a(fp_pscA.o)
 .data          0x00000000        0x0 c:/program files (x86)/atmel/studio/7.0/toolchain/avr8/avr8-gnu-toolchain/bin/../lib/gcc/avr/5.4.0/../../../../avr/lib/avr5\libm.a(fp_pscA.o)
 .bss           0x00000000        0x0 c:/program files (x86)/atmel/studio/7.0/toolchain/avr8/avr8-gnu-toolchain/bin/../lib/gcc/avr/5.4.0/../../../../avr/lib/avr5\libm.a(fp_pscA.o)
 .text.avr-libc.fplib
                0x00000000        0xe c:/program files (x86)/atmel/studio/7.0/toolchain/avr8/avr8-gnu-toolchain/bin/../lib/gcc/avr/5.4.0/../../../../avr/lib/avr5\libm.a(fp_pscA.o)
 .text          0x00000000        0x0 c:/program files (x86)/atmel/studio/7.0/toolchain/avr8/avr8-gnu-toolchain/bin/../lib/gcc/avr/5.4.0/../../../../avr/lib/avr5\libm.a(fp_pscB.o)
 .data          0x00000000        0x0 c:/program files (x86)/atmel/studio/7.0/toolchain/avr8/avr8-gnu-toolchain/bin/../lib/gcc/avr/5.4.0/../../../../avr/lib/avr5\libm.a(fp_pscB.o)
 .bss           0x00000000        0x0 c:/program files (x86)/atmel/studio/7.0/toolchain/avr8/avr8-gnu-toolchain/bin/../lib/gcc/avr/5.4.0/../../../../avr/lib/avr5\libm.a(fp_pscB.o)
 .text.avr-libc.fplib
                0x00000000        0xe c:/program files (x86)/atmel/studio/7.0/toolchain/avr8/avr8-gnu-toolchain/bin/../lib/gcc/avr/5.4.0/../../../../avr/lib/avr5\libm.a(fp_pscB.o)
 .text          0x00000000        0x0 c:/program files (x86)/atmel/studio/7.0/toolchain/avr8/avr8-gnu-toolchain/bin/../lib/gcc/avr/5.4.0/../../../../avr/lib/avr5\libm.a(fp_round.o)
 .data          0x00000000        0x0 c:/program files (x86)/atmel/studio/7.0/toolchain/avr8/avr8-gnu-toolchain/bin/../lib/gcc/avr/5.4.0/../../../../avr/lib/avr5\libm.a(fp_round.o)
 .bss           0x00000000        0x0 c:/program files (x86)/atmel/studio/7.0/toolchain/avr8/avr8-gnu-toolchain/bin/../lib/gcc/avr/5.4.0/../../../../avr/lib/avr5\libm.a(fp_round.o)
 .text.avr-libc.fplib
                0x00000000       0x22 c:/program files (x86)/atmel/studio/7.0/toolchain/avr8/avr8-gnu-toolchain/bin/../lib/gcc/avr/5.4.0/../../../../avr/lib/avr5\libm.a(fp_round.o)
 .text          0x00000000        0x0 c:/program files (x86)/atmel/studio/7.0/toolchain/avr8/avr8-gnu-toolchain/bin/../lib/gcc/avr/5.4.0/../../../../avr/lib/avr5\libm.a(fp_split3.o)
 .data          0x00000000        0x0 c:/program files (x86)/atmel/studio/7.0/toolchain/avr8/avr8-gnu-toolchain/bin/../lib/gcc/avr/5.4.0/../../../../avr/lib/avr5\libm.a(fp_split3.o)
 .bss           0x00000000        0x0 c:/program files (x86)/atmel/studio/7.0/toolchain/avr8/avr8-gnu-toolchain/bin/../lib/gcc/avr/5.4.0/../../../../avr/lib/avr5\libm.a(fp_split3.o)
 .text.avr-libc.fplib
                0x00000000       0x44 c:/program files (x86)/atmel/studio/7.0/toolchain/avr8/avr8-gnu-toolchain/bin/../lib/gcc/avr/5.4.0/../../../../avr/lib/avr5\libm.a(fp_split3.o)
 .text          0x00000000        0x0 c:/program files (x86)/atmel/studio/7.0/toolchain/avr8/avr8-gnu-toolchain/bin/../lib/gcc/avr/5.4.0/../../../../avr/lib/avr5\libm.a(fp_zero.o)
 .data          0x00000000        0x0 c:/program files (x86)/atmel/studio/7.0/toolchain/avr8/avr8-gnu-toolchain/bin/../lib/gcc/avr/5.4.0/../../../../avr/lib/avr5\libm.a(fp_zero.o)
 .bss           0x00000000        0x0 c:/program files (x86)/atmel/studio/7.0/toolchain/avr8/avr8-gnu-toolchain/bin/../lib/gcc/avr/5.4.0/../../../../avr/lib/avr5\libm.a(fp_zero.o)
 .text.avr-libc.fplib
                0x00000000        0xe c:/program files (x86)/atmel/studio/7.0/toolchain/avr8/avr8-gnu-toolchain/bin/../lib/gcc/avr/5.4.0/../../../../avr/lib/avr5\libm.a(fp_zero.o)
 .text          0x00000000        0x0 c:/program files (x86)/atmel/studio/7.0/toolchain/avr8/avr8-gnu-toolchain/bin/../lib/gcc/avr/5.4.0/../../../../avr/lib/avr5\libm.a(mulsf3.o)
 .data          0x00000000        0x0 c:/program files (x86)/atmel/studio/7.0/toolchain/avr8/avr8-gnu-toolchain/bin/../lib/gcc/avr/5.4.0/../../../../avr/lib/avr5\libm.a(mulsf3.o)
 .bss           0x00000000        0x0 c:/program files (x86)/atmel/studio/7.0/toolchain/avr8/avr8-gnu-toolchain/bin/../lib/gcc/avr/5.4.0/../../../../avr/lib/avr5\libm.a(mulsf3.o)
 .text.avr-libc.fplib
                0x00000000        0x8 c:/program files (x86)/atmel/studio/7.0/toolchain/avr8/avr8-gnu-toolchain/bin/../lib/gcc/avr/5.4.0/../../../../avr/lib/avr5\libm.a(mulsf3.o)
 .text          0x00000000        0x0 c:/program files (x86)/atmel/studio/7.0/toolchain/avr8/avr8-gnu-toolchain/bin/../lib/gcc/avr/5.4.0/../../../../avr/lib/avr5\libm.a(mulsf3x.o)
 .data          0x00000000        0x0 c:/program files (x86)/atmel/studio/7.0/toolchain/avr8/avr8-gnu-toolchain/bin/../lib/gcc/avr/5.4.0/../../../../avr/lib/avr5\libm.a(mulsf3x.o)
 .bss           0x00000000        0x0 c:/program files (x86)/atmel/studio/7.0/toolchain/avr8/avr8-gnu-toolchain/bin/../lib/gcc/avr/5.4.0/../../../../avr/lib/avr5\libm.a(mulsf3x.o)
 .text.avr-libc.fplib
                0x00000000       0xd2 c:/program files (x86)/atmel/studio/7.0/toolchain/avr8/avr8-gnu-toolchain/bin/../lib/gcc/avr/5.4.0/../../../../avr/lib/avr5\libm.a(mulsf3x.o)
 .text          0x00000000        0x0 c:/program files (x86)/atmel/studio/7.0/toolchain/avr8/avr8-gnu-toolchain/bin/../lib/gcc/avr/5.4.0/avr5\libgcc.a(_exit.o)
 .data          0x00000000        0x0 c:/program files (x86)/atmel/studio/7.0/toolchain/avr8/avr8-gnu-toolchain/bin/../lib/gcc/avr/5.4.0/avr5\libgcc.a(_exit.o)
 .bss           0x00000000        0x0 c:/program files (x86)/atmel/studio/7.0/toolchain/avr8/avr8-gnu-toolchain/bin/../lib/gcc/avr/5.4.0/avr5\libgcc.a(_exit.o)
 .text.libgcc.mul
                0x00000000        0x0 c:/program files (x86)/atmel/studio/7.0/toolchain/avr8/avr8-gnu-toolchain/bin/../lib/gcc/avr/5.4.0/avr5\libgcc.a(_exit.o)
 .text.libgcc.div
                0x00000000        0x0 c:/program files (x86)/atmel/studio/7.0/toolchain/avr8/avr8-gnu-toolchain/bin/../lib/gcc/avr/5.4.0/avr5\libgcc.a(_exit.o)
 .text.libgcc   0x00000000        0x0 c:/program files (x86)/atmel/studio/7.0/toolchain/avr8/avr8-gnu-toolchain/bin/../lib/gcc/avr/5.4.0/avr5\libgcc.a(_exit.o)
 .text.libgcc.prologue
                0x00000000        0x0 c:/program files (x86)/atmel/studio/7.0/toolchain/avr8/avr8-gnu-toolchain/bin/../lib/gcc/avr/5.4.0/avr5\libgcc.a(_exit.o)
 .text.libgcc.builtins
                0x00000000        0x0 c:/program files (x86)/atmel/studio/7.0/toolchain/avr8/avr8-gnu-toolchain/bin/../lib/gcc/avr/5.4.0/avr5\libgcc.a(_exit.o)
 .text.libgcc.fmul
                0x00000000        0x0 c:/program files (x86)/atmel/studio/7.0/toolchain/avr8/avr8-gnu-toolchain/bin/../lib/gcc/avr/5.4.0/avr5\libgcc.a(_exit.o)
 .text.libgcc.fixed
                0x00000000        0x0 c:/program files (x86)/atmel/studio/7.0/toolchain/avr8/avr8-gnu-toolchain/bin/../lib/gcc/avr/5.4.0/avr5\libgcc.a(_exit.o)
 .text          0x00000000        0x0 c:/program files (x86)/atmel/studio/7.0/toolchain/avr8/avr8-gnu-toolchain/bin/../lib/gcc/avr/5.4.0/avr5\libgcc.a(_copy_data.o)
 .data          0x00000000        0x0 c:/program files (x86)/atmel/studio/7.0/toolchain/avr8/avr8-gnu-toolchain/bin/../lib/gcc/avr/5.4.0/avr5\libgcc.a(_copy_data.o)
 .bss           0x00000000        0x0 c:/program files (x86)/atmel/studio/7.0/toolchain/avr8/avr8-gnu-toolchain/bin/../lib/gcc/avr/5.4.0/avr5\libgcc.a(_copy_data.o)
 .text.libgcc.mul
                0x00000000        0x0 c:/program files (x86)/atmel/studio/7.0/toolchain/avr8/avr8-gnu-toolchain/bin/../lib/gcc/avr/5.4.0/avr5\libgcc.a(_copy_data.o)
 .text.libgcc.div
                0x00000000        0x0 c:/program files (x86)/atmel/studio/7.0/toolchain/avr8/avr8-gnu-toolchain/bin/../lib/gcc/avr/5.4.0/avr5\libgcc.a(_copy_data.o)
 .text.libgcc   0x00000000        0x0 c:/program files (x86)/atmel/studio/7.0/toolchain/avr8/avr8-gnu-toolchain/bin/../lib/gcc/avr/5.4.0/avr5\libgcc.a(_copy_data.o)
 .text.libgcc.prologue
                0x00000000        0x0 c:/program files (x86)/atmel/studio/7.0/toolchain/avr8/avr8-gnu-toolchain/bin/../lib/gcc/avr/5.4.0/avr5\libgcc.a(_copy_data.o)
 .text.libgcc.builtins
                0x00000000        0x0 c:/program files (x86)/atmel/studio/7.0/toolchain/avr8/avr8-gnu-toolchain/bin/../lib/gcc/avr/5.4.0/avr5\libgcc.a(_copy_data.o)
 .text.libgcc.fmul
                0x00000000        0x0 c:/program files (x86)/atmel/studio/7.0/toolchain/avr8/avr8-gnu-toolchain/bin/../lib/gcc/avr/5.4.0/avr5\libgcc.a(_copy_data.o)
 .text.libgcc.fixed
                0x00000000        0x0 c:/program files (x86)/atmel/studio/7.0/toolchain/avr8/avr8-gnu-toolchain/bin/../lib/gcc/avr/5.4.0/avr5\libgcc.a(_copy_data.o)
 .text          0x00000000        0x0 c:/program files (x86)/atmel/studio/7.0/toolchain/avr8/avr8-gnu-toolchain/bin/../lib/gcc/avr/5.4.0/avr5\libgcc.a(_clear_bss.o)
 .data          0x00000000        0x0 c:/program files (x86)/atmel/studio/7.0/toolchain/avr8/avr8-gnu-toolchain/bin/../lib/gcc/avr/5.4.0/avr5\libgcc.a(_clear_bss.o)
 .bss           0x00000000        0x0 c:/program files (x86)/atmel/studio/7.0/toolchain/avr8/avr8-gnu-toolchain/bin/../lib/gcc/avr/5.4.0/avr5\libgcc.a(_clear_bss.o)
 .text.libgcc.mul
                0x00000000        0x0 c:/program files (x86)/atmel/studio/7.0/toolchain/avr8/avr8-gnu-toolchain/bin/../lib/gcc/avr/5.4.0/avr5\libgcc.a(_clear_bss.o)
 .text.libgcc.div
                0x00000000        0x0 c:/program files (x86)/atmel/studio/7.0/toolchain/avr8/avr8-gnu-toolchain/bin/../lib/gcc/avr/5.4.0/avr5\libgcc.a(_clear_bss.o)
 .text.libgcc   0x00000000        0x0 c:/program files (x86)/atmel/studio/7.0/toolchain/avr8/avr8-gnu-toolchain/bin/../lib/gcc/avr/5.4.0/avr5\libgcc.a(_clear_bss.o)
 .text.libgcc.prologue
                0x00000000        0x0 c:/program files (x86)/atmel/studio/7.0/toolchain/avr8/avr8-gnu-toolchain/bin/../lib/gcc/avr/5.4.0/avr5\libgcc.a(_clear_bss.o)
 .text.libgcc.builtins
                0x00000000        0x0 c:/program files (x86)/atmel/studio/7.0/toolchain/avr8/avr8-gnu-toolchain/bin/../lib/gcc/avr/5.4.0/avr5\libgcc.a(_clear_bss.o)
 .text.libgcc.fmul
                0x00000000        0x0 c:/program files (x86)/atmel/studio/7.0/toolchain/avr8/avr8-gnu-toolchain/bin/../lib/gcc/avr/5.4.0/avr5\libgcc.a(_clear_bss.o)
 .text.libgcc.fixed
                0x00000000        0x0 c:/program files (x86)/atmel/studio/7.0/toolchain/avr8/avr8-gnu-toolchain/bin/../lib/gcc/avr/5.4.0/avr5\libgcc.a(_clear_bss.o)
 .text          0x00000000        0x0 c:/program files (x86)/atmel/studio/7.0/toolchain/avr8/avr8-gnu-toolchain/bin/../lib/gcc/avr/5.4.0/../../../../avr/lib/avr5\libc.a(dtostrf.o)
 .data          0x00000000        0x0 c:/program files (x86)/atmel/studio/7.0/toolchain/avr8/avr8-gnu-toolchain/bin/../lib/gcc/avr/5.4.0/../../../../avr/lib/avr5\libc.a(dtostrf.o)
 .bss           0x00000000        0x0 c:/program files (x86)/atmel/studio/7.0/toolchain/avr8/avr8-gnu-toolchain/bin/../lib/gcc/avr/5.4.0/../../../../avr/lib/avr5\libc.a(dtostrf.o)
 .text.avr-libc
                0x00000000       0x40 c:/program files (x86)/atmel/studio/7.0/toolchain/avr8/avr8-gnu-toolchain/bin/../lib/gcc/avr/5.4.0/../../../../avr/lib/avr5\libc.a(dtostrf.o)
 .comment       0x00000000       0x31 c:/program files (x86)/atmel/studio/7.0/toolchain/avr8/avr8-gnu-toolchain/bin/../lib/gcc/avr/5.4.0/../../../../avr/lib/avr5\libc.a(dtostrf.o)
 .text          0x00000000        0x0 c:/program files (x86)/atmel/studio/7.0/toolchain/avr8/avr8-gnu-toolchain/bin/../lib/gcc/avr/5.4.0/../../../../avr/lib/avr5\libc.a(malloc.o)
 .data          0x00000000        0x6 c:/program files (x86)/atmel/studio/7.0/toolchain/avr8/avr8-gnu-toolchain/bin/../lib/gcc/avr/5.4.0/../../../../avr/lib/avr5\libc.a(malloc.o)
 .bss           0x00000000        0x0 c:/program files (x86)/atmel/studio/7.0/toolchain/avr8/avr8-gnu-toolchain/bin/../lib/gcc/avr/5.4.0/../../../../avr/lib/avr5\libc.a(malloc.o)
 .text.avr-libc
                0x00000000      0x242 c:/program files (x86)/atmel/studio/7.0/toolchain/avr8/avr8-gnu-toolchain/bin/../lib/gcc/avr/5.4.0/../../../../avr/lib/avr5\libc.a(malloc.o)
 .comment       0x00000000       0x31 c:/program files (x86)/atmel/studio/7.0/toolchain/avr8/avr8-gnu-toolchain/bin/../lib/gcc/avr/5.4.0/../../../../avr/lib/avr5\libc.a(malloc.o)
 COMMON         0x00000000        0x4 c:/program files (x86)/atmel/studio/7.0/toolchain/avr8/avr8-gnu-toolchain/bin/../lib/gcc/avr/5.4.0/../../../../avr/lib/avr5\libc.a(malloc.o)
 .text          0x00000000        0x0 c:/program files (x86)/atmel/studio/7.0/toolchain/avr8/avr8-gnu-toolchain/bin/../lib/gcc/avr/5.4.0/../../../../avr/lib/avr5\libc.a(strcpy.o)
 .data          0x00000000        0x0 c:/program files (x86)/atmel/studio/7.0/toolchain/avr8/avr8-gnu-toolchain/bin/../lib/gcc/avr/5.4.0/../../../../avr/lib/avr5\libc.a(strcpy.o)
 .bss           0x00000000        0x0 c:/program files (x86)/atmel/studio/7.0/toolchain/avr8/avr8-gnu-toolchain/bin/../lib/gcc/avr/5.4.0/../../../../avr/lib/avr5\libc.a(strcpy.o)
 .text.avr-libc
                0x00000000        0xe c:/program files (x86)/atmel/studio/7.0/toolchain/avr8/avr8-gnu-toolchain/bin/../lib/gcc/avr/5.4.0/../../../../avr/lib/avr5\libc.a(strcpy.o)
 .text          0x00000000        0x0 c:/program files (x86)/atmel/studio/7.0/toolchain/avr8/avr8-gnu-toolchain/bin/../lib/gcc/avr/5.4.0/../../../../avr/lib/avr5\libc.a(dtoa_prf.o)
 .data          0x00000000        0x0 c:/program files (x86)/atmel/studio/7.0/toolchain/avr8/avr8-gnu-toolchain/bin/../lib/gcc/avr/5.4.0/../../../../avr/lib/avr5\libc.a(dtoa_prf.o)
 .bss           0x00000000        0x0 c:/program files (x86)/atmel/studio/7.0/toolchain/avr8/avr8-gnu-toolchain/bin/../lib/gcc/avr/5.4.0/../../../../avr/lib/avr5\libc.a(dtoa_prf.o)
 .text.avr-libc
                0x00000000      0x2b4 c:/program files (x86)/atmel/studio/7.0/toolchain/avr8/avr8-gnu-toolchain/bin/../lib/gcc/avr/5.4.0/../../../../avr/lib/avr5\libc.a(dtoa_prf.o)
 .comment       0x00000000       0x31 c:/program files (x86)/atmel/studio/7.0/toolchain/avr8/avr8-gnu-toolchain/bin/../lib/gcc/avr/5.4.0/../../../../avr/lib/avr5\libc.a(dtoa_prf.o)
 .text          0x00000000        0x0 c:/program files (x86)/atmel/studio/7.0/toolchain/avr8/avr8-gnu-toolchain/bin/../lib/gcc/avr/5.4.0/../../../../avr/lib/avr5\libc.a(ftoa_engine.o)
 .data          0x00000000        0x0 c:/program files (x86)/atmel/studio/7.0/toolchain/avr8/avr8-gnu-toolchain/bin/../lib/gcc/avr/5.4.0/../../../../avr/lib/avr5\libc.a(ftoa_engine.o)
 .bss           0x00000000        0x0 c:/program files (x86)/atmel/studio/7.0/toolchain/avr8/avr8-gnu-toolchain/bin/../lib/gcc/avr/5.4.0/../../../../avr/lib/avr5\libc.a(ftoa_engine.o)
 .text.avr-libc
                0x00000000      0x1b0 c:/program files (x86)/atmel/studio/7.0/toolchain/avr8/avr8-gnu-toolchain/bin/../lib/gcc/avr/5.4.0/../../../../avr/lib/avr5\libc.a(ftoa_engine.o)
 .progmem.data  0x00000000       0xfa c:/program files (x86)/atmel/studio/7.0/toolchain/avr8/avr8-gnu-toolchain/bin/../lib/gcc/avr/5.4.0/../../../../avr/lib/avr5\libc.a(ftoa_engine.o)
 .text          0x00000000        0x0 c:/program files (x86)/atmel/studio/7.0/toolchain/avr8/avr8-gnu-toolchain/bin/../lib/gcc/avr/5.4.0/avr5\libgcc.a(_prologue.o)
 .data          0x00000000        0x0 c:/program files (x86)/atmel/studio/7.0/toolchain/avr8/avr8-gnu-toolchain/bin/../lib/gcc/avr/5.4.0/avr5\libgcc.a(_prologue.o)
 .bss           0x00000000        0x0 c:/program files (x86)/atmel/studio/7.0/toolchain/avr8/avr8-gnu-toolchain/bin/../lib/gcc/avr/5.4.0/avr5\libgcc.a(_prologue.o)
 .text.libgcc.mul
                0x00000000        0x0 c:/program files (x86)/atmel/studio/7.0/toolchain/avr8/avr8-gnu-toolchain/bin/../lib/gcc/avr/5.4.0/avr5\libgcc.a(_prologue.o)
 .text.libgcc.div
                0x00000000        0x0 c:/program files (x86)/atmel/studio/7.0/toolchain/avr8/avr8-gnu-toolchain/bin/../lib/gcc/avr/5.4.0/avr5\libgcc.a(_prologue.o)
 .text.libgcc   0x00000000        0x0 c:/program files (x86)/atmel/studio/7.0/toolchain/avr8/avr8-gnu-toolchain/bin/../lib/gcc/avr/5.4.0/avr5\libgcc.a(_prologue.o)
 .text.libgcc.prologue
                0x00000000       0x38 c:/program files (x86)/atmel/studio/7.0/toolchain/avr8/avr8-gnu-toolchain/bin/../lib/gcc/avr/5.4.0/avr5\libgcc.a(_prologue.o)
 .text.libgcc.builtins
                0x00000000        0x0 c:/program files (x86)/atmel/studio/7.0/toolchain/avr8/avr8-gnu-toolchain/bin/../lib/gcc/avr/5.4.0/avr5\libgcc.a(_prologue.o)
 .text.libgcc.fmul
                0x00000000        0x0 c:/program files (x86)/atmel/studio/7.0/toolchain/avr8/avr8-gnu-toolchain/bin/../lib/gcc/avr/5.4.0/avr5\libgcc.a(_prologue.o)
 .text.libgcc.fixed
                0x00000000        0x0 c:/program files (x86)/atmel/studio/7.0/toolchain/avr8/avr8-gnu-toolchain/bin/../lib/gcc/avr/5.4.0/avr5\libgcc.a(_prologue.o)
 .text          0x00000000        0x0 c:/program files (x86)/atmel/studio/7.0/toolchain/avr8/avr8-gnu-toolchain/bin/../lib/gcc/avr/5.4.0/avr5\libgcc.a(_epilogue.o)
 .data          0x00000000        0x0 c:/program files (x86)/atmel/studio/7.0/toolchain/avr8/avr8-gnu-toolchain/bin/../lib/gcc/avr/5.4.0/avr5\libgcc.a(_epilogue.o)
 .bss           0x00000000        0x0 c:/program files (x86)/atmel/studio/7.0/toolchain/avr8/avr8-gnu-toolchain/bin/../lib/gcc/avr/5.4.0/avr5\libgcc.a(_epilogue.o)
 .text.libgcc.mul
                0x00000000        0x0 c:/program files (x86)/atmel/studio/7.0/toolchain/avr8/avr8-gnu-toolchain/bin/../lib/gcc/avr/5.4.0/avr5\libgcc.a(_epilogue.o)
 .text.libgcc.div
                0x00000000        0x0 c:/program files (x86)/atmel/studio/7.0/toolchain/avr8/avr8-gnu-toolchain/bin/../lib/gcc/avr/5.4.0/avr5\libgcc.a(_epilogue.o)
 .text.libgcc   0x00000000        0x0 c:/program files (x86)/atmel/studio/7.0/toolchain/avr8/avr8-gnu-toolchain/bin/../lib/gcc/avr/5.4.0/avr5\libgcc.a(_epilogue.o)
 .text.libgcc.prologue
                0x00000000       0x36 c:/program files (x86)/atmel/studio/7.0/toolchain/avr8/avr8-gnu-toolchain/bin/../lib/gcc/avr/5.4.0/avr5\libgcc.a(_epilogue.o)
 .text.libgcc.builtins
                0x00000000        0x0 c:/program files (x86)/atmel/studio/7.0/toolchain/avr8/avr8-gnu-toolchain/bin/../lib/gcc/avr/5.4.0/avr5\libgcc.a(_epilogue.o)
 .text.libgcc.fmul
                0x00000000        0x0 c:/program files (x86)/atmel/studio/7.0/toolchain/avr8/avr8-gnu-toolchain/bin/../lib/gcc/avr/5.4.0/avr5\libgcc.a(_epilogue.o)
 .text.libgcc.fixed
                0x00000000        0x0 c:/program files (x86)/atmel/studio/7.0/toolchain/avr8/avr8-gnu-toolchain/bin/../lib/gcc/avr/5.4.0/avr5\libgcc.a(_epilogue.o)

Memory Configuration

Name             Origin             Length             Attributes
text             0x00000000         0x00008000         xr
data             0x00800060         0x00000800         rw !x
eeprom           0x00810000         0x00000400         rw !x
fuse             0x00820000         0x00000002         rw !x
lock             0x00830000         0x00000400         rw !x
signature        0x00840000         0x00000400         rw !x
user_signatures  0x00850000         0x00000400         rw !x
*default*        0x00000000         0xffffffff

Linker script and memory map

LOAD C:/Program Files (x86)/Atmel/Studio/7.0/Packs/atmel/ATmega_DFP/1.6.364/gcc/dev/atmega32a/avr5/crtatmega32a.o
LOAD error.o
LOAD hc05/hc05.o
LOAD keypad/keypad8.o
LOAD keyprocessor.o
LOAD lcd/lcdgeneric.o
LOAD lcd/lcd_4bit.o
LOAD lcd/lcd_i2cmaster.o
LOAD lm35/lm35.o
LOAD main.o
LOAD patient/patient.o
LOAD pir/pir.o
LOAD state/enteringage/enteringage.o
LOAD state/enteringname/enteringname.o
LOAD state/enteringphone/enteringphone.o
LOAD state/generateserial/generateserial.o
LOAD state/idle/idle.o
LOAD state/states.o
LOAD store/store.o
LOAD twimaster.o
START GROUP
LOAD c:/program files (x86)/atmel/studio/7.0/toolchain/avr8/avr8-gnu-toolchain/bin/../lib/gcc/avr/5.4.0/../../../../avr/lib/avr5\libm.a
END GROUP
START GROUP
LOAD c:/program files (x86)/atmel/studio/7.0/toolchain/avr8/avr8-gnu-toolchain/bin/../lib/gcc/avr/5.4.0/avr5\libgcc.a
LOAD c:/program files (x86)/atmel/studio/7.0/toolchain/avr8/avr8-gnu-toolchain/bin/../lib/gcc/avr/5.4.0/../../../../avr/lib/avr5\libm.a
LOAD c:/program files (x86)/atmel/studio/7.0/toolchain/avr8/avr8-gnu-toolchain/bin/../lib/gcc/avr/5.4.0/../../../../avr/lib/avr5\libc.a
LOAD C:/Program Files (x86)/Atmel/Studio/7.0/Packs/atmel/ATmega_DFP/1.6.364/gcc/dev/atmega32a/avr5\libatmega32a.a
END GROUP
                [0x00000000]                __TEXT_REGION_ORIGIN__ = DEFINED (__TEXT_REGION_ORIGIN__)?__TEXT_REGION_ORIGIN__:0x0
                [0x00800060]                __DATA_REGION_ORIGIN__ = DEFINED (__DATA_REGION_ORIGIN__)?__DATA_REGION_ORIGIN__:0x800060
                [0x00008000]                __TEXT_REGION_LENGTH__ = DEFINED (__TEXT_REGION_LENGTH__)?__TEXT_REGION_LENGTH__:0x20000
                [0x00000800]                __DATA_REGION_LENGTH__ = DEFINED (__DATA_REGION_LENGTH__)?__DATA_REGION_LENGTH__:0xffa0
                [0x00000400]                __EEPROM_REGION_LENGTH__ = DEFINED (__EEPROM_REGION_LENGTH__)?__EEPROM_REGION_LENGTH__:0x10000
                [0x00000002]                __FUSE_REGION_LENGTH__ = DEFINED (__FUSE_REGION_LENGTH__)?__FUSE_REGION_LENGTH__:0x400
                0x00000400                __LOCK_REGION_LENGTH__ = DEFINED (__LOCK_REGION_LENGTH__)?__LOCK_REGION_LENGTH__:0x400
                0x00000400                __SIGNATURE_REGION_LENGTH__ = DEFINED (__SIGNATURE_REGION_LENGTH__)?__SIGNATURE_REGION_LENGTH__:0x400
                0x00000400                __USER_SIGNATURE_REGION_LENGTH__ = DEFINED (__USER_SIGNATURE_REGION_LENGTH__)?__USER_SIGNATURE_REGION_LENGTH__:0x400

.hash
 *(.hash)

.dynsym
 *(.dynsym)

.dynstr
 *(.dynstr)

.gnu.version
 *(.gnu.version)

.gnu.version_d
 *(.gnu.version_d)

.gnu.version_r
 *(.gnu.version_r)

.rel.init
 *(.rel.init)

.rela.init
 *(.rela.init)

.rel.text
 *(.rel.text)
 *(.rel.text.*)
 *(.rel.gnu.linkonce.t*)

.rela.text
 *(.rela.text)
 *(.rela.text.*)
 *(.rela.gnu.linkonce.t*)

.rel.fini
 *(.rel.fini)

.rela.fini
 *(.rela.fini)

.rel.rodata
 *(.rel.rodata)
 *(.rel.rodata.*)
 *(.rel.gnu.linkonce.r*)

.rela.rodata
 *(.rela.rodata)
 *(.rela.rodata.*)
 *(.rela.gnu.linkonce.r*)

.rel.data
 *(.rel.data)
 *(.rel.data.*)
 *(.rel.gnu.linkonce.d*)

.rela.data
 *(.rela.data)
 *(.rela.data.*)
 *(.rela.gnu.linkonce.d*)

.rel.ctors
 *(.rel.ctors)

.rela.ctors
 *(.rela.ctors)

.rel.dtors
 *(.rel.dtors)

.rela.dtors
 *(.rela.dtors)

.rel.got
 *(.rel.got)

.rela.got
 *(.rela.got)

.rel.bss
 *(.rel.bss)

.rela.bss
 *(.rela.bss)

.rel.plt
 *(.rel.plt)

.rela.plt
 *(.rela.plt)

.text           0x00000000      0xdb0
 *(.vectors)
 .vectors       0x00000000       0x54 C:/Program Files (x86)/Atmel/Studio/7.0/Packs/atmel/ATmega_DFP/1.6.364/gcc/dev/atmega32a/avr5/crtatmega32a.o
                0x00000000                __vector_default
                0x00000000                __vectors
 *(.vectors)
 *(.progmem.gcc*)
                0x00000054                . = ALIGN (0x2)
                0x00000054                __trampolines_start = .
 *(.trampolines)
 .trampolines   0x00000054        0x0 linker stubs
 *(.trampolines*)
                0x00000054                __trampolines_end = .
 *libprintf_flt.a:*(.progmem.data)
 *libc.a:*(.progmem.data)
 *(.progmem*)
                0x00000054                . = ALIGN (0x2)
 *(.jumptables)
 *(.jumptables*)
 *(.lowtext)
 *(.lowtext*)
                0x00000054                __ctors_start = .
 *(.ctors)
                0x00000054                __ctors_end = .
                0x00000054                __dtors_start = .
 *(.dtors)
                0x00000054                __dtors_end = .
 SORT(*)(.ctors)
 SORT(*)(.dtors)
 *(.init0)
 .init0         0x00000054        0x0 C:/Program Files (x86)/Atmel/Studio/7.0/Packs/atmel/ATmega_DFP/1.6.364/gcc/dev/atmega32a/avr5/crtatmega32a.o
                0x00000054                __init
 *(.init0)
 *(.init1)
 *(.init1)
 *(.init2)
 .init2         0x00000054        0xc C:/Program Files (x86)/Atmel/Studio/7.0/Packs/atmel/ATmega_DFP/1.6.364/gcc/dev/atmega32a/avr5/crtatmega32a.o
 *(.init2)
 *(.init3)
 *(.init3)
 *(.init4)
 .init4         0x00000060       0x16 c:/program files (x86)/atmel/studio/7.0/toolchain/avr8/avr8-gnu-toolchain/bin/../lib/gcc/avr/5.4.0/avr5\libgcc.a(_copy_data.o)
                0x00000060                __do_copy_data
 .init4         0x00000076       0x10 c:/program files (x86)/atmel/studio/7.0/toolchain/avr8/avr8-gnu-toolchain/bin/../lib/gcc/avr/5.4.0/avr5\libgcc.a(_clear_bss.o)
                0x00000076                __do_clear_bss
 *(.init4)
 *(.init5)
 *(.init5)
 *(.init6)
 *(.init6)
 *(.init7)
 *(.init7)
 *(.init8)
 *(.init8)
 *(.init9)
 .init9         0x00000086        0x8 C:/Program Files (x86)/Atmel/Studio/7.0/Packs/atmel/ATmega_DFP/1.6.364/gcc/dev/atmega32a/avr5/crtatmega32a.o
 *(.init9)
 *(.text)
 .text          0x0000008e        0x4 C:/Program Files (x86)/Atmel/Studio/7.0/Packs/atmel/ATmega_DFP/1.6.364/gcc/dev/atmega32a/avr5/crtatmega32a.o
                0x0000008e                __vector_1
                0x0000008e                __vector_12
                0x0000008e                __bad_interrupt
                0x0000008e                __vector_6
                0x0000008e                __vector_3
                0x0000008e                __vector_11
                0x0000008e                __vector_13
                0x0000008e                __vector_17
                0x0000008e                __vector_19
                0x0000008e                __vector_7
                0x0000008e                __vector_5
                0x0000008e                __vector_4
                0x0000008e                __vector_9
                0x0000008e                __vector_2
                0x0000008e                __vector_15
                0x0000008e                __vector_8
                0x0000008e                __vector_14
                0x0000008e                __vector_10
                0x0000008e                __vector_16
                0x0000008e                __vector_18
                0x0000008e                __vector_20
                0x00000092                . = ALIGN (0x2)
 *(.text.*)
 .text.Error_Error
                0x00000092        0x2 error.o
                0x00000092                Error_Error
 .text.Error_ErrorNum
                0x00000094        0x2 error.o
                0x00000094                Error_ErrorNum
 .text.Error_ErrorBin
                0x00000096        0x2 error.o
                0x00000096                Error_ErrorBin
 .text.HC05_Init_ATCommand_Mode
                0x00000098       0x12 hc05/hc05.o
                0x00000098                HC05_Init_ATCommand_Mode
 .text.HC05_ReceiveChar
                0x000000aa        0x8 hc05/hc05.o
                0x000000aa                HC05_ReceiveChar
 .text.HC05_ReceiveAvailable
                0x000000b2        0x6 hc05/hc05.o
                0x000000b2                HC05_ReceiveAvailable
 .text.HC05_SendChar
                0x000000b8        0x8 hc05/hc05.o
                0x000000b8                HC05_SendChar
 .text.HC05_SendString
                0x000000c0       0x1e hc05/hc05.o
                0x000000c0                HC05_SendString
 .text.Keypad_Init
                0x000000de        0xe keypad/keypad8.o
                0x000000de                Keypad_Init
 .text.Keypad_KeyPressed
                0x000000ec        0x8 keypad/keypad8.o
                0x000000ec                Keypad_KeyPressed
 .text.Keypad_GetRow
                0x000000f4       0x56 keypad/keypad8.o
                0x000000f4                Keypad_GetRow
 .text.Keypad_GetCol
                0x0000014a       0x54 keypad/keypad8.o
                0x0000014a                Keypad_GetCol
 .text.Keypad_GetKey
                0x0000019e       0x40 keypad/keypad8.o
                0x0000019e                Keypad_GetKey
 .text.Lcd_Init
                0x000001de       0x5c lcd/lcdgeneric.o
                0x000001de                Lcd_Init
 .text.Lcd_ClearScreen
                0x0000023a       0x20 lcd/lcdgeneric.o
                0x0000023a                Lcd_ClearScreen
 .text.Lcd_Prints
                0x0000025a       0x24 lcd/lcdgeneric.o
                0x0000025a                Lcd_Prints
 .text.Lcd_Position
                0x0000027e       0x28 lcd/lcdgeneric.o
                0x0000027e                Lcd_Position
 .text.Lcd_Printc
                0x000002a6       0x22 lcd/lcdgeneric.o
                0x000002a6                Lcd_Printc
 .text.pinChange
                0x000002c8      0x280 lcd/lcd_4bit.o
                0x000002c8                pinChange
 .text.Lcd4_Port
                0x00000548       0x80 lcd/lcd_4bit.o
                0x00000548                Lcd4_Port
 .text.Lcd4_Cmd
                0x000005c8       0x4a lcd/lcd_4bit.o
                0x000005c8                Lcd4_Cmd
 .text.Lcd4_Clear
                0x00000612        0xe lcd/lcd_4bit.o
                0x00000612                Lcd4_Clear
 .text.Lcd4_Set_Cursor
                0x00000620       0x3a lcd/lcd_4bit.o
                0x00000620                Lcd4_Set_Cursor
 .text.Lcd4_Init
                0x0000065a       0x6c lcd/lcd_4bit.o
                0x0000065a                Lcd4_Init
 .text.Lcd4_Write_Char
                0x000006c6       0x86 lcd/lcd_4bit.o
                0x000006c6                Lcd4_Write_Char
 .text.Lcd4_Write_String
                0x0000074c       0x1e lcd/lcd_4bit.o
                0x0000074c                Lcd4_Write_String
 .text.I2C_WRITESEQ
                0x0000076a       0x58 lcd/lcd_i2cmaster.o
                0x0000076a                I2C_WRITESEQ
 .text.wr_lcd_mode
                0x000007c2       0x94 lcd/lcd_i2cmaster.o
 .text.lcd_gotoxy
                0x00000856       0x2c lcd/lcd_i2cmaster.o
                0x00000856                lcd_gotoxy
 .text.lcd_clrscr
                0x00000882       0x12 lcd/lcd_i2cmaster.o
                0x00000882                lcd_clrscr
 .text.lcd_putc
                0x00000894       0x52 lcd/lcd_i2cmaster.o
                0x00000894                lcd_putc
 .text.lcd_puts
                0x000008e6       0x1e lcd/lcd_i2cmaster.o
                0x000008e6                lcd_puts
 .text.lcd_init
                0x00000904       0xe2 lcd/lcd_i2cmaster.o
                0x00000904                lcd_init
 .text.lcd_backlight
                0x000009e6        0x8 lcd/lcd_i2cmaster.o
                0x000009e6                lcd_backlight
 .text.main     0x000009ee      0x354 main.o
                0x000009ee                main
 .text.i2c_init
                0x00000d42        0x8 twimaster.o
                0x00000d42                i2c_init
 .text.i2c_start
                0x00000d4a       0x3c twimaster.o
                0x00000d4a                i2c_start
 .text.i2c_stop
                0x00000d86        0xc twimaster.o
                0x00000d86                i2c_stop
 .text.i2c_write
                0x00000d92       0x1a twimaster.o
                0x00000d92                i2c_write
                0x00000dac                . = ALIGN (0x2)
 *(.fini9)
 .fini9         0x00000dac        0x0 c:/program files (x86)/atmel/studio/7.0/toolchain/avr8/avr8-gnu-toolchain/bin/../lib/gcc/avr/5.4.0/avr5\libgcc.a(_exit.o)
                0x00000dac                _exit
                0x00000dac                exit
 *(.fini9)
 *(.fini8)
 *(.fini8)
 *(.fini7)
 *(.fini7)
 *(.fini6)
 *(.fini6)
 *(.fini5)
 *(.fini5)
 *(.fini4)
 *(.fini4)
 *(.fini3)
 *(.fini3)
 *(.fini2)
 *(.fini2)
 *(.fini1)
 *(.fini1)
 *(.fini0)
 .fini0         0x00000dac        0x4 c:/program files (x86)/atmel/studio/7.0/toolchain/avr8/avr8-gnu-toolchain/bin/../lib/gcc/avr/5.4.0/avr5\libgcc.a(_exit.o)
 *(.fini0)
                0x00000db0                _etext = .

.data           0x00800060      0x1d6 load address 0x00000db0
                0x00800060                PROVIDE (__data_start, .)
 *(.data)
 *(.data*)
 .data.backlight.1943
                0x00800060        0x1 lcd/lcd_i2cmaster.o
 .data._base_y  0x00800061        0x4 lcd/lcd_i2cmaster.o
 *(.gnu.linkonce.d*)
 *(.rodata)
 *(.rodata*)
 .rodata.str1.1
                0x00800065       0x64 keypad/keypad8.o
 .rodata.str1.1
                0x008000c9       0x6a lcd/lcdgeneric.o
 .rodata.str1.1
                0x00800133      0x102 main.o
 *(.gnu.linkonce.r*)
                0x00800236                . = ALIGN (0x2)
 *fill*         0x00800235        0x1 
                0x00800236                _edata = .
                0x00800236                PROVIDE (__data_end, .)

.bss            0x00800236        0x3
                0x00800236                PROVIDE (__bss_start, .)
 *(.bss)
 *(.bss*)
 *(COMMON)
 COMMON         0x00800236        0x3 lcd/lcd_i2cmaster.o
                0x00800236                _lcd_maxx
                0x00800237                _lcd_x
                0x00800238                _lcd_y
                0x00800239                PROVIDE (__bss_end, .)
                0x00000db0                __data_load_start = LOADADDR (.data)
                0x00000f86                __data_load_end = (__data_load_start + SIZEOF (.data))

.noinit         0x00800239        0x0
                [!provide]                PROVIDE (__noinit_start, .)
 *(.noinit*)
                [!provide]                PROVIDE (__noinit_end, .)
                0x00800239                _end = .
                0x00800239                PROVIDE (__heap_start, .)

.eeprom         0x00810000        0x0
 *(.eeprom*)
                0x00810000                __eeprom_end = .

.fuse
 *(.fuse)
 *(.lfuse)
 *(.hfuse)
 *(.efuse)

.lock
 *(.lock*)

.signature
 *(.signature*)

.user_signatures
 *(.user_signatures*)

.stab
 *(.stab)

.stabstr
 *(.stabstr)

.stab.excl
 *(.stab.excl)

.stab.exclstr
 *(.stab.exclstr)

.stab.index
 *(.stab.index)

.stab.indexstr
 *(.stab.indexstr)

.comment        0x00000000       0x30
 *(.comment)
 .comment       0x00000000       0x30 error.o
                                 0x31 (size before relaxing)
 .comment       0x00000030       0x31 hc05/hc05.o
 .comment       0x00000030       0x31 keypad/keypad8.o
 .comment       0x00000030       0x31 lcd/lcdgeneric.o
 .comment       0x00000030       0x31 lcd/lcd_4bit.o
 .comment       0x00000030       0x31 lcd/lcd_i2cmaster.o
 .comment       0x00000030       0x31 main.o
 .comment       0x00000030       0x31 twimaster.o

.note.gnu.avr.deviceinfo
                0x00000000       0x3c
 .note.gnu.avr.deviceinfo
                0x00000000       0x3c C:/Program Files (x86)/Atmel/Studio/7.0/Packs/atmel/ATmega_DFP/1.6.364/gcc/dev/atmega32a/avr5/crtatmega32a.o

.note.gnu.build-id
 *(.note.gnu.build-id)

.debug
 *(.debug)

.line
 *(.line)

.debug_srcinfo
 *(.debug_srcinfo)

.debug_sfnames
 *(.debug_sfnames)

.debug_aranges  0x00000000      0x290
 *(.debug_aranges)
 .debug_aranges
                0x00000000       0x30 error.o
 .debug_aranges
                0x00000030       0x48 hc05/hc05.o
 .debug_aranges
                0x00000078       0x78 keypad/keypad8.o
 .debug_aranges
                0x000000f0       0x48 lcd/lcdgeneric.o
 .debug_aranges
                0x00000138       0x68 lcd/lcd_4bit.o
 .debug_aranges
                0x000001a0       0x78 lcd/lcd_i2cmaster.o
 .debug_aranges
                0x00000218       0x20 main.o
 .debug_aranges
                0x00000238       0x58 twimaster.o

.debug_pubnames
 *(.debug_pubnames)

.debug_info     0x00000000     0x2705
 *(.debug_info .gnu.linkonce.wi.*)
 .debug_info    0x00000000      0x4e6 C:/Program Files (x86)/Atmel/Studio/7.0/Packs/atmel/ATmega_DFP/1.6.364/gcc/dev/atmega32a/avr5/crtatmega32a.o
 .debug_info    0x000004e6      0x122 error.o
 .debug_info    0x00000608      0x12f hc05/hc05.o
 .debug_info    0x00000737      0x50f keypad/keypad8.o
 .debug_info    0x00000c46      0x4cb lcd/lcdgeneric.o
 .debug_info    0x00001111      0x8d0 lcd/lcd_4bit.o
 .debug_info    0x000019e1      0x743 lcd/lcd_i2cmaster.o
 .debug_info    0x00002124      0x424 main.o
 .debug_info    0x00002548      0x1bd twimaster.o

.debug_abbrev   0x00000000      0xebb
 *(.debug_abbrev)
 .debug_abbrev  0x00000000      0x4a3 C:/Program Files (x86)/Atmel/Studio/7.0/Packs/atmel/ATmega_DFP/1.6.364/gcc/dev/atmega32a/avr5/crtatmega32a.o
 .debug_abbrev  0x000004a3       0x8c error.o
 .debug_abbrev  0x0000052f       0xcd hc05/hc05.o
 .debug_abbrev  0x000005fc      0x1c1 keypad/keypad8.o
 .debug_abbrev  0x000007bd      0x174 lcd/lcdgeneric.o
 .debug_abbrev  0x00000931      0x17e lcd/lcd_4bit.o
 .debug_abbrev  0x00000aaf      0x1e2 lcd/lcd_i2cmaster.o
 .debug_abbrev  0x00000c91      0x145 main.o
 .debug_abbrev  0x00000dd6       0xe5 twimaster.o

.debug_line     0x00000000     0x19ba
 *(.debug_line .debug_line.* .debug_line_end)
 .debug_line    0x00000000      0x116 C:/Program Files (x86)/Atmel/Studio/7.0/Packs/atmel/ATmega_DFP/1.6.364/gcc/dev/atmega32a/avr5/crtatmega32a.o
 .debug_line    0x00000116       0x56 error.o
 .debug_line    0x0000016c      0x178 hc05/hc05.o
 .debug_line    0x000002e4      0x3fe keypad/keypad8.o
 .debug_line    0x000006e2      0x29d lcd/lcdgeneric.o
 .debug_line    0x0000097f      0x650 lcd/lcd_4bit.o
 .debug_line    0x00000fcf      0x3c4 lcd/lcd_i2cmaster.o
 .debug_line    0x00001393      0x3a9 main.o
 .debug_line    0x0000173c      0x27e twimaster.o

.debug_frame    0x00000000      0x57c
 *(.debug_frame)
 .debug_frame   0x00000000       0x44 error.o
 .debug_frame   0x00000044       0x80 hc05/hc05.o
 .debug_frame   0x000000c4      0x118 keypad/keypad8.o
 .debug_frame   0x000001dc       0xa0 lcd/lcdgeneric.o
 .debug_frame   0x0000027c       0xe0 lcd/lcd_4bit.o
 .debug_frame   0x0000035c      0x158 lcd/lcd_i2cmaster.o
 .debug_frame   0x000004b4       0x34 main.o
 .debug_frame   0x000004e8       0x94 twimaster.o

.debug_str      0x00000000      0x792
 *(.debug_str)
 .debug_str     0x00000000      0x196 C:/Program Files (x86)/Atmel/Studio/7.0/Packs/atmel/ATmega_DFP/1.6.364/gcc/dev/atmega32a/avr5/crtatmega32a.o
 .debug_str     0x00000196      0x18f error.o
                                0x1c8 (size before relaxing)
 .debug_str     0x00000325       0x89 hc05/hc05.o
                                0x211 (size before relaxing)
 .debug_str     0x000003ae      0x12a keypad/keypad8.o
                                0x2ef (size before relaxing)
 .debug_str     0x000004d8      0x106 lcd/lcdgeneric.o
                                0x2d1 (size before relaxing)
 .debug_str     0x000005de       0x65 lcd/lcd_4bit.o
                                0x27b (size before relaxing)
 .debug_str     0x00000643       0xeb lcd/lcd_i2cmaster.o
                                0x31c (size before relaxing)
 .debug_str     0x0000072e       0x11 main.o
                                0x2b3 (size before relaxing)
 .debug_str     0x0000073f       0x53 twimaster.o
                                0x204 (size before relaxing)

.debug_loc      0x00000000     0x19af
 *(.debug_loc)
 .debug_loc     0x00000000       0x64 hc05/hc05.o
 .debug_loc     0x00000064      0x3f8 keypad/keypad8.o
 .debug_loc     0x0000045c      0x4d4 lcd/lcdgeneric.o
 .debug_loc     0x00000930      0x662 lcd/lcd_4bit.o
 .debug_loc     0x00000f92      0x698 lcd/lcd_i2cmaster.o
 .debug_loc     0x0000162a      0x292 main.o
 .debug_loc     0x000018bc       0xf3 twimaster.o

.debug_macinfo
 *(.debug_macinfo)

.debug_weaknames
 *(.debug_weaknames)

.debug_funcnames
 *(.debug_funcnames)

.debug_typenames
 *(.debug_typenames)

.debug_varnames
 *(.debug_varnames)

.debug_pubtypes
 *(.debug_pubtypes)

.debug_ranges   0x00000000      0x288
 *(.debug_ranges)
 .debug_ranges  0x00000000       0x20 error.o
 .debug_ranges  0x00000020       0x38 hc05/hc05.o
 .debug_ranges  0x00000058       0x80 keypad/keypad8.o
 .debug_ranges  0x000000d8       0x38 lcd/lcdgeneric.o
 .debug_ranges  0x00000110       0x58 lcd/lcd_4bit.o
 .debug_ranges  0x00000168       0x98 lcd/lcd_i2cmaster.o
 .debug_ranges  0x00000200       0x40 main.o
 .debug_ranges  0x00000240       0x48 twimaster.o

.debug_macro
 *(.debug_macro)
OUTPUT(projcodes.elf elf32-avr)
LOAD linker stubs
