Archive member included to satisfy reference by file (symbol)

c:/program files (x86)/atmel/studio/7.0/toolchain/avr8/avr8-gnu-toolchain/bin/../lib/gcc/avr/5.4.0/avr5\libgcc.a(_exit.o)
                              C:/Program Files (x86)/Atmel/Studio/7.0/Packs/atmel/ATmega_DFP/1.6.364/gcc/dev/atmega32a/avr5/crtatmega32a.o (exit)
c:/program files (x86)/atmel/studio/7.0/toolchain/avr8/avr8-gnu-toolchain/bin/../lib/gcc/avr/5.4.0/avr5\libgcc.a(_copy_data.o)
                              error.o (__do_copy_data)
c:/program files (x86)/atmel/studio/7.0/toolchain/avr8/avr8-gnu-toolchain/bin/../lib/gcc/avr/5.4.0/avr5\libgcc.a(_clear_bss.o)
                              keypad/keypad8.o (__do_clear_bss)
c:/program files (x86)/atmel/studio/7.0/toolchain/avr8/avr8-gnu-toolchain/bin/../lib/gcc/avr/5.4.0/../../../../avr/lib/avr5\libc.a(sprintf.o)
                              error.o (sprintf)
c:/program files (x86)/atmel/studio/7.0/toolchain/avr8/avr8-gnu-toolchain/bin/../lib/gcc/avr/5.4.0/../../../../avr/lib/avr5\libc.a(vfprintf_std.o)
                              c:/program files (x86)/atmel/studio/7.0/toolchain/avr8/avr8-gnu-toolchain/bin/../lib/gcc/avr/5.4.0/../../../../avr/lib/avr5\libc.a(sprintf.o) (vfprintf)
c:/program files (x86)/atmel/studio/7.0/toolchain/avr8/avr8-gnu-toolchain/bin/../lib/gcc/avr/5.4.0/../../../../avr/lib/avr5\libc.a(strnlen_P.o)
                              c:/program files (x86)/atmel/studio/7.0/toolchain/avr8/avr8-gnu-toolchain/bin/../lib/gcc/avr/5.4.0/../../../../avr/lib/avr5\libc.a(vfprintf_std.o) (strnlen_P)
c:/program files (x86)/atmel/studio/7.0/toolchain/avr8/avr8-gnu-toolchain/bin/../lib/gcc/avr/5.4.0/../../../../avr/lib/avr5\libc.a(strnlen.o)
                              c:/program files (x86)/atmel/studio/7.0/toolchain/avr8/avr8-gnu-toolchain/bin/../lib/gcc/avr/5.4.0/../../../../avr/lib/avr5\libc.a(vfprintf_std.o) (strnlen)
c:/program files (x86)/atmel/studio/7.0/toolchain/avr8/avr8-gnu-toolchain/bin/../lib/gcc/avr/5.4.0/../../../../avr/lib/avr5\libc.a(fputc.o)
                              c:/program files (x86)/atmel/studio/7.0/toolchain/avr8/avr8-gnu-toolchain/bin/../lib/gcc/avr/5.4.0/../../../../avr/lib/avr5\libc.a(vfprintf_std.o) (fputc)
c:/program files (x86)/atmel/studio/7.0/toolchain/avr8/avr8-gnu-toolchain/bin/../lib/gcc/avr/5.4.0/../../../../avr/lib/avr5\libc.a(ultoa_invert.o)
                              c:/program files (x86)/atmel/studio/7.0/toolchain/avr8/avr8-gnu-toolchain/bin/../lib/gcc/avr/5.4.0/../../../../avr/lib/avr5\libc.a(vfprintf_std.o) (__ultoa_invert)
c:/program files (x86)/atmel/studio/7.0/toolchain/avr8/avr8-gnu-toolchain/bin/../lib/gcc/avr/5.4.0/avr5\libgcc.a(_prologue.o)
                              c:/program files (x86)/atmel/studio/7.0/toolchain/avr8/avr8-gnu-toolchain/bin/../lib/gcc/avr/5.4.0/../../../../avr/lib/avr5\libc.a(sprintf.o) (__prologue_saves__)
c:/program files (x86)/atmel/studio/7.0/toolchain/avr8/avr8-gnu-toolchain/bin/../lib/gcc/avr/5.4.0/avr5\libgcc.a(_epilogue.o)
                              c:/program files (x86)/atmel/studio/7.0/toolchain/avr8/avr8-gnu-toolchain/bin/../lib/gcc/avr/5.4.0/../../../../avr/lib/avr5\libc.a(sprintf.o) (__epilogue_restores__)

Allocating common symbols
Common symbol       size              file

_lcd_maxx           0x1               lcd/lcd_i2cmaster.o
keyBuffer           0x11              keypad/keypad8.o
currentState        0x1               state/states.o
_lcd_x              0x1               lcd/lcd_i2cmaster.o
_lcd_y              0x1               lcd/lcd_i2cmaster.o

Discarded input sections

 .data          0x00000000        0x0 C:/Program Files (x86)/Atmel/Studio/7.0/Packs/atmel/ATmega_DFP/1.6.364/gcc/dev/atmega32a/avr5/crtatmega32a.o
 .bss           0x00000000        0x0 C:/Program Files (x86)/Atmel/Studio/7.0/Packs/atmel/ATmega_DFP/1.6.364/gcc/dev/atmega32a/avr5/crtatmega32a.o
 .text          0x00000000        0x0 error.o
 .data          0x00000000        0x0 error.o
 .bss           0x00000000        0x0 error.o
 .text          0x00000000        0x0 hc05/hc05.o
 .data          0x00000000        0x0 hc05/hc05.o
 .bss           0x00000000        0x0 hc05/hc05.o
 .text.HC05_ReceiveChar
                0x00000000        0x8 hc05/hc05.o
 .text          0x00000000        0x0 keypad/keypad8.o
 .data          0x00000000        0x0 keypad/keypad8.o
 .bss           0x00000000        0x0 keypad/keypad8.o
 .text          0x00000000        0x0 keyprocessor.o
 .data          0x00000000        0x0 keyprocessor.o
 .bss           0x00000000        0x0 keyprocessor.o
 .text          0x00000000        0x0 lcd/lcdgeneric.o
 .data          0x00000000        0x0 lcd/lcdgeneric.o
 .bss           0x00000000        0x0 lcd/lcdgeneric.o
 .text          0x00000000        0x0 lcd/lcd_4bit.o
 .data          0x00000000        0x0 lcd/lcd_4bit.o
 .bss           0x00000000        0x0 lcd/lcd_4bit.o
 .text.Lcd4_Shift_Right
                0x00000000        0xe lcd/lcd_4bit.o
 .text.Lcd4_Shift_Left
                0x00000000        0xe lcd/lcd_4bit.o
 .text          0x00000000        0x0 lcd/lcd_i2cmaster.o
 .data          0x00000000        0x0 lcd/lcd_i2cmaster.o
 .bss           0x00000000        0x0 lcd/lcd_i2cmaster.o
 .text.lcd_home
                0x00000000       0x12 lcd/lcd_i2cmaster.o
 .text.lcd_puts_p
                0x00000000       0x24 lcd/lcd_i2cmaster.o
 .text.lcd_command
                0x00000000        0x8 lcd/lcd_i2cmaster.o
 .text.lcd_data
                0x00000000        0x8 lcd/lcd_i2cmaster.o
 .text          0x00000000        0x0 main.o
 .data          0x00000000        0x0 main.o
 .bss           0x00000000        0x0 main.o
 .text          0x00000000        0x0 state/enteringage/enteringage.o
 .data          0x00000000        0x0 state/enteringage/enteringage.o
 .bss           0x00000000        0x0 state/enteringage/enteringage.o
 .text          0x00000000        0x0 state/enteringname/enteringname.o
 .data          0x00000000        0x0 state/enteringname/enteringname.o
 .bss           0x00000000        0x0 state/enteringname/enteringname.o
 .text          0x00000000        0x0 state/enteringphone/enteringphone.o
 .data          0x00000000        0x0 state/enteringphone/enteringphone.o
 .bss           0x00000000        0x0 state/enteringphone/enteringphone.o
 .text          0x00000000        0x0 state/idle/idle.o
 .data          0x00000000        0x0 state/idle/idle.o
 .bss           0x00000000        0x0 state/idle/idle.o
 .text          0x00000000        0x0 state/states.o
 .data          0x00000000        0x0 state/states.o
 .bss           0x00000000        0x0 state/states.o
 .text          0x00000000        0x0 twimaster.o
 .data          0x00000000        0x0 twimaster.o
 .bss           0x00000000        0x0 twimaster.o
 .text.i2c_start_wait
                0x00000000       0x3c twimaster.o
 .text.i2c_rep_start
                0x00000000        0x6 twimaster.o
 .text.i2c_readAck
                0x00000000        0xe twimaster.o
 .text.i2c_readNak
                0x00000000        0xe twimaster.o
 .text          0x00000000        0x0 c:/program files (x86)/atmel/studio/7.0/toolchain/avr8/avr8-gnu-toolchain/bin/../lib/gcc/avr/5.4.0/avr5\libgcc.a(_exit.o)
 .data          0x00000000        0x0 c:/program files (x86)/atmel/studio/7.0/toolchain/avr8/avr8-gnu-toolchain/bin/../lib/gcc/avr/5.4.0/avr5\libgcc.a(_exit.o)
 .bss           0x00000000        0x0 c:/program files (x86)/atmel/studio/7.0/toolchain/avr8/avr8-gnu-toolchain/bin/../lib/gcc/avr/5.4.0/avr5\libgcc.a(_exit.o)
 .text.libgcc.mul
                0x00000000        0x0 c:/program files (x86)/atmel/studio/7.0/toolchain/avr8/avr8-gnu-toolchain/bin/../lib/gcc/avr/5.4.0/avr5\libgcc.a(_exit.o)
 .text.libgcc.div
                0x00000000        0x0 c:/program files (x86)/atmel/studio/7.0/toolchain/avr8/avr8-gnu-toolchain/bin/../lib/gcc/avr/5.4.0/avr5\libgcc.a(_exit.o)
 .text.libgcc   0x00000000        0x0 c:/program files (x86)/atmel/studio/7.0/toolchain/avr8/avr8-gnu-toolchain/bin/../lib/gcc/avr/5.4.0/avr5\libgcc.a(_exit.o)
 .text.libgcc.prologue
                0x00000000        0x0 c:/program files (x86)/atmel/studio/7.0/toolchain/avr8/avr8-gnu-toolchain/bin/../lib/gcc/avr/5.4.0/avr5\libgcc.a(_exit.o)
 .text.libgcc.builtins
                0x00000000        0x0 c:/program files (x86)/atmel/studio/7.0/toolchain/avr8/avr8-gnu-toolchain/bin/../lib/gcc/avr/5.4.0/avr5\libgcc.a(_exit.o)
 .text.libgcc.fmul
                0x00000000        0x0 c:/program files (x86)/atmel/studio/7.0/toolchain/avr8/avr8-gnu-toolchain/bin/../lib/gcc/avr/5.4.0/avr5\libgcc.a(_exit.o)
 .text.libgcc.fixed
                0x00000000        0x0 c:/program files (x86)/atmel/studio/7.0/toolchain/avr8/avr8-gnu-toolchain/bin/../lib/gcc/avr/5.4.0/avr5\libgcc.a(_exit.o)
 .text          0x00000000        0x0 c:/program files (x86)/atmel/studio/7.0/toolchain/avr8/avr8-gnu-toolchain/bin/../lib/gcc/avr/5.4.0/avr5\libgcc.a(_copy_data.o)
 .data          0x00000000        0x0 c:/program files (x86)/atmel/studio/7.0/toolchain/avr8/avr8-gnu-toolchain/bin/../lib/gcc/avr/5.4.0/avr5\libgcc.a(_copy_data.o)
 .bss           0x00000000        0x0 c:/program files (x86)/atmel/studio/7.0/toolchain/avr8/avr8-gnu-toolchain/bin/../lib/gcc/avr/5.4.0/avr5\libgcc.a(_copy_data.o)
 .text.libgcc.mul
                0x00000000        0x0 c:/program files (x86)/atmel/studio/7.0/toolchain/avr8/avr8-gnu-toolchain/bin/../lib/gcc/avr/5.4.0/avr5\libgcc.a(_copy_data.o)
 .text.libgcc.div
                0x00000000        0x0 c:/program files (x86)/atmel/studio/7.0/toolchain/avr8/avr8-gnu-toolchain/bin/../lib/gcc/avr/5.4.0/avr5\libgcc.a(_copy_data.o)
 .text.libgcc   0x00000000        0x0 c:/program files (x86)/atmel/studio/7.0/toolchain/avr8/avr8-gnu-toolchain/bin/../lib/gcc/avr/5.4.0/avr5\libgcc.a(_copy_data.o)
 .text.libgcc.prologue
                0x00000000        0x0 c:/program files (x86)/atmel/studio/7.0/toolchain/avr8/avr8-gnu-toolchain/bin/../lib/gcc/avr/5.4.0/avr5\libgcc.a(_copy_data.o)
 .text.libgcc.builtins
                0x00000000        0x0 c:/program files (x86)/atmel/studio/7.0/toolchain/avr8/avr8-gnu-toolchain/bin/../lib/gcc/avr/5.4.0/avr5\libgcc.a(_copy_data.o)
 .text.libgcc.fmul
                0x00000000        0x0 c:/program files (x86)/atmel/studio/7.0/toolchain/avr8/avr8-gnu-toolchain/bin/../lib/gcc/avr/5.4.0/avr5\libgcc.a(_copy_data.o)
 .text.libgcc.fixed
                0x00000000        0x0 c:/program files (x86)/atmel/studio/7.0/toolchain/avr8/avr8-gnu-toolchain/bin/../lib/gcc/avr/5.4.0/avr5\libgcc.a(_copy_data.o)
 .text          0x00000000        0x0 c:/program files (x86)/atmel/studio/7.0/toolchain/avr8/avr8-gnu-toolchain/bin/../lib/gcc/avr/5.4.0/avr5\libgcc.a(_clear_bss.o)
 .data          0x00000000        0x0 c:/program files (x86)/atmel/studio/7.0/toolchain/avr8/avr8-gnu-toolchain/bin/../lib/gcc/avr/5.4.0/avr5\libgcc.a(_clear_bss.o)
 .bss           0x00000000        0x0 c:/program files (x86)/atmel/studio/7.0/toolchain/avr8/avr8-gnu-toolchain/bin/../lib/gcc/avr/5.4.0/avr5\libgcc.a(_clear_bss.o)
 .text.libgcc.mul
                0x00000000        0x0 c:/program files (x86)/atmel/studio/7.0/toolchain/avr8/avr8-gnu-toolchain/bin/../lib/gcc/avr/5.4.0/avr5\libgcc.a(_clear_bss.o)
 .text.libgcc.div
                0x00000000        0x0 c:/program files (x86)/atmel/studio/7.0/toolchain/avr8/avr8-gnu-toolchain/bin/../lib/gcc/avr/5.4.0/avr5\libgcc.a(_clear_bss.o)
 .text.libgcc   0x00000000        0x0 c:/program files (x86)/atmel/studio/7.0/toolchain/avr8/avr8-gnu-toolchain/bin/../lib/gcc/avr/5.4.0/avr5\libgcc.a(_clear_bss.o)
 .text.libgcc.prologue
                0x00000000        0x0 c:/program files (x86)/atmel/studio/7.0/toolchain/avr8/avr8-gnu-toolchain/bin/../lib/gcc/avr/5.4.0/avr5\libgcc.a(_clear_bss.o)
 .text.libgcc.builtins
                0x00000000        0x0 c:/program files (x86)/atmel/studio/7.0/toolchain/avr8/avr8-gnu-toolchain/bin/../lib/gcc/avr/5.4.0/avr5\libgcc.a(_clear_bss.o)
 .text.libgcc.fmul
                0x00000000        0x0 c:/program files (x86)/atmel/studio/7.0/toolchain/avr8/avr8-gnu-toolchain/bin/../lib/gcc/avr/5.4.0/avr5\libgcc.a(_clear_bss.o)
 .text.libgcc.fixed
                0x00000000        0x0 c:/program files (x86)/atmel/studio/7.0/toolchain/avr8/avr8-gnu-toolchain/bin/../lib/gcc/avr/5.4.0/avr5\libgcc.a(_clear_bss.o)
 .text          0x00000000        0x0 c:/program files (x86)/atmel/studio/7.0/toolchain/avr8/avr8-gnu-toolchain/bin/../lib/gcc/avr/5.4.0/../../../../avr/lib/avr5\libc.a(sprintf.o)
 .data          0x00000000        0x0 c:/program files (x86)/atmel/studio/7.0/toolchain/avr8/avr8-gnu-toolchain/bin/../lib/gcc/avr/5.4.0/../../../../avr/lib/avr5\libc.a(sprintf.o)
 .bss           0x00000000        0x0 c:/program files (x86)/atmel/studio/7.0/toolchain/avr8/avr8-gnu-toolchain/bin/../lib/gcc/avr/5.4.0/../../../../avr/lib/avr5\libc.a(sprintf.o)
 .text          0x00000000        0x0 c:/program files (x86)/atmel/studio/7.0/toolchain/avr8/avr8-gnu-toolchain/bin/../lib/gcc/avr/5.4.0/../../../../avr/lib/avr5\libc.a(vfprintf_std.o)
 .data          0x00000000        0x0 c:/program files (x86)/atmel/studio/7.0/toolchain/avr8/avr8-gnu-toolchain/bin/../lib/gcc/avr/5.4.0/../../../../avr/lib/avr5\libc.a(vfprintf_std.o)
 .bss           0x00000000        0x0 c:/program files (x86)/atmel/studio/7.0/toolchain/avr8/avr8-gnu-toolchain/bin/../lib/gcc/avr/5.4.0/../../../../avr/lib/avr5\libc.a(vfprintf_std.o)
 .text          0x00000000        0x0 c:/program files (x86)/atmel/studio/7.0/toolchain/avr8/avr8-gnu-toolchain/bin/../lib/gcc/avr/5.4.0/../../../../avr/lib/avr5\libc.a(strnlen_P.o)
 .data          0x00000000        0x0 c:/program files (x86)/atmel/studio/7.0/toolchain/avr8/avr8-gnu-toolchain/bin/../lib/gcc/avr/5.4.0/../../../../avr/lib/avr5\libc.a(strnlen_P.o)
 .bss           0x00000000        0x0 c:/program files (x86)/atmel/studio/7.0/toolchain/avr8/avr8-gnu-toolchain/bin/../lib/gcc/avr/5.4.0/../../../../avr/lib/avr5\libc.a(strnlen_P.o)
 .text          0x00000000        0x0 c:/program files (x86)/atmel/studio/7.0/toolchain/avr8/avr8-gnu-toolchain/bin/../lib/gcc/avr/5.4.0/../../../../avr/lib/avr5\libc.a(strnlen.o)
 .data          0x00000000        0x0 c:/program files (x86)/atmel/studio/7.0/toolchain/avr8/avr8-gnu-toolchain/bin/../lib/gcc/avr/5.4.0/../../../../avr/lib/avr5\libc.a(strnlen.o)
 .bss           0x00000000        0x0 c:/program files (x86)/atmel/studio/7.0/toolchain/avr8/avr8-gnu-toolchain/bin/../lib/gcc/avr/5.4.0/../../../../avr/lib/avr5\libc.a(strnlen.o)
 .text          0x00000000        0x0 c:/program files (x86)/atmel/studio/7.0/toolchain/avr8/avr8-gnu-toolchain/bin/../lib/gcc/avr/5.4.0/../../../../avr/lib/avr5\libc.a(fputc.o)
 .data          0x00000000        0x0 c:/program files (x86)/atmel/studio/7.0/toolchain/avr8/avr8-gnu-toolchain/bin/../lib/gcc/avr/5.4.0/../../../../avr/lib/avr5\libc.a(fputc.o)
 .bss           0x00000000        0x0 c:/program files (x86)/atmel/studio/7.0/toolchain/avr8/avr8-gnu-toolchain/bin/../lib/gcc/avr/5.4.0/../../../../avr/lib/avr5\libc.a(fputc.o)
 .text          0x00000000        0x0 c:/program files (x86)/atmel/studio/7.0/toolchain/avr8/avr8-gnu-toolchain/bin/../lib/gcc/avr/5.4.0/../../../../avr/lib/avr5\libc.a(ultoa_invert.o)
 .data          0x00000000        0x0 c:/program files (x86)/atmel/studio/7.0/toolchain/avr8/avr8-gnu-toolchain/bin/../lib/gcc/avr/5.4.0/../../../../avr/lib/avr5\libc.a(ultoa_invert.o)
 .bss           0x00000000        0x0 c:/program files (x86)/atmel/studio/7.0/toolchain/avr8/avr8-gnu-toolchain/bin/../lib/gcc/avr/5.4.0/../../../../avr/lib/avr5\libc.a(ultoa_invert.o)
 .text          0x00000000        0x0 c:/program files (x86)/atmel/studio/7.0/toolchain/avr8/avr8-gnu-toolchain/bin/../lib/gcc/avr/5.4.0/avr5\libgcc.a(_prologue.o)
 .data          0x00000000        0x0 c:/program files (x86)/atmel/studio/7.0/toolchain/avr8/avr8-gnu-toolchain/bin/../lib/gcc/avr/5.4.0/avr5\libgcc.a(_prologue.o)
 .bss           0x00000000        0x0 c:/program files (x86)/atmel/studio/7.0/toolchain/avr8/avr8-gnu-toolchain/bin/../lib/gcc/avr/5.4.0/avr5\libgcc.a(_prologue.o)
 .text.libgcc.mul
                0x00000000        0x0 c:/program files (x86)/atmel/studio/7.0/toolchain/avr8/avr8-gnu-toolchain/bin/../lib/gcc/avr/5.4.0/avr5\libgcc.a(_prologue.o)
 .text.libgcc.div
                0x00000000        0x0 c:/program files (x86)/atmel/studio/7.0/toolchain/avr8/avr8-gnu-toolchain/bin/../lib/gcc/avr/5.4.0/avr5\libgcc.a(_prologue.o)
 .text.libgcc   0x00000000        0x0 c:/program files (x86)/atmel/studio/7.0/toolchain/avr8/avr8-gnu-toolchain/bin/../lib/gcc/avr/5.4.0/avr5\libgcc.a(_prologue.o)
 .text.libgcc.builtins
                0x00000000        0x0 c:/program files (x86)/atmel/studio/7.0/toolchain/avr8/avr8-gnu-toolchain/bin/../lib/gcc/avr/5.4.0/avr5\libgcc.a(_prologue.o)
 .text.libgcc.fmul
                0x00000000        0x0 c:/program files (x86)/atmel/studio/7.0/toolchain/avr8/avr8-gnu-toolchain/bin/../lib/gcc/avr/5.4.0/avr5\libgcc.a(_prologue.o)
 .text.libgcc.fixed
                0x00000000        0x0 c:/program files (x86)/atmel/studio/7.0/toolchain/avr8/avr8-gnu-toolchain/bin/../lib/gcc/avr/5.4.0/avr5\libgcc.a(_prologue.o)
 .text          0x00000000        0x0 c:/program files (x86)/atmel/studio/7.0/toolchain/avr8/avr8-gnu-toolchain/bin/../lib/gcc/avr/5.4.0/avr5\libgcc.a(_epilogue.o)
 .data          0x00000000        0x0 c:/program files (x86)/atmel/studio/7.0/toolchain/avr8/avr8-gnu-toolchain/bin/../lib/gcc/avr/5.4.0/avr5\libgcc.a(_epilogue.o)
 .bss           0x00000000        0x0 c:/program files (x86)/atmel/studio/7.0/toolchain/avr8/avr8-gnu-toolchain/bin/../lib/gcc/avr/5.4.0/avr5\libgcc.a(_epilogue.o)
 .text.libgcc.mul
                0x00000000        0x0 c:/program files (x86)/atmel/studio/7.0/toolchain/avr8/avr8-gnu-toolchain/bin/../lib/gcc/avr/5.4.0/avr5\libgcc.a(_epilogue.o)
 .text.libgcc.div
                0x00000000        0x0 c:/program files (x86)/atmel/studio/7.0/toolchain/avr8/avr8-gnu-toolchain/bin/../lib/gcc/avr/5.4.0/avr5\libgcc.a(_epilogue.o)
 .text.libgcc   0x00000000        0x0 c:/program files (x86)/atmel/studio/7.0/toolchain/avr8/avr8-gnu-toolchain/bin/../lib/gcc/avr/5.4.0/avr5\libgcc.a(_epilogue.o)
 .text.libgcc.builtins
                0x00000000        0x0 c:/program files (x86)/atmel/studio/7.0/toolchain/avr8/avr8-gnu-toolchain/bin/../lib/gcc/avr/5.4.0/avr5\libgcc.a(_epilogue.o)
 .text.libgcc.fmul
                0x00000000        0x0 c:/program files (x86)/atmel/studio/7.0/toolchain/avr8/avr8-gnu-toolchain/bin/../lib/gcc/avr/5.4.0/avr5\libgcc.a(_epilogue.o)
 .text.libgcc.fixed
                0x00000000        0x0 c:/program files (x86)/atmel/studio/7.0/toolchain/avr8/avr8-gnu-toolchain/bin/../lib/gcc/avr/5.4.0/avr5\libgcc.a(_epilogue.o)

Memory Configuration

Name             Origin             Length             Attributes
text             0x00000000         0x00008000         xr
data             0x00800060         0x00000800         rw !x
eeprom           0x00810000         0x00000400         rw !x
fuse             0x00820000         0x00000002         rw !x
lock             0x00830000         0x00000400         rw !x
signature        0x00840000         0x00000400         rw !x
user_signatures  0x00850000         0x00000400         rw !x
*default*        0x00000000         0xffffffff

Linker script and memory map

LOAD C:/Program Files (x86)/Atmel/Studio/7.0/Packs/atmel/ATmega_DFP/1.6.364/gcc/dev/atmega32a/avr5/crtatmega32a.o
LOAD error.o
LOAD hc05/hc05.o
LOAD keypad/keypad8.o
LOAD keyprocessor.o
LOAD lcd/lcdgeneric.o
LOAD lcd/lcd_4bit.o
LOAD lcd/lcd_i2cmaster.o
LOAD main.o
LOAD state/enteringage/enteringage.o
LOAD state/enteringname/enteringname.o
LOAD state/enteringphone/enteringphone.o
LOAD state/idle/idle.o
LOAD state/states.o
LOAD twimaster.o
START GROUP
LOAD c:/program files (x86)/atmel/studio/7.0/toolchain/avr8/avr8-gnu-toolchain/bin/../lib/gcc/avr/5.4.0/../../../../avr/lib/avr5\libm.a
END GROUP
START GROUP
LOAD c:/program files (x86)/atmel/studio/7.0/toolchain/avr8/avr8-gnu-toolchain/bin/../lib/gcc/avr/5.4.0/avr5\libgcc.a
LOAD c:/program files (x86)/atmel/studio/7.0/toolchain/avr8/avr8-gnu-toolchain/bin/../lib/gcc/avr/5.4.0/../../../../avr/lib/avr5\libm.a
LOAD c:/program files (x86)/atmel/studio/7.0/toolchain/avr8/avr8-gnu-toolchain/bin/../lib/gcc/avr/5.4.0/../../../../avr/lib/avr5\libc.a
LOAD C:/Program Files (x86)/Atmel/Studio/7.0/Packs/atmel/ATmega_DFP/1.6.364/gcc/dev/atmega32a/avr5\libatmega32a.a
END GROUP
                [0x00000000]                __TEXT_REGION_ORIGIN__ = DEFINED (__TEXT_REGION_ORIGIN__)?__TEXT_REGION_ORIGIN__:0x0
                [0x00800060]                __DATA_REGION_ORIGIN__ = DEFINED (__DATA_REGION_ORIGIN__)?__DATA_REGION_ORIGIN__:0x800060
                [0x00008000]                __TEXT_REGION_LENGTH__ = DEFINED (__TEXT_REGION_LENGTH__)?__TEXT_REGION_LENGTH__:0x20000
                [0x00000800]                __DATA_REGION_LENGTH__ = DEFINED (__DATA_REGION_LENGTH__)?__DATA_REGION_LENGTH__:0xffa0
                [0x00000400]                __EEPROM_REGION_LENGTH__ = DEFINED (__EEPROM_REGION_LENGTH__)?__EEPROM_REGION_LENGTH__:0x10000
                [0x00000002]                __FUSE_REGION_LENGTH__ = DEFINED (__FUSE_REGION_LENGTH__)?__FUSE_REGION_LENGTH__:0x400
                0x00000400                __LOCK_REGION_LENGTH__ = DEFINED (__LOCK_REGION_LENGTH__)?__LOCK_REGION_LENGTH__:0x400
                0x00000400                __SIGNATURE_REGION_LENGTH__ = DEFINED (__SIGNATURE_REGION_LENGTH__)?__SIGNATURE_REGION_LENGTH__:0x400
                0x00000400                __USER_SIGNATURE_REGION_LENGTH__ = DEFINED (__USER_SIGNATURE_REGION_LENGTH__)?__USER_SIGNATURE_REGION_LENGTH__:0x400

.hash
 *(.hash)

.dynsym
 *(.dynsym)

.dynstr
 *(.dynstr)

.gnu.version
 *(.gnu.version)

.gnu.version_d
 *(.gnu.version_d)

.gnu.version_r
 *(.gnu.version_r)

.rel.init
 *(.rel.init)

.rela.init
 *(.rela.init)

.rel.text
 *(.rel.text)
 *(.rel.text.*)
 *(.rel.gnu.linkonce.t*)

.rela.text
 *(.rela.text)
 *(.rela.text.*)
 *(.rela.gnu.linkonce.t*)

.rel.fini
 *(.rel.fini)

.rela.fini
 *(.rela.fini)

.rel.rodata
 *(.rel.rodata)
 *(.rel.rodata.*)
 *(.rel.gnu.linkonce.r*)

.rela.rodata
 *(.rela.rodata)
 *(.rela.rodata.*)
 *(.rela.gnu.linkonce.r*)

.rel.data
 *(.rel.data)
 *(.rel.data.*)
 *(.rel.gnu.linkonce.d*)

.rela.data
 *(.rela.data)
 *(.rela.data.*)
 *(.rela.gnu.linkonce.d*)

.rel.ctors
 *(.rel.ctors)

.rela.ctors
 *(.rela.ctors)

.rel.dtors
 *(.rel.dtors)

.rela.dtors
 *(.rela.dtors)

.rel.got
 *(.rel.got)

.rela.got
 *(.rela.got)

.rel.bss
 *(.rel.bss)

.rela.bss
 *(.rela.bss)

.rel.plt
 *(.rel.plt)

.rela.plt
 *(.rela.plt)

.text           0x00000000     0x15bc
 *(.vectors)
 .vectors       0x00000000       0x54 C:/Program Files (x86)/Atmel/Studio/7.0/Packs/atmel/ATmega_DFP/1.6.364/gcc/dev/atmega32a/avr5/crtatmega32a.o
                0x00000000                __vector_default
                0x00000000                __vectors
 *(.vectors)
 *(.progmem.gcc*)
                0x00000054                . = ALIGN (0x2)
                0x00000054                __trampolines_start = .
 *(.trampolines)
 .trampolines   0x00000054        0x0 linker stubs
 *(.trampolines*)
                0x00000054                __trampolines_end = .
 *libprintf_flt.a:*(.progmem.data)
 *libc.a:*(.progmem.data)
 *(.progmem*)
                0x00000054                . = ALIGN (0x2)
 *(.jumptables)
 *(.jumptables*)
 *(.lowtext)
 *(.lowtext*)
                0x00000054                __ctors_start = .
 *(.ctors)
                0x00000054                __ctors_end = .
                0x00000054                __dtors_start = .
 *(.dtors)
                0x00000054                __dtors_end = .
 SORT(*)(.ctors)
 SORT(*)(.dtors)
 *(.init0)
 .init0         0x00000054        0x0 C:/Program Files (x86)/Atmel/Studio/7.0/Packs/atmel/ATmega_DFP/1.6.364/gcc/dev/atmega32a/avr5/crtatmega32a.o
                0x00000054                __init
 *(.init0)
 *(.init1)
 *(.init1)
 *(.init2)
 .init2         0x00000054        0xc C:/Program Files (x86)/Atmel/Studio/7.0/Packs/atmel/ATmega_DFP/1.6.364/gcc/dev/atmega32a/avr5/crtatmega32a.o
 *(.init2)
 *(.init3)
 *(.init3)
 *(.init4)
 .init4         0x00000060       0x16 c:/program files (x86)/atmel/studio/7.0/toolchain/avr8/avr8-gnu-toolchain/bin/../lib/gcc/avr/5.4.0/avr5\libgcc.a(_copy_data.o)
                0x00000060                __do_copy_data
 .init4         0x00000076       0x10 c:/program files (x86)/atmel/studio/7.0/toolchain/avr8/avr8-gnu-toolchain/bin/../lib/gcc/avr/5.4.0/avr5\libgcc.a(_clear_bss.o)
                0x00000076                __do_clear_bss
 *(.init4)
 *(.init5)
 *(.init5)
 *(.init6)
 *(.init6)
 *(.init7)
 *(.init7)
 *(.init8)
 *(.init8)
 *(.init9)
 .init9         0x00000086        0x8 C:/Program Files (x86)/Atmel/Studio/7.0/Packs/atmel/ATmega_DFP/1.6.364/gcc/dev/atmega32a/avr5/crtatmega32a.o
 *(.init9)
 *(.text)
 .text          0x0000008e        0x4 C:/Program Files (x86)/Atmel/Studio/7.0/Packs/atmel/ATmega_DFP/1.6.364/gcc/dev/atmega32a/avr5/crtatmega32a.o
                0x0000008e                __vector_1
                0x0000008e                __vector_12
                0x0000008e                __bad_interrupt
                0x0000008e                __vector_6
                0x0000008e                __vector_3
                0x0000008e                __vector_11
                0x0000008e                __vector_13
                0x0000008e                __vector_17
                0x0000008e                __vector_19
                0x0000008e                __vector_7
                0x0000008e                __vector_5
                0x0000008e                __vector_4
                0x0000008e                __vector_9
                0x0000008e                __vector_2
                0x0000008e                __vector_15
                0x0000008e                __vector_8
                0x0000008e                __vector_14
                0x0000008e                __vector_10
                0x0000008e                __vector_16
                0x0000008e                __vector_18
                0x0000008e                __vector_20
                0x00000092                . = ALIGN (0x2)
 *(.text.*)
 .text.Error_Error
                0x00000092        0x6 error.o
                0x00000092                Error_Error
 .text.Error_ErrorNum
                0x00000098       0x6a error.o
                0x00000098                Error_ErrorNum
 .text.Error_ErrorBin
                0x00000102       0x6c error.o
                0x00000102                Error_ErrorBin
 .text.HC05_Init_Data_Mode
                0x0000016e       0x14 hc05/hc05.o
                0x0000016e                HC05_Init_Data_Mode
 .text.HC05_SendChar
                0x00000182        0x8 hc05/hc05.o
                0x00000182                HC05_SendChar
 .text.HC05_SendString
                0x0000018a       0x1e hc05/hc05.o
                0x0000018a                HC05_SendString
 .text.Keypad_Init
                0x000001a8        0xe keypad/keypad8.o
                0x000001a8                Keypad_Init
 .text.Keypad_ResetBuffer
                0x000001b6       0x20 keypad/keypad8.o
                0x000001b6                Keypad_ResetBuffer
 .text.Keypad_InitNumpad
                0x000001d6        0x8 keypad/keypad8.o
                0x000001d6                Keypad_InitNumpad
 .text.Keypad_GetMode
                0x000001de       0x22 keypad/keypad8.o
                0x000001de                Keypad_GetMode
 .text.Keypad_UpdateKeyMode
                0x00000200       0x34 keypad/keypad8.o
                0x00000200                Keypad_UpdateKeyMode
 .text.Keypad_KeyPressed
                0x00000234        0x8 keypad/keypad8.o
                0x00000234                Keypad_KeyPressed
 .text.Keypad_GetRow
                0x0000023c       0x56 keypad/keypad8.o
                0x0000023c                Keypad_GetRow
 .text.Keypad_GetCol
                0x00000292       0x54 keypad/keypad8.o
                0x00000292                Keypad_GetCol
 .text.addChar  0x000002e6       0x3c keypad/keypad8.o
                0x000002e6                addChar
 .text.Keypad_AddKey
                0x00000322       0xf4 keypad/keypad8.o
                0x00000322                Keypad_AddKey
 .text.Keypad_GetKey
                0x00000416       0x40 keypad/keypad8.o
                0x00000416                Keypad_GetKey
 .text.KeyProcessor_ProcessKey
                0x00000456       0x3c keyprocessor.o
                0x00000456                KeyProcessor_ProcessKey
 .text.Lcd_Init
                0x00000492       0x5c lcd/lcdgeneric.o
                0x00000492                Lcd_Init
 .text.Lcd_ClearScreen
                0x000004ee       0x20 lcd/lcdgeneric.o
                0x000004ee                Lcd_ClearScreen
 .text.Lcd_Prints
                0x0000050e       0x24 lcd/lcdgeneric.o
                0x0000050e                Lcd_Prints
 .text.Lcd_Position
                0x00000532       0x28 lcd/lcdgeneric.o
                0x00000532                Lcd_Position
 .text.Lcd_Printc
                0x0000055a       0x22 lcd/lcdgeneric.o
                0x0000055a                Lcd_Printc
 .text.pinChange
                0x0000057c      0x280 lcd/lcd_4bit.o
                0x0000057c                pinChange
 .text.Lcd4_Port
                0x000007fc       0x80 lcd/lcd_4bit.o
                0x000007fc                Lcd4_Port
 .text.Lcd4_Cmd
                0x0000087c       0x4a lcd/lcd_4bit.o
                0x0000087c                Lcd4_Cmd
 .text.Lcd4_Clear
                0x000008c6        0xe lcd/lcd_4bit.o
                0x000008c6                Lcd4_Clear
 .text.Lcd4_Set_Cursor
                0x000008d4       0x3a lcd/lcd_4bit.o
                0x000008d4                Lcd4_Set_Cursor
 .text.Lcd4_Init
                0x0000090e       0x6c lcd/lcd_4bit.o
                0x0000090e                Lcd4_Init
 .text.Lcd4_Write_Char
                0x0000097a       0x86 lcd/lcd_4bit.o
                0x0000097a                Lcd4_Write_Char
 .text.Lcd4_Write_String
                0x00000a00       0x1e lcd/lcd_4bit.o
                0x00000a00                Lcd4_Write_String
 .text.I2C_WRITESEQ
                0x00000a1e       0x58 lcd/lcd_i2cmaster.o
                0x00000a1e                I2C_WRITESEQ
 .text.wr_lcd_mode
                0x00000a76       0x94 lcd/lcd_i2cmaster.o
 .text.lcd_gotoxy
                0x00000b0a       0x2c lcd/lcd_i2cmaster.o
                0x00000b0a                lcd_gotoxy
 .text.lcd_clrscr
                0x00000b36       0x12 lcd/lcd_i2cmaster.o
                0x00000b36                lcd_clrscr
 .text.lcd_putc
                0x00000b48       0x52 lcd/lcd_i2cmaster.o
                0x00000b48                lcd_putc
 .text.lcd_puts
                0x00000b9a       0x1e lcd/lcd_i2cmaster.o
                0x00000b9a                lcd_puts
 .text.lcd_init
                0x00000bb8       0xe2 lcd/lcd_i2cmaster.o
                0x00000bb8                lcd_init
 .text.lcd_backlight
                0x00000c9a        0x8 lcd/lcd_i2cmaster.o
                0x00000c9a                lcd_backlight
 .text.main     0x00000ca2       0x58 main.o
                0x00000ca2                main
 .text.EnteringAge_Init
                0x00000cfa       0x28 state/enteringage/enteringage.o
                0x00000cfa                EnteringAge_Init
 .text.EnteringAge_ProcessKey
                0x00000d22       0x86 state/enteringage/enteringage.o
                0x00000d22                EnteringAge_ProcessKey
 .text.EnteringName_Init
                0x00000da8       0x24 state/enteringname/enteringname.o
                0x00000da8                EnteringName_Init
 .text.EnteringName_ProcessKey
                0x00000dcc       0x86 state/enteringname/enteringname.o
                0x00000dcc                EnteringName_ProcessKey
 .text.EnteringPhone_Init
                0x00000e52       0x28 state/enteringphone/enteringphone.o
                0x00000e52                EnteringPhone_Init
 .text.EnteringPhone_ProcessKey
                0x00000e7a       0x7e state/enteringphone/enteringphone.o
                0x00000e7a                EnteringPhone_ProcessKey
 .text.Idle_ProcessKey
                0x00000ef8        0x8 state/idle/idle.o
                0x00000ef8                Idle_ProcessKey
 .text.Idle_Init
                0x00000f00       0x38 state/idle/idle.o
                0x00000f00                Idle_Init
 .text.States_GotoState
                0x00000f38       0x42 state/states.o
                0x00000f38                States_GotoState
 .text.i2c_init
                0x00000f7a        0x8 twimaster.o
                0x00000f7a                i2c_init
 .text.i2c_start
                0x00000f82       0x3c twimaster.o
                0x00000f82                i2c_start
 .text.i2c_stop
                0x00000fbe        0xc twimaster.o
                0x00000fbe                i2c_stop
 .text.i2c_write
                0x00000fca       0x1a twimaster.o
                0x00000fca                i2c_write
 .text.avr-libc
                0x00000fe4       0x44 c:/program files (x86)/atmel/studio/7.0/toolchain/avr8/avr8-gnu-toolchain/bin/../lib/gcc/avr/5.4.0/../../../../avr/lib/avr5\libc.a(sprintf.o)
                0x00000fe4                sprintf
 .text.avr-libc
                0x00001028      0x3c2 c:/program files (x86)/atmel/studio/7.0/toolchain/avr8/avr8-gnu-toolchain/bin/../lib/gcc/avr/5.4.0/../../../../avr/lib/avr5\libc.a(vfprintf_std.o)
                0x00001028                vfprintf
 .text.avr-libc
                0x000013ea       0x16 c:/program files (x86)/atmel/studio/7.0/toolchain/avr8/avr8-gnu-toolchain/bin/../lib/gcc/avr/5.4.0/../../../../avr/lib/avr5\libc.a(strnlen_P.o)
                0x000013ea                strnlen_P
 .text.avr-libc
                0x00001400       0x16 c:/program files (x86)/atmel/studio/7.0/toolchain/avr8/avr8-gnu-toolchain/bin/../lib/gcc/avr/5.4.0/../../../../avr/lib/avr5\libc.a(strnlen.o)
                0x00001400                strnlen
 .text.avr-libc
                0x00001416       0x78 c:/program files (x86)/atmel/studio/7.0/toolchain/avr8/avr8-gnu-toolchain/bin/../lib/gcc/avr/5.4.0/../../../../avr/lib/avr5\libc.a(fputc.o)
                0x00001416                fputc
 .text.avr-libc
                0x0000148e       0xbc c:/program files (x86)/atmel/studio/7.0/toolchain/avr8/avr8-gnu-toolchain/bin/../lib/gcc/avr/5.4.0/../../../../avr/lib/avr5\libc.a(ultoa_invert.o)
                0x0000148e                __ultoa_invert
 .text.libgcc.prologue
                0x0000154a       0x38 c:/program files (x86)/atmel/studio/7.0/toolchain/avr8/avr8-gnu-toolchain/bin/../lib/gcc/avr/5.4.0/avr5\libgcc.a(_prologue.o)
                0x0000154a                __prologue_saves__
 .text.libgcc.prologue
                0x00001582       0x36 c:/program files (x86)/atmel/studio/7.0/toolchain/avr8/avr8-gnu-toolchain/bin/../lib/gcc/avr/5.4.0/avr5\libgcc.a(_epilogue.o)
                0x00001582                __epilogue_restores__
                0x000015b8                . = ALIGN (0x2)
 *(.fini9)
 .fini9         0x000015b8        0x0 c:/program files (x86)/atmel/studio/7.0/toolchain/avr8/avr8-gnu-toolchain/bin/../lib/gcc/avr/5.4.0/avr5\libgcc.a(_exit.o)
                0x000015b8                _exit
                0x000015b8                exit
 *(.fini9)
 *(.fini8)
 *(.fini8)
 *(.fini7)
 *(.fini7)
 *(.fini6)
 *(.fini6)
 *(.fini5)
 *(.fini5)
 *(.fini4)
 *(.fini4)
 *(.fini3)
 *(.fini3)
 *(.fini2)
 *(.fini2)
 *(.fini1)
 *(.fini1)
 *(.fini0)
 .fini0         0x000015b8        0x4 c:/program files (x86)/atmel/studio/7.0/toolchain/avr8/avr8-gnu-toolchain/bin/../lib/gcc/avr/5.4.0/avr5\libgcc.a(_exit.o)
 *(.fini0)
                0x000015bc                _etext = .

.data           0x00800060      0x15c load address 0x000015bc
                0x00800060                PROVIDE (__data_start, .)
 *(.data)
 *(.data*)
 .data.backlight.1943
                0x00800060        0x1 lcd/lcd_i2cmaster.o
 .data._base_y  0x00800061        0x4 lcd/lcd_i2cmaster.o
 *(.gnu.linkonce.d*)
 *(.rodata)
 *(.rodata*)
 .rodata.str1.1
                0x00800065        0xa error.o
 .rodata.str1.1
                0x0080006f       0x54 keypad/keypad8.o
 .rodata.str1.1
                0x008000c3       0x24 keyprocessor.o
 .rodata.str1.1
                0x008000e7       0x6a lcd/lcdgeneric.o
 .rodata.str1.1
                0x00800151        0xc main.o
 .rodata.str1.1
                0x0080015d        0xb state/enteringage/enteringage.o
 .rodata.str1.1
                0x00800168        0xc state/enteringname/enteringname.o
 .rodata.str1.1
                0x00800174        0xa state/enteringphone/enteringphone.o
 .rodata.str1.1
                0x0080017e       0x1d state/idle/idle.o
 .rodata.str1.1
                0x0080019b       0x20 state/states.o
 *(.gnu.linkonce.r*)
                0x008001bc                . = ALIGN (0x2)
 *fill*         0x008001bb        0x1 
                0x008001bc                _edata = .
                0x008001bc                PROVIDE (__data_end, .)

.bss            0x008001bc       0x19
                0x008001bc                PROVIDE (__bss_start, .)
 *(.bss)
 *(.bss*)
 .bss.position  0x008001bc        0x2 keypad/keypad8.o
                0x008001bc                position
 .bss.isUpperCase
                0x008001be        0x1 keypad/keypad8.o
                0x008001be                isUpperCase
 .bss.isNumber  0x008001bf        0x1 keypad/keypad8.o
                0x008001bf                isNumber
 *(COMMON)
 COMMON         0x008001c0       0x11 keypad/keypad8.o
                0x008001c0                keyBuffer
 COMMON         0x008001d1        0x3 lcd/lcd_i2cmaster.o
                0x008001d1                _lcd_maxx
                0x008001d2                _lcd_x
                0x008001d3                _lcd_y
 COMMON         0x008001d4        0x1 state/states.o
                0x008001d4                currentState
                0x008001d5                PROVIDE (__bss_end, .)
                0x000015bc                __data_load_start = LOADADDR (.data)
                0x00001718                __data_load_end = (__data_load_start + SIZEOF (.data))

.noinit         0x008001d5        0x0
                [!provide]                PROVIDE (__noinit_start, .)
 *(.noinit*)
                [!provide]                PROVIDE (__noinit_end, .)
                0x008001d5                _end = .
                [!provide]                PROVIDE (__heap_start, .)

.eeprom         0x00810000        0x0
 *(.eeprom*)
                0x00810000                __eeprom_end = .

.fuse
 *(.fuse)
 *(.lfuse)
 *(.hfuse)
 *(.efuse)

.lock
 *(.lock*)

.signature
 *(.signature*)

.user_signatures
 *(.user_signatures*)

.stab
 *(.stab)

.stabstr
 *(.stabstr)

.stab.excl
 *(.stab.excl)

.stab.exclstr
 *(.stab.exclstr)

.stab.index
 *(.stab.index)

.stab.indexstr
 *(.stab.indexstr)

.comment        0x00000000       0x5c
 *(.comment)
 .comment       0x00000000       0x30 error.o
                                 0x31 (size before relaxing)
 .comment       0x00000030       0x31 hc05/hc05.o
 .comment       0x00000030       0x31 keypad/keypad8.o
 .comment       0x00000030       0x31 keyprocessor.o
 .comment       0x00000030       0x31 lcd/lcdgeneric.o
 .comment       0x00000030       0x31 lcd/lcd_4bit.o
 .comment       0x00000030       0x31 lcd/lcd_i2cmaster.o
 .comment       0x00000030       0x31 main.o
 .comment       0x00000030       0x31 state/enteringage/enteringage.o
 .comment       0x00000030       0x31 state/enteringname/enteringname.o
 .comment       0x00000030       0x31 state/enteringphone/enteringphone.o
 .comment       0x00000030       0x31 state/idle/idle.o
 .comment       0x00000030       0x31 state/states.o
 .comment       0x00000030       0x31 twimaster.o
 .comment       0x00000030       0x31 c:/program files (x86)/atmel/studio/7.0/toolchain/avr8/avr8-gnu-toolchain/bin/../lib/gcc/avr/5.4.0/../../../../avr/lib/avr5\libc.a(sprintf.o)
 .comment       0x00000030       0x2c c:/program files (x86)/atmel/studio/7.0/toolchain/avr8/avr8-gnu-toolchain/bin/../lib/gcc/avr/5.4.0/../../../../avr/lib/avr5\libc.a(vfprintf_std.o)
                                 0x2d (size before relaxing)
 .comment       0x0000005c       0x31 c:/program files (x86)/atmel/studio/7.0/toolchain/avr8/avr8-gnu-toolchain/bin/../lib/gcc/avr/5.4.0/../../../../avr/lib/avr5\libc.a(fputc.o)

.note.gnu.avr.deviceinfo
                0x00000000       0x3c
 .note.gnu.avr.deviceinfo
                0x00000000       0x3c C:/Program Files (x86)/Atmel/Studio/7.0/Packs/atmel/ATmega_DFP/1.6.364/gcc/dev/atmega32a/avr5/crtatmega32a.o

.note.gnu.build-id
 *(.note.gnu.build-id)

.debug
 *(.debug)

.line
 *(.line)

.debug_srcinfo
 *(.debug_srcinfo)

.debug_sfnames
 *(.debug_sfnames)

.debug_aranges  0x00000000      0x350
 *(.debug_aranges)
 .debug_aranges
                0x00000000       0x30 error.o
 .debug_aranges
                0x00000030       0x38 hc05/hc05.o
 .debug_aranges
                0x00000068       0x70 keypad/keypad8.o
 .debug_aranges
                0x000000d8       0x20 keyprocessor.o
 .debug_aranges
                0x000000f8       0x40 lcd/lcdgeneric.o
 .debug_aranges
                0x00000138       0x68 lcd/lcd_4bit.o
 .debug_aranges
                0x000001a0       0x78 lcd/lcd_i2cmaster.o
 .debug_aranges
                0x00000218       0x20 main.o
 .debug_aranges
                0x00000238       0x28 state/enteringage/enteringage.o
 .debug_aranges
                0x00000260       0x28 state/enteringname/enteringname.o
 .debug_aranges
                0x00000288       0x28 state/enteringphone/enteringphone.o
 .debug_aranges
                0x000002b0       0x28 state/idle/idle.o
 .debug_aranges
                0x000002d8       0x20 state/states.o
 .debug_aranges
                0x000002f8       0x58 twimaster.o

.debug_pubnames
 *(.debug_pubnames)

.debug_info     0x00000000     0x30f8
 *(.debug_info .gnu.linkonce.wi.*)
 .debug_info    0x00000000      0x4e6 C:/Program Files (x86)/Atmel/Studio/7.0/Packs/atmel/ATmega_DFP/1.6.364/gcc/dev/atmega32a/avr5/crtatmega32a.o
 .debug_info    0x000004e6      0x22e error.o
 .debug_info    0x00000714      0x101 hc05/hc05.o
 .debug_info    0x00000815      0x4c5 keypad/keypad8.o
 .debug_info    0x00000cda      0x133 keyprocessor.o
 .debug_info    0x00000e0d      0x41c lcd/lcdgeneric.o
 .debug_info    0x00001229      0x8c9 lcd/lcd_4bit.o
 .debug_info    0x00001af2      0x743 lcd/lcd_i2cmaster.o
 .debug_info    0x00002235      0x273 main.o
 .debug_info    0x000024a8      0x29e state/enteringage/enteringage.o
 .debug_info    0x00002746      0x288 state/enteringname/enteringname.o
 .debug_info    0x000029ce      0x28b state/enteringphone/enteringphone.o
 .debug_info    0x00002c59      0x1a5 state/idle/idle.o
 .debug_info    0x00002dfe      0x13d state/states.o
 .debug_info    0x00002f3b      0x1bd twimaster.o

.debug_abbrev   0x00000000     0x13e9
 *(.debug_abbrev)
 .debug_abbrev  0x00000000      0x4a3 C:/Program Files (x86)/Atmel/Studio/7.0/Packs/atmel/ATmega_DFP/1.6.364/gcc/dev/atmega32a/avr5/crtatmega32a.o
 .debug_abbrev  0x000004a3      0x11c error.o
 .debug_abbrev  0x000005bf       0xcd hc05/hc05.o
 .debug_abbrev  0x0000068c      0x1a1 keypad/keypad8.o
 .debug_abbrev  0x0000082d       0xa7 keyprocessor.o
 .debug_abbrev  0x000008d4      0x165 lcd/lcdgeneric.o
 .debug_abbrev  0x00000a39      0x17e lcd/lcd_4bit.o
 .debug_abbrev  0x00000bb7      0x1e2 lcd/lcd_i2cmaster.o
 .debug_abbrev  0x00000d99      0x110 main.o
 .debug_abbrev  0x00000ea9       0xff state/enteringage/enteringage.o
 .debug_abbrev  0x00000fa8       0xff state/enteringname/enteringname.o
 .debug_abbrev  0x000010a7       0xff state/enteringphone/enteringphone.o
 .debug_abbrev  0x000011a6       0xb0 state/idle/idle.o
 .debug_abbrev  0x00001256       0xae state/states.o
 .debug_abbrev  0x00001304       0xe5 twimaster.o

.debug_line     0x00000000     0x21d2
 *(.debug_line .debug_line.* .debug_line_end)
 .debug_line    0x00000000      0x116 C:/Program Files (x86)/Atmel/Studio/7.0/Packs/atmel/ATmega_DFP/1.6.364/gcc/dev/atmega32a/avr5/crtatmega32a.o
 .debug_line    0x00000116      0x127 error.o
 .debug_line    0x0000023d      0x130 hc05/hc05.o
 .debug_line    0x0000036d      0x37a keypad/keypad8.o
 .debug_line    0x000006e7      0x180 keyprocessor.o
 .debug_line    0x00000867      0x256 lcd/lcdgeneric.o
 .debug_line    0x00000abd      0x650 lcd/lcd_4bit.o
 .debug_line    0x0000110d      0x3c4 lcd/lcd_i2cmaster.o
 .debug_line    0x000014d1      0x1ca main.o
 .debug_line    0x0000169b      0x1f5 state/enteringage/enteringage.o
 .debug_line    0x00001890      0x1f5 state/enteringname/enteringname.o
 .debug_line    0x00001a85      0x1fb state/enteringphone/enteringphone.o
 .debug_line    0x00001c80      0x122 state/idle/idle.o
 .debug_line    0x00001da2      0x1b2 state/states.o
 .debug_line    0x00001f54      0x27e twimaster.o

.debug_frame    0x00000000      0x6a4
 *(.debug_frame)
 .debug_frame   0x00000000       0x7c error.o
 .debug_frame   0x0000007c       0x60 hc05/hc05.o
 .debug_frame   0x000000dc      0x108 keypad/keypad8.o
 .debug_frame   0x000001e4       0x24 keyprocessor.o
 .debug_frame   0x00000208       0x74 lcd/lcdgeneric.o
 .debug_frame   0x0000027c       0xe0 lcd/lcd_4bit.o
 .debug_frame   0x0000035c      0x158 lcd/lcd_i2cmaster.o
 .debug_frame   0x000004b4       0x24 main.o
 .debug_frame   0x000004d8       0x48 state/enteringage/enteringage.o
 .debug_frame   0x00000520       0x48 state/enteringname/enteringname.o
 .debug_frame   0x00000568       0x48 state/enteringphone/enteringphone.o
 .debug_frame   0x000005b0       0x34 state/idle/idle.o
 .debug_frame   0x000005e4       0x2c state/states.o
 .debug_frame   0x00000610       0x94 twimaster.o

.debug_str      0x00000000      0x8a7
 *(.debug_str)
 .debug_str     0x00000000      0x196 C:/Program Files (x86)/Atmel/Studio/7.0/Packs/atmel/ATmega_DFP/1.6.364/gcc/dev/atmega32a/avr5/crtatmega32a.o
 .debug_str     0x00000196      0x192 error.o
                                0x1cb (size before relaxing)
 .debug_str     0x00000328       0x4a hc05/hc05.o
                                0x1c8 (size before relaxing)
 .debug_str     0x00000372      0x10d keypad/keypad8.o
                                0x2b8 (size before relaxing)
 .debug_str     0x0000047f       0x91 keyprocessor.o
                                0x219 (size before relaxing)
 .debug_str     0x00000510       0xf8 lcd/lcdgeneric.o
                                0x2a9 (size before relaxing)
 .debug_str     0x00000608       0x60 lcd/lcd_4bit.o
                                0x258 (size before relaxing)
 .debug_str     0x00000668       0xeb lcd/lcd_i2cmaster.o
                                0x302 (size before relaxing)
 .debug_str     0x00000753       0x22 main.o
                                0x25a (size before relaxing)
 .debug_str     0x00000775       0x34 state/enteringage/enteringage.o
                                0x276 (size before relaxing)
 .debug_str     0x000007a9       0x37 state/enteringname/enteringname.o
                                0x268 (size before relaxing)
 .debug_str     0x000007e0       0x3a state/enteringphone/enteringphone.o
                                0x27e (size before relaxing)
 .debug_str     0x0000081a       0x1f state/idle/idle.o
                                0x1e4 (size before relaxing)
 .debug_str     0x00000839       0x1b state/states.o
                                0x201 (size before relaxing)
 .debug_str     0x00000854       0x53 twimaster.o
                                0x1ea (size before relaxing)

.debug_loc      0x00000000     0x1b64
 *(.debug_loc)
 .debug_loc     0x00000000      0x1b4 error.o
 .debug_loc     0x000001b4       0x64 hc05/hc05.o
 .debug_loc     0x00000218      0x37f keypad/keypad8.o
 .debug_loc     0x00000597       0x85 keyprocessor.o
 .debug_loc     0x0000061c      0x398 lcd/lcdgeneric.o
 .debug_loc     0x000009b4      0x65e lcd/lcd_4bit.o
 .debug_loc     0x00001012      0x698 lcd/lcd_i2cmaster.o
 .debug_loc     0x000016aa       0x9f main.o
 .debug_loc     0x00001749       0xd3 state/enteringage/enteringage.o
 .debug_loc     0x0000181c       0xd3 state/enteringname/enteringname.o
 .debug_loc     0x000018ef       0xba state/enteringphone/enteringphone.o
 .debug_loc     0x000019a9       0x21 state/idle/idle.o
 .debug_loc     0x000019ca       0xa7 state/states.o
 .debug_loc     0x00001a71       0xf3 twimaster.o

.debug_macinfo
 *(.debug_macinfo)

.debug_weaknames
 *(.debug_weaknames)

.debug_funcnames
 *(.debug_funcnames)

.debug_typenames
 *(.debug_typenames)

.debug_varnames
 *(.debug_varnames)

.debug_pubtypes
 *(.debug_pubtypes)

.debug_ranges   0x00000000      0x2a0
 *(.debug_ranges)
 .debug_ranges  0x00000000       0x20 error.o
 .debug_ranges  0x00000020       0x28 hc05/hc05.o
 .debug_ranges  0x00000048       0x60 keypad/keypad8.o
 .debug_ranges  0x000000a8       0x10 keyprocessor.o
 .debug_ranges  0x000000b8       0x30 lcd/lcdgeneric.o
 .debug_ranges  0x000000e8       0x58 lcd/lcd_4bit.o
 .debug_ranges  0x00000140       0x98 lcd/lcd_i2cmaster.o
 .debug_ranges  0x000001d8       0x10 main.o
 .debug_ranges  0x000001e8       0x18 state/enteringage/enteringage.o
 .debug_ranges  0x00000200       0x18 state/enteringname/enteringname.o
 .debug_ranges  0x00000218       0x18 state/enteringphone/enteringphone.o
 .debug_ranges  0x00000230       0x18 state/idle/idle.o
 .debug_ranges  0x00000248       0x10 state/states.o
 .debug_ranges  0x00000258       0x48 twimaster.o

.debug_macro
 *(.debug_macro)
OUTPUT(projcodes.elf elf32-avr)
LOAD linker stubs
