Archive member included to satisfy reference by file (symbol)

c:/program files (x86)/atmel/studio/7.0/toolchain/avr8/avr8-gnu-toolchain/bin/../lib/gcc/avr/5.4.0/avr5\libgcc.a(_exit.o)
                              C:/Program Files (x86)/Atmel/Studio/7.0/Packs/atmel/ATmega_DFP/1.2.209/gcc/dev/atmega32/avr5/crtatmega32.o (exit)
c:/program files (x86)/atmel/studio/7.0/toolchain/avr8/avr8-gnu-toolchain/bin/../lib/gcc/avr/5.4.0/avr5\libgcc.a(_copy_data.o)
                              idle.o (__do_copy_data)
c:/program files (x86)/atmel/studio/7.0/toolchain/avr8/avr8-gnu-toolchain/bin/../lib/gcc/avr/5.4.0/avr5\libgcc.a(_clear_bss.o)
                              lcd_i2cmaster.o (__do_clear_bss)

Allocating common symbols
Common symbol       size              file

_lcd_maxx           0x1               lcd_i2cmaster.o
currentState        0x1               states.o
_lcd_x              0x1               lcd_i2cmaster.o
_lcd_y              0x1               lcd_i2cmaster.o

Discarded input sections

 .data          0x00000000        0x0 C:/Program Files (x86)/Atmel/Studio/7.0/Packs/atmel/ATmega_DFP/1.2.209/gcc/dev/atmega32/avr5/crtatmega32.o
 .bss           0x00000000        0x0 C:/Program Files (x86)/Atmel/Studio/7.0/Packs/atmel/ATmega_DFP/1.2.209/gcc/dev/atmega32/avr5/crtatmega32.o
 .text          0x00000000        0x0 error.o
 .data          0x00000000        0x0 error.o
 .bss           0x00000000        0x0 error.o
 .text          0x00000000        0x0 hc05.o
 .data          0x00000000        0x0 hc05.o
 .bss           0x00000000        0x0 hc05.o
 .text.HC05_ReceiveChar
                0x00000000        0x8 hc05.o
 .text.HC05_SendChar
                0x00000000        0x8 hc05.o
 .text.HC05_SendString
                0x00000000       0x1e hc05.o
 .text          0x00000000        0x0 idle.o
 .data          0x00000000        0x0 idle.o
 .bss           0x00000000        0x0 idle.o
 .text          0x00000000        0x0 keypad8.o
 .data          0x00000000        0x0 keypad8.o
 .bss           0x00000000        0x0 keypad8.o
 .text          0x00000000        0x0 keyprocessor.o
 .data          0x00000000        0x0 keyprocessor.o
 .bss           0x00000000        0x0 keyprocessor.o
 .text          0x00000000        0x0 lcd_4bit.o
 .data          0x00000000        0x0 lcd_4bit.o
 .bss           0x00000000        0x0 lcd_4bit.o
 .text.Lcd4_Shift_Right
                0x00000000        0xe lcd_4bit.o
 .text.Lcd4_Shift_Left
                0x00000000        0xe lcd_4bit.o
 .text          0x00000000        0x0 lcd_i2cmaster.o
 .data          0x00000000        0x0 lcd_i2cmaster.o
 .bss           0x00000000        0x0 lcd_i2cmaster.o
 .text.lcd_home
                0x00000000       0x12 lcd_i2cmaster.o
 .text.lcd_puts_p
                0x00000000       0x24 lcd_i2cmaster.o
 .text.lcd_command
                0x00000000        0x8 lcd_i2cmaster.o
 .text.lcd_data
                0x00000000        0x8 lcd_i2cmaster.o
 .text          0x00000000        0x0 main.o
 .data          0x00000000        0x0 main.o
 .bss           0x00000000        0x0 main.o
 .text          0x00000000        0x0 states.o
 .data          0x00000000        0x0 states.o
 .bss           0x00000000        0x0 states.o
 .text          0x00000000        0x0 twimaster.o
 .data          0x00000000        0x0 twimaster.o
 .bss           0x00000000        0x0 twimaster.o
 .text.i2c_start_wait
                0x00000000       0x3c twimaster.o
 .text.i2c_rep_start
                0x00000000        0x6 twimaster.o
 .text.i2c_readAck
                0x00000000        0xe twimaster.o
 .text.i2c_readNak
                0x00000000        0xe twimaster.o
 .text          0x00000000        0x0 c:/program files (x86)/atmel/studio/7.0/toolchain/avr8/avr8-gnu-toolchain/bin/../lib/gcc/avr/5.4.0/avr5\libgcc.a(_exit.o)
 .data          0x00000000        0x0 c:/program files (x86)/atmel/studio/7.0/toolchain/avr8/avr8-gnu-toolchain/bin/../lib/gcc/avr/5.4.0/avr5\libgcc.a(_exit.o)
 .bss           0x00000000        0x0 c:/program files (x86)/atmel/studio/7.0/toolchain/avr8/avr8-gnu-toolchain/bin/../lib/gcc/avr/5.4.0/avr5\libgcc.a(_exit.o)
 .text.libgcc.mul
                0x00000000        0x0 c:/program files (x86)/atmel/studio/7.0/toolchain/avr8/avr8-gnu-toolchain/bin/../lib/gcc/avr/5.4.0/avr5\libgcc.a(_exit.o)
 .text.libgcc.div
                0x00000000        0x0 c:/program files (x86)/atmel/studio/7.0/toolchain/avr8/avr8-gnu-toolchain/bin/../lib/gcc/avr/5.4.0/avr5\libgcc.a(_exit.o)
 .text.libgcc   0x00000000        0x0 c:/program files (x86)/atmel/studio/7.0/toolchain/avr8/avr8-gnu-toolchain/bin/../lib/gcc/avr/5.4.0/avr5\libgcc.a(_exit.o)
 .text.libgcc.prologue
                0x00000000        0x0 c:/program files (x86)/atmel/studio/7.0/toolchain/avr8/avr8-gnu-toolchain/bin/../lib/gcc/avr/5.4.0/avr5\libgcc.a(_exit.o)
 .text.libgcc.builtins
                0x00000000        0x0 c:/program files (x86)/atmel/studio/7.0/toolchain/avr8/avr8-gnu-toolchain/bin/../lib/gcc/avr/5.4.0/avr5\libgcc.a(_exit.o)
 .text.libgcc.fmul
                0x00000000        0x0 c:/program files (x86)/atmel/studio/7.0/toolchain/avr8/avr8-gnu-toolchain/bin/../lib/gcc/avr/5.4.0/avr5\libgcc.a(_exit.o)
 .text.libgcc.fixed
                0x00000000        0x0 c:/program files (x86)/atmel/studio/7.0/toolchain/avr8/avr8-gnu-toolchain/bin/../lib/gcc/avr/5.4.0/avr5\libgcc.a(_exit.o)
 .text          0x00000000        0x0 c:/program files (x86)/atmel/studio/7.0/toolchain/avr8/avr8-gnu-toolchain/bin/../lib/gcc/avr/5.4.0/avr5\libgcc.a(_copy_data.o)
 .data          0x00000000        0x0 c:/program files (x86)/atmel/studio/7.0/toolchain/avr8/avr8-gnu-toolchain/bin/../lib/gcc/avr/5.4.0/avr5\libgcc.a(_copy_data.o)
 .bss           0x00000000        0x0 c:/program files (x86)/atmel/studio/7.0/toolchain/avr8/avr8-gnu-toolchain/bin/../lib/gcc/avr/5.4.0/avr5\libgcc.a(_copy_data.o)
 .text.libgcc.mul
                0x00000000        0x0 c:/program files (x86)/atmel/studio/7.0/toolchain/avr8/avr8-gnu-toolchain/bin/../lib/gcc/avr/5.4.0/avr5\libgcc.a(_copy_data.o)
 .text.libgcc.div
                0x00000000        0x0 c:/program files (x86)/atmel/studio/7.0/toolchain/avr8/avr8-gnu-toolchain/bin/../lib/gcc/avr/5.4.0/avr5\libgcc.a(_copy_data.o)
 .text.libgcc   0x00000000        0x0 c:/program files (x86)/atmel/studio/7.0/toolchain/avr8/avr8-gnu-toolchain/bin/../lib/gcc/avr/5.4.0/avr5\libgcc.a(_copy_data.o)
 .text.libgcc.prologue
                0x00000000        0x0 c:/program files (x86)/atmel/studio/7.0/toolchain/avr8/avr8-gnu-toolchain/bin/../lib/gcc/avr/5.4.0/avr5\libgcc.a(_copy_data.o)
 .text.libgcc.builtins
                0x00000000        0x0 c:/program files (x86)/atmel/studio/7.0/toolchain/avr8/avr8-gnu-toolchain/bin/../lib/gcc/avr/5.4.0/avr5\libgcc.a(_copy_data.o)
 .text.libgcc.fmul
                0x00000000        0x0 c:/program files (x86)/atmel/studio/7.0/toolchain/avr8/avr8-gnu-toolchain/bin/../lib/gcc/avr/5.4.0/avr5\libgcc.a(_copy_data.o)
 .text.libgcc.fixed
                0x00000000        0x0 c:/program files (x86)/atmel/studio/7.0/toolchain/avr8/avr8-gnu-toolchain/bin/../lib/gcc/avr/5.4.0/avr5\libgcc.a(_copy_data.o)
 .text          0x00000000        0x0 c:/program files (x86)/atmel/studio/7.0/toolchain/avr8/avr8-gnu-toolchain/bin/../lib/gcc/avr/5.4.0/avr5\libgcc.a(_clear_bss.o)
 .data          0x00000000        0x0 c:/program files (x86)/atmel/studio/7.0/toolchain/avr8/avr8-gnu-toolchain/bin/../lib/gcc/avr/5.4.0/avr5\libgcc.a(_clear_bss.o)
 .bss           0x00000000        0x0 c:/program files (x86)/atmel/studio/7.0/toolchain/avr8/avr8-gnu-toolchain/bin/../lib/gcc/avr/5.4.0/avr5\libgcc.a(_clear_bss.o)
 .text.libgcc.mul
                0x00000000        0x0 c:/program files (x86)/atmel/studio/7.0/toolchain/avr8/avr8-gnu-toolchain/bin/../lib/gcc/avr/5.4.0/avr5\libgcc.a(_clear_bss.o)
 .text.libgcc.div
                0x00000000        0x0 c:/program files (x86)/atmel/studio/7.0/toolchain/avr8/avr8-gnu-toolchain/bin/../lib/gcc/avr/5.4.0/avr5\libgcc.a(_clear_bss.o)
 .text.libgcc   0x00000000        0x0 c:/program files (x86)/atmel/studio/7.0/toolchain/avr8/avr8-gnu-toolchain/bin/../lib/gcc/avr/5.4.0/avr5\libgcc.a(_clear_bss.o)
 .text.libgcc.prologue
                0x00000000        0x0 c:/program files (x86)/atmel/studio/7.0/toolchain/avr8/avr8-gnu-toolchain/bin/../lib/gcc/avr/5.4.0/avr5\libgcc.a(_clear_bss.o)
 .text.libgcc.builtins
                0x00000000        0x0 c:/program files (x86)/atmel/studio/7.0/toolchain/avr8/avr8-gnu-toolchain/bin/../lib/gcc/avr/5.4.0/avr5\libgcc.a(_clear_bss.o)
 .text.libgcc.fmul
                0x00000000        0x0 c:/program files (x86)/atmel/studio/7.0/toolchain/avr8/avr8-gnu-toolchain/bin/../lib/gcc/avr/5.4.0/avr5\libgcc.a(_clear_bss.o)
 .text.libgcc.fixed
                0x00000000        0x0 c:/program files (x86)/atmel/studio/7.0/toolchain/avr8/avr8-gnu-toolchain/bin/../lib/gcc/avr/5.4.0/avr5\libgcc.a(_clear_bss.o)

Memory Configuration

Name             Origin             Length             Attributes
text             0x00000000         0x00020000         xr
data             0x00800060         0x0000ffa0         rw !x
eeprom           0x00810000         0x00010000         rw !x
fuse             0x00820000         0x00000002         rw !x
lock             0x00830000         0x00000400         rw !x
signature        0x00840000         0x00000400         rw !x
user_signatures  0x00850000         0x00000400         rw !x
*default*        0x00000000         0xffffffff

Linker script and memory map

LOAD C:/Program Files (x86)/Atmel/Studio/7.0/Packs/atmel/ATmega_DFP/1.2.209/gcc/dev/atmega32/avr5/crtatmega32.o
LOAD error.o
LOAD hc05.o
LOAD idle.o
LOAD keypad8.o
LOAD keyprocessor.o
LOAD lcd_4bit.o
LOAD lcd_i2cmaster.o
LOAD main.o
LOAD states.o
LOAD twimaster.o
START GROUP
LOAD c:/program files (x86)/atmel/studio/7.0/toolchain/avr8/avr8-gnu-toolchain/bin/../lib/gcc/avr/5.4.0/../../../../avr/lib/avr5\libm.a
END GROUP
START GROUP
LOAD c:/program files (x86)/atmel/studio/7.0/toolchain/avr8/avr8-gnu-toolchain/bin/../lib/gcc/avr/5.4.0/avr5\libgcc.a
LOAD c:/program files (x86)/atmel/studio/7.0/toolchain/avr8/avr8-gnu-toolchain/bin/../lib/gcc/avr/5.4.0/../../../../avr/lib/avr5\libm.a
LOAD c:/program files (x86)/atmel/studio/7.0/toolchain/avr8/avr8-gnu-toolchain/bin/../lib/gcc/avr/5.4.0/../../../../avr/lib/avr5\libc.a
LOAD C:/Program Files (x86)/Atmel/Studio/7.0/Packs/atmel/ATmega_DFP/1.2.209/gcc/dev/atmega32/avr5\libatmega32.a
END GROUP
                0x00000000                __TEXT_REGION_ORIGIN__ = DEFINED (__TEXT_REGION_ORIGIN__)?__TEXT_REGION_ORIGIN__:0x0
                0x00800060                __DATA_REGION_ORIGIN__ = DEFINED (__DATA_REGION_ORIGIN__)?__DATA_REGION_ORIGIN__:0x800060
                0x00020000                __TEXT_REGION_LENGTH__ = DEFINED (__TEXT_REGION_LENGTH__)?__TEXT_REGION_LENGTH__:0x20000
                0x0000ffa0                __DATA_REGION_LENGTH__ = DEFINED (__DATA_REGION_LENGTH__)?__DATA_REGION_LENGTH__:0xffa0
                0x00010000                __EEPROM_REGION_LENGTH__ = DEFINED (__EEPROM_REGION_LENGTH__)?__EEPROM_REGION_LENGTH__:0x10000
                [0x00000002]                __FUSE_REGION_LENGTH__ = DEFINED (__FUSE_REGION_LENGTH__)?__FUSE_REGION_LENGTH__:0x400
                0x00000400                __LOCK_REGION_LENGTH__ = DEFINED (__LOCK_REGION_LENGTH__)?__LOCK_REGION_LENGTH__:0x400
                0x00000400                __SIGNATURE_REGION_LENGTH__ = DEFINED (__SIGNATURE_REGION_LENGTH__)?__SIGNATURE_REGION_LENGTH__:0x400
                0x00000400                __USER_SIGNATURE_REGION_LENGTH__ = DEFINED (__USER_SIGNATURE_REGION_LENGTH__)?__USER_SIGNATURE_REGION_LENGTH__:0x400

.hash
 *(.hash)

.dynsym
 *(.dynsym)

.dynstr
 *(.dynstr)

.gnu.version
 *(.gnu.version)

.gnu.version_d
 *(.gnu.version_d)

.gnu.version_r
 *(.gnu.version_r)

.rel.init
 *(.rel.init)

.rela.init
 *(.rela.init)

.rel.text
 *(.rel.text)
 *(.rel.text.*)
 *(.rel.gnu.linkonce.t*)

.rela.text
 *(.rela.text)
 *(.rela.text.*)
 *(.rela.gnu.linkonce.t*)

.rel.fini
 *(.rel.fini)

.rela.fini
 *(.rela.fini)

.rel.rodata
 *(.rel.rodata)
 *(.rel.rodata.*)
 *(.rel.gnu.linkonce.r*)

.rela.rodata
 *(.rela.rodata)
 *(.rela.rodata.*)
 *(.rela.gnu.linkonce.r*)

.rel.data
 *(.rel.data)
 *(.rel.data.*)
 *(.rel.gnu.linkonce.d*)

.rela.data
 *(.rela.data)
 *(.rela.data.*)
 *(.rela.gnu.linkonce.d*)

.rel.ctors
 *(.rel.ctors)

.rela.ctors
 *(.rela.ctors)

.rel.dtors
 *(.rel.dtors)

.rela.dtors
 *(.rela.dtors)

.rel.got
 *(.rel.got)

.rela.got
 *(.rela.got)

.rel.bss
 *(.rel.bss)

.rela.bss
 *(.rela.bss)

.rel.plt
 *(.rel.plt)

.rela.plt
 *(.rela.plt)

.text           0x00000000      0x9cc
 *(.vectors)
 .vectors       0x00000000       0x54 C:/Program Files (x86)/Atmel/Studio/7.0/Packs/atmel/ATmega_DFP/1.2.209/gcc/dev/atmega32/avr5/crtatmega32.o
                0x00000000                __vector_default
                0x00000000                __vectors
 *(.vectors)
 *(.progmem.gcc*)
                0x00000054                . = ALIGN (0x2)
                0x00000054                __trampolines_start = .
 *(.trampolines)
 .trampolines   0x00000054        0x0 linker stubs
 *(.trampolines*)
                0x00000054                __trampolines_end = .
 *libprintf_flt.a:*(.progmem.data)
 *libc.a:*(.progmem.data)
 *(.progmem*)
                0x00000054                . = ALIGN (0x2)
 *(.jumptables)
 *(.jumptables*)
 *(.lowtext)
 *(.lowtext*)
                0x00000054                __ctors_start = .
 *(.ctors)
                0x00000054                __ctors_end = .
                0x00000054                __dtors_start = .
 *(.dtors)
                0x00000054                __dtors_end = .
 SORT(*)(.ctors)
 SORT(*)(.dtors)
 *(.init0)
 .init0         0x00000054        0x0 C:/Program Files (x86)/Atmel/Studio/7.0/Packs/atmel/ATmega_DFP/1.2.209/gcc/dev/atmega32/avr5/crtatmega32.o
                0x00000054                __init
 *(.init0)
 *(.init1)
 *(.init1)
 *(.init2)
 .init2         0x00000054        0xc C:/Program Files (x86)/Atmel/Studio/7.0/Packs/atmel/ATmega_DFP/1.2.209/gcc/dev/atmega32/avr5/crtatmega32.o
 *(.init2)
 *(.init3)
 *(.init3)
 *(.init4)
 .init4         0x00000060       0x16 c:/program files (x86)/atmel/studio/7.0/toolchain/avr8/avr8-gnu-toolchain/bin/../lib/gcc/avr/5.4.0/avr5\libgcc.a(_copy_data.o)
                0x00000060                __do_copy_data
 .init4         0x00000076       0x10 c:/program files (x86)/atmel/studio/7.0/toolchain/avr8/avr8-gnu-toolchain/bin/../lib/gcc/avr/5.4.0/avr5\libgcc.a(_clear_bss.o)
                0x00000076                __do_clear_bss
 *(.init4)
 *(.init5)
 *(.init5)
 *(.init6)
 *(.init6)
 *(.init7)
 *(.init7)
 *(.init8)
 *(.init8)
 *(.init9)
 .init9         0x00000086        0x8 C:/Program Files (x86)/Atmel/Studio/7.0/Packs/atmel/ATmega_DFP/1.2.209/gcc/dev/atmega32/avr5/crtatmega32.o
 *(.init9)
 *(.text)
 .text          0x0000008e        0x4 C:/Program Files (x86)/Atmel/Studio/7.0/Packs/atmel/ATmega_DFP/1.2.209/gcc/dev/atmega32/avr5/crtatmega32.o
                0x0000008e                __vector_1
                0x0000008e                __vector_12
                0x0000008e                __bad_interrupt
                0x0000008e                __vector_6
                0x0000008e                __vector_3
                0x0000008e                __vector_11
                0x0000008e                __vector_13
                0x0000008e                __vector_17
                0x0000008e                __vector_19
                0x0000008e                __vector_7
                0x0000008e                __vector_5
                0x0000008e                __vector_4
                0x0000008e                __vector_9
                0x0000008e                __vector_2
                0x0000008e                __vector_15
                0x0000008e                __vector_8
                0x0000008e                __vector_14
                0x0000008e                __vector_10
                0x0000008e                __vector_16
                0x0000008e                __vector_18
                0x0000008e                __vector_20
                0x00000092                . = ALIGN (0x2)
 *(.text.*)
 .text.Error_Error
                0x00000092        0x2 error.o
                0x00000092                Error_Error
 .text.HC05_Init_Data_Mode
                0x00000094       0x14 hc05.o
                0x00000094                HC05_Init_Data_Mode
 .text.Idle_ProcessKey
                0x000000a8        0x8 idle.o
                0x000000a8                Idle_ProcessKey
 .text.Idle_Init
                0x000000b0       0x26 idle.o
                0x000000b0                Idle_Init
 .text.Keypad_Init
                0x000000d6        0xe keypad8.o
                0x000000d6                Keypad_Init
 .text.Keypad_KeyPressed
                0x000000e4        0x8 keypad8.o
                0x000000e4                Keypad_KeyPressed
 .text.Keypad_GetRow
                0x000000ec       0x38 keypad8.o
                0x000000ec                Keypad_GetRow
 .text.Keypad_GetCol
                0x00000124       0x48 keypad8.o
                0x00000124                Keypad_GetCol
 .text.Keypad_GetKey
                0x0000016c       0x18 keypad8.o
                0x0000016c                Keypad_GetKey
 .text.KeyProcessor_ProcessKey
                0x00000184       0x18 keyprocessor.o
                0x00000184                KeyProcessor_ProcessKey
 .text.pinChange
                0x0000019c      0x280 lcd_4bit.o
                0x0000019c                pinChange
 .text.Lcd4_Port
                0x0000041c       0x80 lcd_4bit.o
                0x0000041c                Lcd4_Port
 .text.Lcd4_Cmd
                0x0000049c       0x4a lcd_4bit.o
                0x0000049c                Lcd4_Cmd
 .text.Lcd4_Clear
                0x000004e6        0xe lcd_4bit.o
                0x000004e6                Lcd4_Clear
 .text.Lcd4_Set_Cursor
                0x000004f4       0x3a lcd_4bit.o
                0x000004f4                Lcd4_Set_Cursor
 .text.Lcd4_Init
                0x0000052e       0x6c lcd_4bit.o
                0x0000052e                Lcd4_Init
 .text.Lcd4_Write_Char
                0x0000059a       0x86 lcd_4bit.o
                0x0000059a                Lcd4_Write_Char
 .text.Lcd4_Write_String
                0x00000620       0x1e lcd_4bit.o
                0x00000620                Lcd4_Write_String
 .text.I2C_WRITESEQ
                0x0000063e       0x58 lcd_i2cmaster.o
                0x0000063e                I2C_WRITESEQ
 .text.wr_lcd_mode
                0x00000696       0x94 lcd_i2cmaster.o
 .text.lcd_gotoxy
                0x0000072a       0x2c lcd_i2cmaster.o
                0x0000072a                lcd_gotoxy
 .text.lcd_clrscr
                0x00000756       0x12 lcd_i2cmaster.o
                0x00000756                lcd_clrscr
 .text.lcd_putc
                0x00000768       0x52 lcd_i2cmaster.o
                0x00000768                lcd_putc
 .text.lcd_puts
                0x000007ba       0x1e lcd_i2cmaster.o
                0x000007ba                lcd_puts
 .text.lcd_init
                0x000007d8       0xe2 lcd_i2cmaster.o
                0x000007d8                lcd_init
 .text.lcd_backlight
                0x000008ba        0x8 lcd_i2cmaster.o
                0x000008ba                lcd_backlight
 .text.main     0x000008c2       0x88 main.o
                0x000008c2                main
 .text.States_GotoState
                0x0000094a       0x14 states.o
                0x0000094a                States_GotoState
 .text.i2c_init
                0x0000095e        0x8 twimaster.o
                0x0000095e                i2c_init
 .text.i2c_start
                0x00000966       0x3c twimaster.o
                0x00000966                i2c_start
 .text.i2c_stop
                0x000009a2        0xc twimaster.o
                0x000009a2                i2c_stop
 .text.i2c_write
                0x000009ae       0x1a twimaster.o
                0x000009ae                i2c_write
                0x000009c8                . = ALIGN (0x2)
 *(.fini9)
 .fini9         0x000009c8        0x0 c:/program files (x86)/atmel/studio/7.0/toolchain/avr8/avr8-gnu-toolchain/bin/../lib/gcc/avr/5.4.0/avr5\libgcc.a(_exit.o)
                0x000009c8                _exit
                0x000009c8                exit
 *(.fini9)
 *(.fini8)
 *(.fini8)
 *(.fini7)
 *(.fini7)
 *(.fini6)
 *(.fini6)
 *(.fini5)
 *(.fini5)
 *(.fini4)
 *(.fini4)
 *(.fini3)
 *(.fini3)
 *(.fini2)
 *(.fini2)
 *(.fini1)
 *(.fini1)
 *(.fini0)
 .fini0         0x000009c8        0x4 c:/program files (x86)/atmel/studio/7.0/toolchain/avr8/avr8-gnu-toolchain/bin/../lib/gcc/avr/5.4.0/avr5\libgcc.a(_exit.o)
 *(.fini0)
                0x000009cc                _etext = .

.data           0x00800060       0x7c load address 0x000009cc
                0x00800060                PROVIDE (__data_start, .)
 *(.data)
 *(.data*)
 .data.backlight.1943
                0x00800060        0x1 lcd_i2cmaster.o
 .data._base_y  0x00800061        0x4 lcd_i2cmaster.o
 *(.gnu.linkonce.d*)
 *(.rodata)
 *(.rodata*)
 .rodata.str1.1
                0x00800065       0x1d idle.o
 .rodata.str1.1
                0x00800082       0x24 keyprocessor.o
 .rodata.str1.1
                0x008000a6       0x16 main.o
 .rodata.str1.1
                0x008000bc       0x20 states.o
 *(.gnu.linkonce.r*)
                0x008000dc                . = ALIGN (0x2)
                0x008000dc                _edata = .
                0x008000dc                PROVIDE (__data_end, .)

.bss            0x008000dc        0x4
                0x008000dc                PROVIDE (__bss_start, .)
 *(.bss)
 *(.bss*)
 *(COMMON)
 COMMON         0x008000dc        0x3 lcd_i2cmaster.o
                0x008000dc                _lcd_maxx
                0x008000dd                _lcd_x
                0x008000de                _lcd_y
 COMMON         0x008000df        0x1 states.o
                0x008000df                currentState
                0x008000e0                PROVIDE (__bss_end, .)
                0x000009cc                __data_load_start = LOADADDR (.data)
                0x00000a48                __data_load_end = (__data_load_start + SIZEOF (.data))

.noinit         0x008000e0        0x0
                [!provide]                PROVIDE (__noinit_start, .)
 *(.noinit*)
                [!provide]                PROVIDE (__noinit_end, .)
                0x008000e0                _end = .
                [!provide]                PROVIDE (__heap_start, .)

.eeprom         0x00810000        0x0
 *(.eeprom*)
                0x00810000                __eeprom_end = .

.fuse
 *(.fuse)
 *(.lfuse)
 *(.hfuse)
 *(.efuse)

.lock
 *(.lock*)

.signature
 *(.signature*)

.user_signatures
 *(.user_signatures*)

.stab
 *(.stab)

.stabstr
 *(.stabstr)

.stab.excl
 *(.stab.excl)

.stab.exclstr
 *(.stab.exclstr)

.stab.index
 *(.stab.index)

.stab.indexstr
 *(.stab.indexstr)

.comment        0x00000000       0x30
 *(.comment)
 .comment       0x00000000       0x30 error.o
                                 0x31 (size before relaxing)
 .comment       0x00000030       0x31 hc05.o
 .comment       0x00000030       0x31 idle.o
 .comment       0x00000030       0x31 keypad8.o
 .comment       0x00000030       0x31 keyprocessor.o
 .comment       0x00000030       0x31 lcd_4bit.o
 .comment       0x00000030       0x31 lcd_i2cmaster.o
 .comment       0x00000030       0x31 main.o
 .comment       0x00000030       0x31 states.o
 .comment       0x00000030       0x31 twimaster.o

.note.gnu.avr.deviceinfo
                0x00000000       0x3c
 .note.gnu.avr.deviceinfo
                0x00000000       0x3c C:/Program Files (x86)/Atmel/Studio/7.0/Packs/atmel/ATmega_DFP/1.2.209/gcc/dev/atmega32/avr5/crtatmega32.o

.note.gnu.build-id
 *(.note.gnu.build-id)

.debug
 *(.debug)

.line
 *(.line)

.debug_srcinfo
 *(.debug_srcinfo)

.debug_sfnames
 *(.debug_sfnames)

.debug_aranges  0x00000000      0x258
 *(.debug_aranges)
 .debug_aranges
                0x00000000       0x20 error.o
 .debug_aranges
                0x00000020       0x38 hc05.o
 .debug_aranges
                0x00000058       0x28 idle.o
 .debug_aranges
                0x00000080       0x40 keypad8.o
 .debug_aranges
                0x000000c0       0x20 keyprocessor.o
 .debug_aranges
                0x000000e0       0x68 lcd_4bit.o
 .debug_aranges
                0x00000148       0x78 lcd_i2cmaster.o
 .debug_aranges
                0x000001c0       0x20 main.o
 .debug_aranges
                0x000001e0       0x20 states.o
 .debug_aranges
                0x00000200       0x58 twimaster.o

.debug_pubnames
 *(.debug_pubnames)

.debug_info     0x00000000     0x205d
 *(.debug_info .gnu.linkonce.wi.*)
 .debug_info    0x00000000      0x4e6 C:/Program Files (x86)/Atmel/Studio/7.0/Packs/atmel/ATmega_DFP/1.2.209/gcc/dev/atmega32/avr5/crtatmega32.o
 .debug_info    0x000004e6       0xa1 error.o
 .debug_info    0x00000587      0x101 hc05.o
 .debug_info    0x00000688      0x16c idle.o
 .debug_info    0x000007f4      0x18c keypad8.o
 .debug_info    0x00000980       0xf6 keyprocessor.o
 .debug_info    0x00000a76      0x8c4 lcd_4bit.o
 .debug_info    0x0000133a      0x743 lcd_i2cmaster.o
 .debug_info    0x00001a7d      0x334 main.o
 .debug_info    0x00001db1       0xef states.o
 .debug_info    0x00001ea0      0x1bd twimaster.o

.debug_abbrev   0x00000000      0xe11
 *(.debug_abbrev)
 .debug_abbrev  0x00000000      0x4a3 C:/Program Files (x86)/Atmel/Studio/7.0/Packs/atmel/ATmega_DFP/1.2.209/gcc/dev/atmega32/avr5/crtatmega32.o
 .debug_abbrev  0x000004a3       0x65 error.o
 .debug_abbrev  0x00000508       0xcd hc05.o
 .debug_abbrev  0x000005d5       0xbb idle.o
 .debug_abbrev  0x00000690       0xe3 keypad8.o
 .debug_abbrev  0x00000773       0xa9 keyprocessor.o
 .debug_abbrev  0x0000081c      0x177 lcd_4bit.o
 .debug_abbrev  0x00000993      0x1e2 lcd_i2cmaster.o
 .debug_abbrev  0x00000b75      0x110 main.o
 .debug_abbrev  0x00000c85       0xa7 states.o
 .debug_abbrev  0x00000d2c       0xe5 twimaster.o

.debug_line     0x00000000     0x14d5
 *(.debug_line .debug_line.* .debug_line_end)
 .debug_line    0x00000000      0x115 C:/Program Files (x86)/Atmel/Studio/7.0/Packs/atmel/ATmega_DFP/1.2.209/gcc/dev/atmega32/avr5/crtatmega32.o
 .debug_line    0x00000115       0x38 error.o
 .debug_line    0x0000014d      0x12d hc05.o
 .debug_line    0x0000027a       0xe5 idle.o
 .debug_line    0x0000035f      0x187 keypad8.o
 .debug_line    0x000004e6       0xce keyprocessor.o
 .debug_line    0x000005b4      0x64e lcd_4bit.o
 .debug_line    0x00000c02      0x3c2 lcd_i2cmaster.o
 .debug_line    0x00000fc4      0x1cb main.o
 .debug_line    0x0000118f       0xc8 states.o
 .debug_line    0x00001257      0x27e twimaster.o

.debug_frame    0x00000000      0x45c
 *(.debug_frame)
 .debug_frame   0x00000000       0x24 error.o
 .debug_frame   0x00000024       0x60 hc05.o
 .debug_frame   0x00000084       0x34 idle.o
 .debug_frame   0x000000b8       0x6c keypad8.o
 .debug_frame   0x00000124       0x24 keyprocessor.o
 .debug_frame   0x00000148       0xe0 lcd_4bit.o
 .debug_frame   0x00000228      0x158 lcd_i2cmaster.o
 .debug_frame   0x00000380       0x24 main.o
 .debug_frame   0x000003a4       0x24 states.o
 .debug_frame   0x000003c8       0x94 twimaster.o

.debug_str      0x00000000      0x696
 *(.debug_str)
 .debug_str     0x00000000      0x196 C:/Program Files (x86)/Atmel/Studio/7.0/Packs/atmel/ATmega_DFP/1.2.209/gcc/dev/atmega32/avr5/crtatmega32.o
 .debug_str     0x00000196      0x14e error.o
                                0x187 (size before relaxing)
 .debug_str     0x000002e4       0x57 hc05.o
                                0x1c5 (size before relaxing)
 .debug_str     0x0000033b       0x70 idle.o
                                0x1db (size before relaxing)
 .debug_str     0x000003ab       0x57 keypad8.o
                                0x1d6 (size before relaxing)
 .debug_str     0x00000402       0x39 keyprocessor.o
                                0x1cc (size before relaxing)
 .debug_str     0x0000043b       0xb8 lcd_4bit.o
                                0x256 (size before relaxing)
 .debug_str     0x000004f3      0x128 lcd_i2cmaster.o
                                0x300 (size before relaxing)
 .debug_str     0x0000061b       0x11 main.o
                                0x2ab (size before relaxing)
 .debug_str     0x0000062c       0x17 states.o
                                0x1c2 (size before relaxing)
 .debug_str     0x00000643       0x53 twimaster.o
                                0x1ea (size before relaxing)

.debug_loc      0x00000000     0x1058
 *(.debug_loc)
 .debug_loc     0x00000000       0x64 hc05.o
 .debug_loc     0x00000064       0x21 idle.o
 .debug_loc     0x00000085       0xd3 keypad8.o
 .debug_loc     0x00000158       0x3a keyprocessor.o
 .debug_loc     0x00000192      0x65e lcd_4bit.o
 .debug_loc     0x000007f0      0x698 lcd_i2cmaster.o
 .debug_loc     0x00000e88       0xa3 main.o
 .debug_loc     0x00000f2b       0x3a states.o
 .debug_loc     0x00000f65       0xf3 twimaster.o

.debug_macinfo
 *(.debug_macinfo)

.debug_weaknames
 *(.debug_weaknames)

.debug_funcnames
 *(.debug_funcnames)

.debug_typenames
 *(.debug_typenames)

.debug_varnames
 *(.debug_varnames)

.debug_pubtypes
 *(.debug_pubtypes)

.debug_ranges   0x00000000      0x200
 *(.debug_ranges)
 .debug_ranges  0x00000000       0x10 error.o
 .debug_ranges  0x00000010       0x28 hc05.o
 .debug_ranges  0x00000038       0x18 idle.o
 .debug_ranges  0x00000050       0x48 keypad8.o
 .debug_ranges  0x00000098       0x10 keyprocessor.o
 .debug_ranges  0x000000a8       0x58 lcd_4bit.o
 .debug_ranges  0x00000100       0x98 lcd_i2cmaster.o
 .debug_ranges  0x00000198       0x10 main.o
 .debug_ranges  0x000001a8       0x10 states.o
 .debug_ranges  0x000001b8       0x48 twimaster.o

.debug_macro
 *(.debug_macro)
OUTPUT(projcodes.elf elf32-avr)
LOAD linker stubs
