Archive member included to satisfy reference by file (symbol)

c:/program files (x86)/atmel/studio/7.0/toolchain/avr8/avr8-gnu-toolchain/bin/../lib/gcc/avr/5.4.0/../../../../avr/lib/avr5\libm.a(addsf3.o)
                              bp/bp.o (__subsf3)
c:/program files (x86)/atmel/studio/7.0/toolchain/avr8/avr8-gnu-toolchain/bin/../lib/gcc/avr/5.4.0/../../../../avr/lib/avr5\libm.a(addsf3x.o)
                              c:/program files (x86)/atmel/studio/7.0/toolchain/avr8/avr8-gnu-toolchain/bin/../lib/gcc/avr/5.4.0/../../../../avr/lib/avr5\libm.a(addsf3.o) (__addsf3x)
c:/program files (x86)/atmel/studio/7.0/toolchain/avr8/avr8-gnu-toolchain/bin/../lib/gcc/avr/5.4.0/../../../../avr/lib/avr5\libm.a(divsf3.o)
                              bp/bp.o (__divsf3)
c:/program files (x86)/atmel/studio/7.0/toolchain/avr8/avr8-gnu-toolchain/bin/../lib/gcc/avr/5.4.0/../../../../avr/lib/avr5\libm.a(divsf3x.o)
                              c:/program files (x86)/atmel/studio/7.0/toolchain/avr8/avr8-gnu-toolchain/bin/../lib/gcc/avr/5.4.0/../../../../avr/lib/avr5\libm.a(divsf3.o) (__divsf3x)
c:/program files (x86)/atmel/studio/7.0/toolchain/avr8/avr8-gnu-toolchain/bin/../lib/gcc/avr/5.4.0/../../../../avr/lib/avr5\libm.a(fixsfsi.o)
                              bp/bp.o (__fixsfsi)
c:/program files (x86)/atmel/studio/7.0/toolchain/avr8/avr8-gnu-toolchain/bin/../lib/gcc/avr/5.4.0/../../../../avr/lib/avr5\libm.a(fixunssfsi.o)
                              c:/program files (x86)/atmel/studio/7.0/toolchain/avr8/avr8-gnu-toolchain/bin/../lib/gcc/avr/5.4.0/../../../../avr/lib/avr5\libm.a(fixsfsi.o) (__fixunssfsi)
c:/program files (x86)/atmel/studio/7.0/toolchain/avr8/avr8-gnu-toolchain/bin/../lib/gcc/avr/5.4.0/../../../../avr/lib/avr5\libm.a(floatsisf.o)
                              lm35/lm35.o (__floatunsisf)
c:/program files (x86)/atmel/studio/7.0/toolchain/avr8/avr8-gnu-toolchain/bin/../lib/gcc/avr/5.4.0/../../../../avr/lib/avr5\libm.a(fp_inf.o)
                              c:/program files (x86)/atmel/studio/7.0/toolchain/avr8/avr8-gnu-toolchain/bin/../lib/gcc/avr/5.4.0/../../../../avr/lib/avr5\libm.a(addsf3x.o) (__fp_inf)
c:/program files (x86)/atmel/studio/7.0/toolchain/avr8/avr8-gnu-toolchain/bin/../lib/gcc/avr/5.4.0/../../../../avr/lib/avr5\libm.a(fp_nan.o)
                              c:/program files (x86)/atmel/studio/7.0/toolchain/avr8/avr8-gnu-toolchain/bin/../lib/gcc/avr/5.4.0/../../../../avr/lib/avr5\libm.a(addsf3x.o) (__fp_nan)
c:/program files (x86)/atmel/studio/7.0/toolchain/avr8/avr8-gnu-toolchain/bin/../lib/gcc/avr/5.4.0/../../../../avr/lib/avr5\libm.a(fp_pscA.o)
                              c:/program files (x86)/atmel/studio/7.0/toolchain/avr8/avr8-gnu-toolchain/bin/../lib/gcc/avr/5.4.0/../../../../avr/lib/avr5\libm.a(addsf3x.o) (__fp_pscA)
c:/program files (x86)/atmel/studio/7.0/toolchain/avr8/avr8-gnu-toolchain/bin/../lib/gcc/avr/5.4.0/../../../../avr/lib/avr5\libm.a(fp_pscB.o)
                              c:/program files (x86)/atmel/studio/7.0/toolchain/avr8/avr8-gnu-toolchain/bin/../lib/gcc/avr/5.4.0/../../../../avr/lib/avr5\libm.a(addsf3x.o) (__fp_pscB)
c:/program files (x86)/atmel/studio/7.0/toolchain/avr8/avr8-gnu-toolchain/bin/../lib/gcc/avr/5.4.0/../../../../avr/lib/avr5\libm.a(fp_round.o)
                              c:/program files (x86)/atmel/studio/7.0/toolchain/avr8/avr8-gnu-toolchain/bin/../lib/gcc/avr/5.4.0/../../../../avr/lib/avr5\libm.a(addsf3.o) (__fp_round)
c:/program files (x86)/atmel/studio/7.0/toolchain/avr8/avr8-gnu-toolchain/bin/../lib/gcc/avr/5.4.0/../../../../avr/lib/avr5\libm.a(fp_split3.o)
                              c:/program files (x86)/atmel/studio/7.0/toolchain/avr8/avr8-gnu-toolchain/bin/../lib/gcc/avr/5.4.0/../../../../avr/lib/avr5\libm.a(addsf3x.o) (__fp_split3)
c:/program files (x86)/atmel/studio/7.0/toolchain/avr8/avr8-gnu-toolchain/bin/../lib/gcc/avr/5.4.0/../../../../avr/lib/avr5\libm.a(fp_zero.o)
                              c:/program files (x86)/atmel/studio/7.0/toolchain/avr8/avr8-gnu-toolchain/bin/../lib/gcc/avr/5.4.0/../../../../avr/lib/avr5\libm.a(addsf3x.o) (__fp_zero)
c:/program files (x86)/atmel/studio/7.0/toolchain/avr8/avr8-gnu-toolchain/bin/../lib/gcc/avr/5.4.0/../../../../avr/lib/avr5\libm.a(mulsf3.o)
                              bp/bp.o (__mulsf3)
c:/program files (x86)/atmel/studio/7.0/toolchain/avr8/avr8-gnu-toolchain/bin/../lib/gcc/avr/5.4.0/../../../../avr/lib/avr5\libm.a(mulsf3x.o)
                              c:/program files (x86)/atmel/studio/7.0/toolchain/avr8/avr8-gnu-toolchain/bin/../lib/gcc/avr/5.4.0/../../../../avr/lib/avr5\libm.a(mulsf3.o) (__mulsf3x)
c:/program files (x86)/atmel/studio/7.0/toolchain/avr8/avr8-gnu-toolchain/bin/../lib/gcc/avr/5.4.0/avr5\libgcc.a(_divmodhi4.o)
                              bp/bp.o (__divmodhi4)
c:/program files (x86)/atmel/studio/7.0/toolchain/avr8/avr8-gnu-toolchain/bin/../lib/gcc/avr/5.4.0/avr5\libgcc.a(_exit.o)
[...]
Memory Configuration

Name             Origin             Length             Attributes
text             0x00000000         0x00008000         xr
data             0x00800060         0x00000800         rw !x
eeprom           0x00810000         0x00000400         rw !x
fuse             0x00820000         0x00000002         rw !x
lock             0x00830000         0x00000400         rw !x
signature        0x00840000         0x00000400         rw !x
user_signatures  0x00850000         0x00000400         rw !x
*default*        0x00000000         0xffffffff

Linker script and memory map

LOAD C:/Program Files (x86)/Atmel/Studio/7.0/Packs/atmel/ATmega_DFP/1.6.364/gcc/dev/atmega32a/avr5/crtatmega32a.o
LOAD bp/bp.o
LOAD button/button.o
LOAD buzzer/buzzer.o
LOAD error.o
LOAD hc05/hc05.o
LOAD keypad/keypad8.o
LOAD keyprocessor.o
LOAD lcd/lcdgeneric.o
LOAD lcd/lcd_4bit.o
LOAD lcd/lcd_i2cmaster.o
LOAD lm35/lm35.o
LOAD main.o
LOAD patient/patient.o
LOAD pir/pir.o
LOAD state/displayserial/displayserial.o
LOAD state/enteringage/enteringage.o
LOAD state/enteringbp/enteringbp.o
LOAD state/enteringname/enteringname.o
LOAD state/enteringphone/enteringphone.o
LOAD state/enteringtemp/enteringtemp.o
LOAD state/generateserial/generateserial.o
LOAD state/idle/idle.o
LOAD state/states.o
LOAD twimaster.o
START GROUP
LOAD c:/program files (x86)/atmel/studio/7.0/toolchain/avr8/avr8-gnu-toolchain/bin/../lib/gcc/avr/5.4.0/../../../../avr/lib/avr5\libm.a
END GROUP
START GROUP
LOAD c:/program files (x86)/atmel/studio/7.0/toolchain/avr8/avr8-gnu-toolchain/bin/../lib/gcc/avr/5.4.0/avr5\libgcc.a
LOAD c:/program files (x86)/atmel/studio/7.0/toolchain/avr8/avr8-gnu-toolchain/bin/../lib/gcc/avr/5.4.0/../../../../avr/lib/avr5\libm.a
LOAD c:/program files (x86)/atmel/studio/7.0/toolchain/avr8/avr8-gnu-toolchain/bin/../lib/gcc/avr/5.4.0/../../../../avr/lib/avr5\libc.a
LOAD C:/Program Files (x86)/Atmel/Studio/7.0/Packs/atmel/ATmega_DFP/1.6.364/gcc/dev/atmega32a/avr5\libatmega32a.a
END GROUP
                [0x00000000]                __TEXT_REGION_ORIGIN__ = DEFINED (__TEXT_REGION_ORIGIN__)?__TEXT_REGION_ORIGIN__:0x0
                [0x00800060]                __DATA_REGION_ORIGIN__ = DEFINED (__DATA_REGION_ORIGIN__)?__DATA_REGION_ORIGIN__:0x800060
                [0x00008000]                __TEXT_REGION_LENGTH__ = DEFINED (__TEXT_REGION_LENGTH__)?__TEXT_REGION_LENGTH__:0x20000
                [0x00000800]                __DATA_REGION_LENGTH__ = DEFINED (__DATA_REGION_LENGTH__)?__DATA_REGION_LENGTH__:0xffa0
                [0x00000400]                __EEPROM_REGION_LENGTH__ = DEFINED (__EEPROM_REGION_LENGTH__)?__EEPROM_REGION_LENGTH__:0x10000
                [0x00000002]                __FUSE_REGION_LENGTH__ = DEFINED (__FUSE_REGION_LENGTH__)?__FUSE_REGION_LENGTH__:0x400
                0x00000400                __LOCK_REGION_LENGTH__ = DEFINED (__LOCK_REGION_LENGTH__)?__LOCK_REGION_LENGTH__:0x400
                0x00000400                __SIGNATURE_REGION_LENGTH__ = DEFINED (__SIGNATURE_REGION_LENGTH__)?__SIGNATURE_REGION_LENGTH__:0x400
                0x00000400                __USER_SIGNATURE_REGION_LENGTH__ = DEFINED (__USER_SIGNATURE_REGION_LENGTH__)?__USER_SIGNATURE_REGION_LENGTH__:0x400

.hash
 *(.hash)

.dynsym
 *(.dynsym)

.dynstr
 *(.dynstr)

.gnu.version
 *(.gnu.version)

.gnu.version_d
 *(.gnu.version_d)

.gnu.version_r
 *(.gnu.version_r)

.rel.init
 *(.rel.init)

.rela.init
 *(.rela.init)

.rel.text
 *(.rel.text)
 *(.rel.text.*)
 *(.rel.gnu.linkonce.t*)

.rela.text
 *(.rela.text)
 *(.rela.text.*)
 *(.rela.gnu.linkonce.t*)

.rel.fini
 *(.rel.fini)

.rela.fini
 *(.rela.fini)

.rel.rodata
 *(.rel.rodata)
 *(.rel.rodata.*)
 *(.rel.gnu.linkonce.r*)

.rela.rodata
 *(.rela.rodata)
 *(.rela.rodata.*)
 *(.rela.gnu.linkonce.r*)

.rel.data
 *(.rel.data)
 *(.rel.data.*)
 *(.rel.gnu.linkonce.d*)

.rela.data
 *(.rela.data)
 *(.rela.data.*)
 *(.rela.gnu.linkonce.d*)

.rel.ctors
 *(.rel.ctors)

.rela.ctors
 *(.rela.ctors)

.rel.dtors
 *(.rel.dtors)

.rela.dtors
 *(.rela.dtors)

.rel.got
 *(.rel.got)

.rela.got
 *(.rela.got)

.rel.bss
 *(.rel.bss)

.rela.bss
 *(.rela.bss)

.rel.plt
 *(.rel.plt)

.rela.plt
 *(.rela.plt)

.text           0x00000000     0x2d3c
 *(.vectors)
 .vectors       0x00000000       0x54 C:/Program Files (x86)/Atmel/Studio/7.0/Packs/atmel/ATmega_DFP/1.6.364/gcc/dev/atmega32a/avr5/crtatmega32a.o
                0x00000000                __vector_default
                0x00000000                __vectors
 *(.vectors)
 *(.progmem.gcc*)
 .progmem.gcc_sw_table.KeyProcessor_ProcessKey
                0x00000054        0xe keyprocessor.o
 .progmem.gcc_sw_table.States_GotoState
                0x00000062        0xe state/states.o
                0x00000070                . = ALIGN (0x2)
                0x00000070                __trampolines_start = .
 *(.trampolines)
 .trampolines   0x00000070        0x0 linker stubs
 *(.trampolines*)
                0x00000070                __trampolines_end = .
 *libprintf_flt.a:*(.progmem.data)
 *libc.a:*(.progmem.data)
 .progmem.data  0x00000070       0xfa c:/program files (x86)/atmel/studio/7.0/toolchain/avr8/avr8-gnu-toolchain/bin/../lib/gcc/avr/5.4.0/../../../../avr/lib/avr5\libc.a(ftoa_engine.o)
 *(.progmem*)
                0x0000016a                . = ALIGN (0x2)
 *(.jumptables)
 *(.jumptables*)
 *(.lowtext)
 *(.lowtext*)
                0x0000016a                __ctors_start = .
 *(.ctors)
                0x0000016a                __ctors_end = .
                0x0000016a                __dtors_start = .
 *(.dtors)
                0x0000016a                __dtors_end = .
 SORT(*)(.ctors)
 SORT(*)(.dtors)
 *(.init0)
 .init0         0x0000016a        0x0 C:/Program Files (x86)/Atmel/Studio/7.0/Packs/atmel/ATmega_DFP/1.6.364/gcc/dev/atmega32a/avr5/crtatmega32a.o
                0x0000016a                __init
 *(.init0)
 *(.init1)
 *(.init1)
 *(.init2)
 .init2         0x0000016a        0xc C:/Program Files (x86)/Atmel/Studio/7.0/Packs/atmel/ATmega_DFP/1.6.364/gcc/dev/atmega32a/avr5/crtatmega32a.o
 *(.init2)
 *(.init3)
 *(.init3)
 *(.init4)
 .init4         0x00000176       0x16 c:/program files (x86)/atmel/studio/7.0/toolchain/avr8/avr8-gnu-toolchain/bin/../lib/gcc/avr/5.4.0/avr5\libgcc.a(_copy_data.o)
                0x00000176                __do_copy_data
 .init4         0x0000018c       0x10 c:/program files (x86)/atmel/studio/7.0/toolchain/avr8/avr8-gnu-toolchain/bin/../lib/gcc/avr/5.4.0/avr5\libgcc.a(_clear_bss.o)
                0x0000018c                __do_clear_bss
 *(.init4)
 *(.init5)
 *(.init5)
 *(.init6)
 *(.init6)
 *(.init7)
 *(.init7)
 *(.init8)
 *(.init8)
 *(.init9)
 .init9         0x0000019c        0x8 C:/Program Files (x86)/Atmel/Studio/7.0/Packs/atmel/ATmega_DFP/1.6.364/gcc/dev/atmega32a/avr5/crtatmega32a.o
 *(.init9)
 *(.text)
 .text          0x000001a4        0x4 C:/Program Files (x86)/Atmel/Studio/7.0/Packs/atmel/ATmega_DFP/1.6.364/gcc/dev/atmega32a/avr5/crtatmega32a.o
                0x000001a4                __vector_1
                0x000001a4                __vector_12
                0x000001a4                __bad_interrupt
                0x000001a4                __vector_6
                0x000001a4                __vector_3
                0x000001a4                __vector_11
                0x000001a4                __vector_13
                0x000001a4                __vector_17
                0x000001a4                __vector_19
                0x000001a4                __vector_7
                0x000001a4                __vector_5
                0x000001a4                __vector_4
                0x000001a4                __vector_9
                0x000001a4                __vector_2
                0x000001a4                __vector_15
                0x000001a4                __vector_8
                0x000001a4                __vector_14
                0x000001a4                __vector_10
                0x000001a4                __vector_16
                0x000001a4                __vector_18
                0x000001a4                __vector_20
                0x000001a8                . = ALIGN (0x2)
 *(.text.*)
 .text.sumit    0x000001a8       0x7a bp/bp.o
                0x000001a8                sumit
 .text.xysum    0x00000222       0x88 bp/bp.o
                0x00000222                xysum
 .text.regression
                0x000002aa      0x1a2 bp/bp.o
                0x000002aa                regression
 .text.Bp_Read  0x0000044c        0xc bp/bp.o
                0x0000044c                Bp_Read
 .text.Bp_Init  0x00000458        0xc bp/bp.o
                0x00000458                Bp_Init
 .text.Bp_PrintBp
                0x00000464      0x1a6 bp/bp.o
                0x00000464                Bp_PrintBp
 .text.Button_Init
                0x0000060a        0x4 button/button.o
                0x0000060a                Button_Init
 .text.Button_ButtonPressed
                0x0000060e        0xe button/button.o
                0x0000060e                Button_ButtonPressed
 .text.Error_Error
                0x0000061c        0x2 error.o
                0x0000061c                Error_Error
 .text.Error_ErrorNum
                0x0000061e        0x2 error.o
                0x0000061e                Error_ErrorNum
 .text.Error_ErrorBin
                0x00000620        0x2 error.o
                0x00000620                Error_ErrorBin
 .text.HC05_SendChar
                0x00000622        0x8 hc05/hc05.o
                0x00000622                HC05_SendChar
 .text.HC05_SendString
                0x0000062a       0x1e hc05/hc05.o
                0x0000062a                HC05_SendString
 .text.Keypad_Init
                0x00000648        0xe keypad/keypad8.o
                0x00000648                Keypad_Init
 .text.Keypad_ResetBuffer
                0x00000656       0x16 keypad/keypad8.o
                0x00000656                Keypad_ResetBuffer
 .text.Keypad_WriteToBuffer
                0x0000066c       0x86 keypad/keypad8.o
                0x0000066c                Keypad_WriteToBuffer
 .text.Keypad_InitNumpad
                0x000006f2        0x8 keypad/keypad8.o
                0x000006f2                Keypad_InitNumpad
 .text.Keypad_GetMode
                0x000006fa       0x22 keypad/keypad8.o
                0x000006fa                Keypad_GetMode
 .text.Keypad_UpdateKeyMode
                0x0000071c       0x34 keypad/keypad8.o
                0x0000071c                Keypad_UpdateKeyMode
 .text.Keypad_KeyPressed
                0x00000750        0x8 keypad/keypad8.o
                0x00000750                Keypad_KeyPressed
 .text.Keypad_GetRow
                0x00000758       0x56 keypad/keypad8.o
                0x00000758                Keypad_GetRow
 .text.Keypad_GetCol
                0x000007ae       0x54 keypad/keypad8.o
                0x000007ae                Keypad_GetCol
 .text.addChar  0x00000802       0x32 keypad/keypad8.o
                0x00000802                addChar
 .text.Keypad_AddKey
                0x00000834       0xec keypad/keypad8.o
                0x00000834                Keypad_AddKey
 .text.Keypad_GetKey
                0x00000920       0x40 keypad/keypad8.o
                0x00000920                Keypad_GetKey
 .text.KeyProcessor_ProcessKey
                0x00000960       0x52 keyprocessor.o
                0x00000960                KeyProcessor_ProcessKey
 .text.Lcd_Init
                0x000009b2       0x5c lcd/lcdgeneric.o
                0x000009b2                Lcd_Init
 .text.Lcd_ClearScreen
                0x00000a0e       0x20 lcd/lcdgeneric.o
                0x00000a0e                Lcd_ClearScreen
 .text.Lcd_Prints
                0x00000a2e       0x24 lcd/lcdgeneric.o
                0x00000a2e                Lcd_Prints
 .text.Lcd_Position
                0x00000a52       0x28 lcd/lcdgeneric.o
                0x00000a52                Lcd_Position
 .text.Lcd_Printc
                0x00000a7a       0x22 lcd/lcdgeneric.o
                0x00000a7a                Lcd_Printc
 .text.Lcd_PrintLine
                0x00000a9c       0x60 lcd/lcdgeneric.o
                0x00000a9c                Lcd_PrintLine
 .text.pinChange
                0x00000afc      0x280 lcd/lcd_4bit.o
                0x00000afc                pinChange
 .text.Lcd4_Port
                0x00000d7c       0x80 lcd/lcd_4bit.o
                0x00000d7c                Lcd4_Port
 .text.Lcd4_Cmd
                0x00000dfc       0x4a lcd/lcd_4bit.o
                0x00000dfc                Lcd4_Cmd
 .text.Lcd4_Clear
                0x00000e46        0xe lcd/lcd_4bit.o
                0x00000e46                Lcd4_Clear
 .text.Lcd4_Set_Cursor
                0x00000e54       0x3a lcd/lcd_4bit.o
                0x00000e54                Lcd4_Set_Cursor
 .text.Lcd4_Init
                0x00000e8e       0x6c lcd/lcd_4bit.o
                0x00000e8e                Lcd4_Init
 .text.Lcd4_Write_Char
                0x00000efa       0x86 lcd/lcd_4bit.o
                0x00000efa                Lcd4_Write_Char
 .text.Lcd4_Write_String
                0x00000f80       0x1e lcd/lcd_4bit.o
                0x00000f80                Lcd4_Write_String
 .text.I2C_WRITESEQ
                0x00000f9e       0x58 lcd/lcd_i2cmaster.o
                0x00000f9e                I2C_WRITESEQ
 .text.wr_lcd_mode
                0x00000ff6       0x94 lcd/lcd_i2cmaster.o
 .text.lcd_gotoxy
                0x0000108a       0x2c lcd/lcd_i2cmaster.o
                0x0000108a                lcd_gotoxy
 .text.lcd_clrscr
                0x000010b6       0x12 lcd/lcd_i2cmaster.o
                0x000010b6                lcd_clrscr
 .text.lcd_putc
                0x000010c8       0x52 lcd/lcd_i2cmaster.o
                0x000010c8                lcd_putc
 .text.lcd_puts
                0x0000111a       0x1e lcd/lcd_i2cmaster.o
                0x0000111a                lcd_puts
 .text.lcd_init
                0x00001138       0xe2 lcd/lcd_i2cmaster.o
                0x00001138                lcd_init
 .text.lcd_backlight
                0x0000121a        0x8 lcd/lcd_i2cmaster.o
                0x0000121a                lcd_backlight
 .text.Lm35_Init
                0x00001222        0xc lm35/lm35.o
                0x00001222                Lm35_Init
 .text.Lm35_GetTemp
                0x0000122e       0x38 lm35/lm35.o
                0x0000122e                Lm35_GetTemp
 .text.enqueue  0x00001266       0x78 main.o
                0x00001266                enqueue
 .text.dequeue  0x000012de       0x3a main.o
                0x000012de                dequeue
 .text.front    0x00001318       0x2e main.o
                0x00001318                front
 .text.main     0x00001346      0x258 main.o
                0x00001346                main
 .text.Patient_UpdateName
                0x0000159e        0x6 patient/patient.o
                0x0000159e                Patient_UpdateName
 .text.Patient_UpdateAge
                0x000015a4        0x8 patient/patient.o
                0x000015a4                Patient_UpdateAge
 .text.Patient_UpdatePhone
                0x000015ac        0x8 patient/patient.o
                0x000015ac                Patient_UpdatePhone
 .text.Patient_UpdateSerial
                0x000015b4        0xc patient/patient.o
                0x000015b4                Patient_UpdateSerial
 .text.Patient_UpdateTemperature
                0x000015c0        0x8 patient/patient.o
                0x000015c0                Patient_UpdateTemperature
 .text.Patient_UpdateBp
                0x000015c8        0x8 patient/patient.o
                0x000015c8                Patient_UpdateBp
 .text.EnteringAge_Init
                0x000015d0       0x2e state/enteringage/enteringage.o
                0x000015d0                EnteringAge_Init
 .text.EnteringAge_ProcessKey
                0x000015fe       0x58 state/enteringage/enteringage.o
                0x000015fe                EnteringAge_ProcessKey
 .text.EnteringBp_Init
                0x00001656       0x26 state/enteringbp/enteringbp.o
                0x00001656                EnteringBp_Init
 .text.EntetingBp_Refresh
                0x0000167c        0x2 state/enteringbp/enteringbp.o
                0x0000167c                EntetingBp_Refresh
 .text.EnteringBp_ProcessKey
                0x0000167e       0x5e state/enteringbp/enteringbp.o
                0x0000167e                EnteringBp_ProcessKey
 .text.EnteringName_Init
                0x000016dc       0x3a state/enteringname/enteringname.o
                0x000016dc                EnteringName_Init
 .text.EnteringName_ProcessKey
                0x00001716       0x58 state/enteringname/enteringname.o
                0x00001716                EnteringName_ProcessKey
 .text.EnteringPhone_Init
                0x0000176e       0x2e state/enteringphone/enteringphone.o
                0x0000176e                EnteringPhone_Init
 .text.EnteringPhone_ProcessKey
                0x0000179c       0x5c state/enteringphone/enteringphone.o
                0x0000179c                EnteringPhone_ProcessKey
 .text.EnteringTemp_Init
                0x000017f8       0x14 state/enteringtemp/enteringtemp.o
                0x000017f8                EnteringTemp_Init
 .text.EnteringTemp_Refresh
                0x0000180c       0x56 state/enteringtemp/enteringtemp.o
                0x0000180c                EnteringTemp_Refresh
 .text.EnteringTemp_ProcessKey
                0x00001862       0x38 state/enteringtemp/enteringtemp.o
                0x00001862                EnteringTemp_ProcessKey
 .text.Update_Serial
                0x0000189a       0x82 state/generateserial/generateserial.o
                0x0000189a                Update_Serial
 .text.GenerateSerial_Init
                0x0000191c       0x3e state/generateserial/generateserial.o
                0x0000191c                GenerateSerial_Init
 .text.Update_PatientsList
                0x0000195a       0xa2 state/generateserial/generateserial.o
                0x0000195a                Update_PatientsList
 .text.Clear_CurrentPatient_Data
                0x000019fc       0x10 state/generateserial/generateserial.o
                0x000019fc                Clear_CurrentPatient_Data
 .text.GenerateSerial_ProcessKey
                0x00001a0c       0x62 state/generateserial/generateserial.o
                0x00001a0c                GenerateSerial_ProcessKey
 .text.Idle_ProcessKey
                0x00001a6e        0x8 state/idle/idle.o
                0x00001a6e                Idle_ProcessKey
 .text.Idle_Init
                0x00001a76       0x38 state/idle/idle.o
                0x00001a76                Idle_Init
 .text.States_GotoState
                0x00001aae       0x58 state/states.o
                0x00001aae                States_GotoState
 .text.States_Refresh
                0x00001b06       0x1a state/states.o
                0x00001b06                States_Refresh
 .text.i2c_init
                0x00001b20        0x8 twimaster.o
                0x00001b20                i2c_init
 .text.i2c_start
                0x00001b28       0x3c twimaster.o
                0x00001b28                i2c_start
 .text.i2c_stop
                0x00001b64        0xc twimaster.o
                0x00001b64                i2c_stop
 .text.i2c_write
                0x00001b70       0x1a twimaster.o
                0x00001b70                i2c_write
 .text.avr-libc.fplib
                0x00001b8a        0xe c:/program files (x86)/atmel/studio/7.0/toolchain/avr8/avr8-gnu-toolchain/bin/../lib/gcc/avr/5.4.0/../../../../avr/lib/avr5\libm.a(addsf3.o)
                0x00001b8a                __subsf3
                0x00001b8c                __addsf3
 .text.avr-libc.fplib
                0x00001b98       0xcc c:/program files (x86)/atmel/studio/7.0/toolchain/avr8/avr8-gnu-toolchain/bin/../lib/gcc/avr/5.4.0/../../../../avr/lib/avr5\libm.a(addsf3x.o)
                0x00001bba                __addsf3x
 .text.avr-libc.fplib
                0x00001c64        0x8 c:/program files (x86)/atmel/studio/7.0/toolchain/avr8/avr8-gnu-toolchain/bin/../lib/gcc/avr/5.4.0/../../../../avr/lib/avr5\libm.a(divsf3.o)
                0x00001c64                __divsf3
 .text.avr-libc.fplib
                0x00001c6c       0xdc c:/program files (x86)/atmel/studio/7.0/toolchain/avr8/avr8-gnu-toolchain/bin/../lib/gcc/avr/5.4.0/../../../../avr/lib/avr5\libm.a(divsf3x.o)
                0x00001c8c                __divsf3x
                0x00001c92                __divsf3_pse
 .text.avr-libc.fplib
                0x00001d48        0xe c:/program files (x86)/atmel/studio/7.0/toolchain/avr8/avr8-gnu-toolchain/bin/../lib/gcc/avr/5.4.0/../../../../avr/lib/avr5\libm.a(fixsfsi.o)
                0x00001d48                __fixsfsi
 .text.avr-libc.fplib
                0x00001d56       0x5e c:/program files (x86)/atmel/studio/7.0/toolchain/avr8/avr8-gnu-toolchain/bin/../lib/gcc/avr/5.4.0/../../../../avr/lib/avr5\libm.a(fixunssfsi.o)
                0x00001d56                __fixunssfsi
 .text.avr-libc.fplib
                0x00001db4       0x7a c:/program files (x86)/atmel/studio/7.0/toolchain/avr8/avr8-gnu-toolchain/bin/../lib/gcc/avr/5.4.0/../../../../avr/lib/avr5\libm.a(floatsisf.o)
                0x00001db4                __floatunsisf
                0x00001db8                __floatsisf
 .text.avr-libc.fplib
                0x00001e2e        0xc c:/program files (x86)/atmel/studio/7.0/toolchain/avr8/avr8-gnu-toolchain/bin/../lib/gcc/avr/5.4.0/../../../../avr/lib/avr5\libm.a(fp_inf.o)
                0x00001e2e                __fp_inf
 .text.avr-libc.fplib
                0x00001e3a        0x6 c:/program files (x86)/atmel/studio/7.0/toolchain/avr8/avr8-gnu-toolchain/bin/../lib/gcc/avr/5.4.0/../../../../avr/lib/avr5\libm.a(fp_nan.o)
                0x00001e3a                __fp_nan
 .text.avr-libc.fplib
                0x00001e40        0xe c:/program files (x86)/atmel/studio/7.0/toolchain/avr8/avr8-gnu-toolchain/bin/../lib/gcc/avr/5.4.0/../../../../avr/lib/avr5\libm.a(fp_pscA.o)
                0x00001e40                __fp_pscA
 .text.avr-libc.fplib
                0x00001e4e        0xe c:/program files (x86)/atmel/studio/7.0/toolchain/avr8/avr8-gnu-toolchain/bin/../lib/gcc/avr/5.4.0/../../../../avr/lib/avr5\libm.a(fp_pscB.o)
                0x00001e4e                __fp_pscB
 .text.avr-libc.fplib
                0x00001e5c       0x22 c:/program files (x86)/atmel/studio/7.0/toolchain/avr8/avr8-gnu-toolchain/bin/../lib/gcc/avr/5.4.0/../../../../avr/lib/avr5\libm.a(fp_round.o)
                0x00001e5c                __fp_round
 .text.avr-libc.fplib
                0x00001e7e       0x44 c:/program files (x86)/atmel/studio/7.0/toolchain/avr8/avr8-gnu-toolchain/bin/../lib/gcc/avr/5.4.0/../../../../avr/lib/avr5\libm.a(fp_split3.o)
                0x00001e7e                __fp_split3
                0x00001e8e                __fp_splitA
 .text.avr-libc.fplib
                0x00001ec2        0xe c:/program files (x86)/atmel/studio/7.0/toolchain/avr8/avr8-gnu-toolchain/bin/../lib/gcc/avr/5.4.0/../../../../avr/lib/avr5\libm.a(fp_zero.o)
                0x00001ec2                __fp_zero
                0x00001ec4                __fp_szero
 .text.avr-libc.fplib
                0x00001ed0        0x8 c:/program files (x86)/atmel/studio/7.0/toolchain/avr8/avr8-gnu-toolchain/bin/../lib/gcc/avr/5.4.0/../../../../avr/lib/avr5\libm.a(mulsf3.o)
                0x00001ed0                __mulsf3
 .text.avr-libc.fplib
                0x00001ed8       0xd2 c:/program files (x86)/atmel/studio/7.0/toolchain/avr8/avr8-gnu-toolchain/bin/../lib/gcc/avr/5.4.0/../../../../avr/lib/avr5\libm.a(mulsf3x.o)
                0x00001ef6                __mulsf3x
                0x00001efc                __mulsf3_pse
 .text.libgcc.div
                0x00001faa       0x28 c:/program files (x86)/atmel/studio/7.0/toolchain/avr8/avr8-gnu-toolchain/bin/../lib/gcc/avr/5.4.0/avr5\libgcc.a(_divmodhi4.o)
                0x00001faa                _div
                0x00001faa                __divmodhi4
 .text.libgcc   0x00001fd2        0xc c:/program files (x86)/atmel/studio/7.0/toolchain/avr8/avr8-gnu-toolchain/bin/../lib/gcc/avr/5.4.0/avr5\libgcc.a(_tablejump2.o)
                0x00001fd2                __tablejump2__
 .text.libgcc.div
                0x00001fde       0x28 c:/program files (x86)/atmel/studio/7.0/toolchain/avr8/avr8-gnu-toolchain/bin/../lib/gcc/avr/5.4.0/avr5\libgcc.a(_udivmodhi4.o)
                0x00001fde                __udivmodhi4
 .text.avr-libc
                0x00002006       0x40 c:/program files (x86)/atmel/studio/7.0/toolchain/avr8/avr8-gnu-toolchain/bin/../lib/gcc/avr/5.4.0/../../../../avr/lib/avr5\libc.a(dtostrf.o)
                0x00002006                dtostrf
 .text.avr-libc
                0x00002046      0x242 c:/program files (x86)/atmel/studio/7.0/toolchain/avr8/avr8-gnu-toolchain/bin/../lib/gcc/avr/5.4.0/../../../../avr/lib/avr5\libc.a(malloc.o)
                0x00002046                malloc
                0x00002176                free
 .text.avr-libc
                0x00002288        0xe c:/program files (x86)/atmel/studio/7.0/toolchain/avr8/avr8-gnu-toolchain/bin/../lib/gcc/avr/5.4.0/../../../../avr/lib/avr5\libc.a(strcpy.o)
                0x00002288                strcpy
 .text.avr-libc
                0x00002296       0x16 c:/program files (x86)/atmel/studio/7.0/toolchain/avr8/avr8-gnu-toolchain/bin/../lib/gcc/avr/5.4.0/../../../../avr/lib/avr5\libc.a(itoa_ncheck.o)
                0x00002296                __itoa_ncheck
 .text.avr-libc
                0x000022ac       0x34 c:/program files (x86)/atmel/studio/7.0/toolchain/avr8/avr8-gnu-toolchain/bin/../lib/gcc/avr/5.4.0/../../../../avr/lib/avr5\libc.a(utoa_ncheck.o)
                0x000022ac                __utoa_ncheck
                0x000022ae                __utoa_common
 .text.avr-libc
                0x000022e0       0x44 c:/program files (x86)/atmel/studio/7.0/toolchain/avr8/avr8-gnu-toolchain/bin/../lib/gcc/avr/5.4.0/../../../../avr/lib/avr5\libc.a(sprintf.o)
                0x000022e0                sprintf
 .text.avr-libc
                0x00002324      0x3c2 c:/program files (x86)/atmel/studio/7.0/toolchain/avr8/avr8-gnu-toolchain/bin/../lib/gcc/avr/5.4.0/../../../../avr/lib/avr5\libc.a(vfprintf_std.o)
                0x00002324                vfprintf
 .text.avr-libc
                0x000026e6      0x2b4 c:/program files (x86)/atmel/studio/7.0/toolchain/avr8/avr8-gnu-toolchain/bin/../lib/gcc/avr/5.4.0/../../../../avr/lib/avr5\libc.a(dtoa_prf.o)
                0x000026e6                dtoa_prf
 .text.avr-libc
                0x0000299a      0x1b0 c:/program files (x86)/atmel/studio/7.0/toolchain/avr8/avr8-gnu-toolchain/bin/../lib/gcc/avr/5.4.0/../../../../avr/lib/avr5\libc.a(ftoa_engine.o)
                0x0000299a                __ftoa_engine
 .text.avr-libc
                0x00002b4a       0x16 c:/program files (x86)/atmel/studio/7.0/toolchain/avr8/avr8-gnu-toolchain/bin/../lib/gcc/avr/5.4.0/../../../../avr/lib/avr5\libc.a(strnlen_P.o)
                0x00002b4a                strnlen_P
 .text.avr-libc
                0x00002b60       0x16 c:/program files (x86)/atmel/studio/7.0/toolchain/avr8/avr8-gnu-toolchain/bin/../lib/gcc/avr/5.4.0/../../../../avr/lib/avr5\libc.a(strnlen.o)
                0x00002b60                strnlen
 .text.avr-libc
                0x00002b76       0x20 c:/program files (x86)/atmel/studio/7.0/toolchain/avr8/avr8-gnu-toolchain/bin/../lib/gcc/avr/5.4.0/../../../../avr/lib/avr5\libc.a(strrev.o)
                0x00002b76                strrev
 .text.avr-libc
                0x00002b96       0x78 c:/program files (x86)/atmel/studio/7.0/toolchain/avr8/avr8-gnu-toolchain/bin/../lib/gcc/avr/5.4.0/../../../../avr/lib/avr5\libc.a(fputc.o)
                0x00002b96                fputc
 .text.avr-libc
                0x00002c0e       0xbc c:/program files (x86)/atmel/studio/7.0/toolchain/avr8/avr8-gnu-toolchain/bin/../lib/gcc/avr/5.4.0/../../../../avr/lib/avr5\libc.a(ultoa_invert.o)
                0x00002c0e                __ultoa_invert
 .text.libgcc.prologue
                0x00002cca       0x38 c:/program files (x86)/atmel/studio/7.0/toolchain/avr8/avr8-gnu-toolchain/bin/../lib/gcc/avr/5.4.0/avr5\libgcc.a(_prologue.o)
                0x00002cca                __prologue_saves__
 .text.libgcc.prologue
                0x00002d02       0x36 c:/program files (x86)/atmel/studio/7.0/toolchain/avr8/avr8-gnu-toolchain/bin/../lib/gcc/avr/5.4.0/avr5\libgcc.a(_epilogue.o)
                0x00002d02                __epilogue_restores__
                0x00002d38                . = ALIGN (0x2)
 *(.fini9)
 .fini9         0x00002d38        0x0 c:/program files (x86)/atmel/studio/7.0/toolchain/avr8/avr8-gnu-toolchain/bin/../lib/gcc/avr/5.4.0/avr5\libgcc.a(_exit.o)
                0x00002d38                _exit
                0x00002d38                exit
 *(.fini9)
 *(.fini8)
 *(.fini8)
 *(.fini7)
 *(.fini7)
 *(.fini6)
 *(.fini6)
 *(.fini5)
 *(.fini5)
 *(.fini4)
 *(.fini4)
 *(.fini3)
 *(.fini3)
 *(.fini2)
 *(.fini2)
 *(.fini1)
 *(.fini1)
 *(.fini0)
 .fini0         0x00002d38        0x4 c:/program files (x86)/atmel/studio/7.0/toolchain/avr8/avr8-gnu-toolchain/bin/../lib/gcc/avr/5.4.0/avr5\libgcc.a(_exit.o)
 *(.fini0)
                0x00002d3c                _etext = .

.data           0x00800060      0x212 load address 0x00002d3c
                0x00800060                PROVIDE (__data_start, .)
 *(.data)
 .data          0x00800060        0x6 c:/program files (x86)/atmel/studio/7.0/toolchain/avr8/avr8-gnu-toolchain/bin/../lib/gcc/avr/5.4.0/../../../../avr/lib/avr5\libc.a(malloc.o)
                0x00800060                __malloc_heap_end
                0x00800062                __malloc_heap_start
                0x00800064                __malloc_margin
 *(.data*)
 .data.backlight.1943
                0x00800066        0x1 lcd/lcd_i2cmaster.o
 .data._base_y  0x00800067        0x4 lcd/lcd_i2cmaster.o
 *(.gnu.linkonce.d*)
 *(.rodata)
 *(.rodata*)
 .rodata.str1.1
                0x0080006b        0x9 bp/bp.o
 .rodata.str1.1
                0x00800074       0x64 keypad/keypad8.o
 .rodata.str1.1
                0x008000d8       0x24 keyprocessor.o
 .rodata.str1.1
                0x008000fc       0x6a lcd/lcdgeneric.o
 .rodata.str1.1
                0x00800166       0x55 main.o
 .rodata.str1.1
                0x008001bb        0xb state/enteringage/enteringage.o
 .rodata.str1.1
                0x008001c6       0x29 state/enteringbp/enteringbp.o
 .rodata.str1.1
                0x008001ef        0xc state/enteringname/enteringname.o
 .rodata.str1.1
                0x008001fb        0xa state/enteringphone/enteringphone.o
 .rodata.str1.1
                0x00800205        0xd state/enteringtemp/enteringtemp.o
 .rodata.str1.1
                0x00800212       0x29 state/generateserial/generateserial.o
 .rodata.str1.1
                0x0080023b       0x16 state/idle/idle.o
 .rodata.str1.1
                0x00800251       0x20 state/states.o
 *(.gnu.linkonce.r*)
                0x00800272                . = ALIGN (0x2)
 *fill*         0x00800271        0x1 
                0x00800272                _edata = .
                0x00800272                PROVIDE (__data_end, .)

.bss            0x00800272      0x354
                0x00800272                PROVIDE (__bss_start, .)
 *(.bss)
 *(.bss*)
 .bss.c         0x00800272        0x4 bp/bp.o
                0x00800272                c
 .bss.m         0x00800276        0x4 bp/bp.o
                0x00800276                m
 .bss.position  0x0080027a        0x2 keypad/keypad8.o
                0x0080027a                position
 .bss.isUpperCase
                0x0080027c        0x1 keypad/keypad8.o
                0x0080027c                isUpperCase
 .bss.isNumber  0x0080027d        0x1 keypad/keypad8.o
                0x0080027d                isNumber
 .bss.doctorSeeing
                0x0080027e        0x1 main.o
                0x0080027e                doctorSeeing
 .bss.patientsCount
                0x0080027f        0x2 patient/patient.o
                0x0080027f                patientsCount
 .bss.scanning  0x00800281        0x1 state/enteringbp/enteringbp.o
                0x00800281                scanning
 *(COMMON)
 COMMON         0x00800282       0x11 keypad/keypad8.o
                0x00800282                keyBuffer
 COMMON         0x00800293        0x3 lcd/lcd_i2cmaster.o
                0x00800293                _lcd_maxx
                0x00800294                _lcd_x
                0x00800295                _lcd_y
 COMMON         0x00800296      0x2e2 main.o
                0x00800296                q
 COMMON         0x00800578       0x49 patient/patient.o
                0x00800578                currentPatient
 COMMON         0x008005c1        0x1 state/states.o
                0x008005c1                currentState
 COMMON         0x008005c2        0x4 c:/program files (x86)/atmel/studio/7.0/toolchain/avr8/avr8-gnu-toolchain/bin/../lib/gcc/avr/5.4.0/../../../../avr/lib/avr5\libc.a(malloc.o)
                0x008005c2                __brkval
                0x008005c4                __flp
                0x008005c6                PROVIDE (__bss_end, .)
                0x00002d3c                __data_load_start = LOADADDR (.data)
                0x00002f4e                __data_load_end = (__data_load_start + SIZEOF (.data))

.noinit         0x008005c6        0x0
                [!provide]                PROVIDE (__noinit_start, .)
 *(.noinit*)
                [!provide]                PROVIDE (__noinit_end, .)
                0x008005c6                _end = .
                0x008005c6                PROVIDE (__heap_start, .)

.eeprom         0x00810000        0x0
 *(.eeprom*)
                0x00810000                __eeprom_end = .

.fuse
 *(.fuse)
 *(.lfuse)
 *(.hfuse)
 *(.efuse)

.lock
 *(.lock*)

.signature
 *(.signature*)

.user_signatures
 *(.user_signatures*)

.stab
 *(.stab)

.stabstr
 *(.stabstr)

.stab.excl
 *(.stab.excl)

.stab.exclstr
 *(.stab.exclstr)

.stab.index
 *(.stab.index)

.stab.indexstr
 *(.stab.indexstr)

.comment        0x00000000       0x5c
 *(.comment)
 .comment       0x00000000       0x30 bp/bp.o
                                 0x31 (size before relaxing)
 .comment       0x00000030       0x31 button/button.o
 .comment       0x00000030       0x31 error.o
 .comment       0x00000030       0x31 hc05/hc05.o
 .comment       0x00000030       0x31 keypad/keypad8.o
 .comment       0x00000030       0x31 keyprocessor.o
 .comment       0x00000030       0x31 lcd/lcdgeneric.o
 .comment       0x00000030       0x31 lcd/lcd_4bit.o
 .comment       0x00000030       0x31 lcd/lcd_i2cmaster.o
 .comment       0x00000030       0x31 lm35/lm35.o
 .comment       0x00000030       0x31 main.o
 .comment       0x00000030       0x31 patient/patient.o
 .comment       0x00000030       0x31 state/enteringage/enteringage.o
 .comment       0x00000030       0x31 state/enteringbp/enteringbp.o
 .comment       0x00000030       0x31 state/enteringname/enteringname.o
 .comment       0x00000030       0x31 state/enteringphone/enteringphone.o
 .comment       0x00000030       0x31 state/enteringtemp/enteringtemp.o
 .comment       0x00000030       0x31 state/generateserial/generateserial.o
 .comment       0x00000030       0x31 state/idle/idle.o
 .comment       0x00000030       0x31 state/states.o
 .comment       0x00000030       0x31 twimaster.o
 .comment       0x00000030       0x31 c:/program files (x86)/atmel/studio/7.0/toolchain/avr8/avr8-gnu-toolchain/bin/../lib/gcc/avr/5.4.0/../../../../avr/lib/avr5\libc.a(dtostrf.o)
 .comment       0x00000030       0x31 c:/program files (x86)/atmel/studio/7.0/toolchain/avr8/avr8-gnu-toolchain/bin/../lib/gcc/avr/5.4.0/../../../../avr/lib/avr5\libc.a(malloc.o)
 .comment       0x00000030       0x31 c:/program files (x86)/atmel/studio/7.0/toolchain/avr8/avr8-gnu-toolchain/bin/../lib/gcc/avr/5.4.0/../../../../avr/lib/avr5\libc.a(sprintf.o)
 .comment       0x00000030       0x2c c:/program files (x86)/atmel/studio/7.0/toolchain/avr8/avr8-gnu-toolchain/bin/../lib/gcc/avr/5.4.0/../../../../avr/lib/avr5\libc.a(vfprintf_std.o)
                                 0x2d (size before relaxing)
 .comment       0x0000005c       0x31 c:/program files (x86)/atmel/studio/7.0/toolchain/avr8/avr8-gnu-toolchain/bin/../lib/gcc/avr/5.4.0/../../../../avr/lib/avr5\libc.a(dtoa_prf.o)
 .comment       0x0000005c       0x31 c:/program files (x86)/atmel/studio/7.0/toolchain/avr8/avr8-gnu-toolchain/bin/../lib/gcc/avr/5.4.0/../../../../avr/lib/avr5\libc.a(fputc.o)

.note.gnu.avr.deviceinfo
                0x00000000       0x3c
 .note.gnu.avr.deviceinfo
                0x00000000       0x3c C:/Program Files (x86)/Atmel/Studio/7.0/Packs/atmel/ATmega_DFP/1.6.364/gcc/dev/atmega32a/avr5/crtatmega32a.o

.note.gnu.build-id
 *(.note.gnu.build-id)

.debug
 *(.debug)

.line
 *(.line)

.debug_srcinfo
 *(.debug_srcinfo)

.debug_sfnames
 *(.debug_sfnames)

.debug_aranges  0x00000000      0x538
 *(.debug_aranges)
 .debug_aranges
                0x00000000       0x48 bp/bp.o
 .debug_aranges
                0x00000048       0x28 button/button.o
 .debug_aranges
                0x00000070       0x30 error.o
 .debug_aranges
                0x000000a0       0x40 hc05/hc05.o
 .debug_aranges
                0x000000e0       0x78 keypad/keypad8.o
 .debug_aranges
                0x00000158       0x20 keyprocessor.o
 .debug_aranges
                0x00000178       0x48 lcd/lcdgeneric.o
 .debug_aranges
                0x000001c0       0x68 lcd/lcd_4bit.o
 .debug_aranges
                0x00000228       0x78 lcd/lcd_i2cmaster.o
 .debug_aranges
                0x000002a0       0x28 lm35/lm35.o
 .debug_aranges
                0x000002c8       0x68 main.o
 .debug_aranges
                0x00000330       0x48 patient/patient.o
 .debug_aranges
                0x00000378       0x28 state/enteringage/enteringage.o
 .debug_aranges
                0x000003a0       0x30 state/enteringbp/enteringbp.o
 .debug_aranges
                0x000003d0       0x28 state/enteringname/enteringname.o
 .debug_aranges
                0x000003f8       0x28 state/enteringphone/enteringphone.o
 .debug_aranges
                0x00000420       0x30 state/enteringtemp/enteringtemp.o
 .debug_aranges
                0x00000450       0x40 state/generateserial/generateserial.o
 .debug_aranges
                0x00000490       0x28 state/idle/idle.o
 .debug_aranges
                0x000004b8       0x28 state/states.o
 .debug_aranges
                0x000004e0       0x58 twimaster.o

.debug_pubnames
 *(.debug_pubnames)

.debug_info     0x00000000     0x5067
 *(.debug_info .gnu.linkonce.wi.*)
 .debug_info    0x00000000      0x4e6 C:/Program Files (x86)/Atmel/Studio/7.0/Packs/atmel/ATmega_DFP/1.6.364/gcc/dev/atmega32a/avr5/crtatmega32a.o
 .debug_info    0x000004e6      0x66b bp/bp.o
 .debug_info    0x00000b51       0xb0 button/button.o
 .debug_info    0x00000c01      0x122 error.o
 .debug_info    0x00000d23      0x116 hc05/hc05.o
 .debug_info    0x00000e39      0x50f keypad/keypad8.o
 .debug_info    0x00001348      0x17c keyprocessor.o
 .debug_info    0x000014c4      0x4cb lcd/lcdgeneric.o
 .debug_info    0x0000198f      0x8d0 lcd/lcd_4bit.o
 .debug_info    0x0000225f      0x743 lcd/lcd_i2cmaster.o
 .debug_info    0x000029a2       0xf3 lm35/lm35.o
 .debug_info    0x00002a95      0x932 main.o
 .debug_info    0x000033c7      0x32d patient/patient.o
 .debug_info    0x000036f4      0x2ba state/enteringage/enteringage.o
 .debug_info    0x000039ae      0x2f7 state/enteringbp/enteringbp.o
 .debug_info    0x00003ca5      0x2fb state/enteringname/enteringname.o
 .debug_info    0x00003fa0      0x2c3 state/enteringphone/enteringphone.o
 .debug_info    0x00004263      0x339 state/enteringtemp/enteringtemp.o
 .debug_info    0x0000459c      0x596 state/generateserial/generateserial.o
 .debug_info    0x00004b32      0x1ac state/idle/idle.o
 .debug_info    0x00004cde      0x1cc state/states.o
 .debug_info    0x00004eaa      0x1bd twimaster.o

.debug_abbrev   0x00000000     0x1ee8
 *(.debug_abbrev)
 .debug_abbrev  0x00000000      0x4a3 C:/Program Files (x86)/Atmel/Studio/7.0/Packs/atmel/ATmega_DFP/1.6.364/gcc/dev/atmega32a/avr5/crtatmega32a.o
 .debug_abbrev  0x000004a3      0x2ae bp/bp.o
 .debug_abbrev  0x00000751       0x67 button/button.o
 .debug_abbrev  0x000007b8       0x8c error.o
 .debug_abbrev  0x00000844       0xcd hc05/hc05.o
 .debug_abbrev  0x00000911      0x1c1 keypad/keypad8.o
 .debug_abbrev  0x00000ad2       0xa7 keyprocessor.o
 .debug_abbrev  0x00000b79      0x174 lcd/lcdgeneric.o
 .debug_abbrev  0x00000ced      0x17e lcd/lcd_4bit.o
 .debug_abbrev  0x00000e6b      0x1e2 lcd/lcd_i2cmaster.o
 .debug_abbrev  0x0000104d       0xa1 lm35/lm35.o
 .debug_abbrev  0x000010ee      0x286 main.o
 .debug_abbrev  0x00001374       0xf5 patient/patient.o
 .debug_abbrev  0x00001469      0x10b state/enteringage/enteringage.o
 .debug_abbrev  0x00001574      0x155 state/enteringbp/enteringbp.o
 .debug_abbrev  0x000016c9      0x10b state/enteringname/enteringname.o
 .debug_abbrev  0x000017d4      0x10b state/enteringphone/enteringphone.o
 .debug_abbrev  0x000018df      0x17f state/enteringtemp/enteringtemp.o
 .debug_abbrev  0x00001a5e      0x22f state/generateserial/generateserial.o
 .debug_abbrev  0x00001c8d       0xb0 state/idle/idle.o
 .debug_abbrev  0x00001d3d       0xc6 state/states.o
 .debug_abbrev  0x00001e03       0xe5 twimaster.o

.debug_line     0x00000000     0x3349
 *(.debug_line .debug_line.* .debug_line_end)
 .debug_line    0x00000000      0x116 C:/Program Files (x86)/Atmel/Studio/7.0/Packs/atmel/ATmega_DFP/1.6.364/gcc/dev/atmega32a/avr5/crtatmega32a.o
 .debug_line    0x00000116      0x2f9 bp/bp.o
 .debug_line    0x0000040f       0xc0 button/button.o
 .debug_line    0x000004cf       0x56 error.o
 .debug_line    0x00000525      0x15c hc05/hc05.o
 .debug_line    0x00000681      0x3fe keypad/keypad8.o
 .debug_line    0x00000a7f      0x222 keyprocessor.o
 .debug_line    0x00000ca1      0x29d lcd/lcdgeneric.o
 .debug_line    0x00000f3e      0x650 lcd/lcd_4bit.o
 .debug_line    0x0000158e      0x3c4 lcd/lcd_i2cmaster.o
 .debug_line    0x00001952       0xe0 lm35/lm35.o
 .debug_line    0x00001a32      0x40f main.o
 .debug_line    0x00001e41      0x13b patient/patient.o
 .debug_line    0x00001f7c      0x20d state/enteringage/enteringage.o
 .debug_line    0x00002189      0x210 state/enteringbp/enteringbp.o
 .debug_line    0x00002399      0x21a state/enteringname/enteringname.o
 .debug_line    0x000025b3      0x221 state/enteringphone/enteringphone.o
 .debug_line    0x000027d4      0x22e state/enteringtemp/enteringtemp.o
 .debug_line    0x00002a02      0x316 state/generateserial/generateserial.o
 .debug_line    0x00002d18      0x122 state/idle/idle.o
 .debug_line    0x00002e3a      0x291 state/states.o
 .debug_line    0x000030cb      0x27e twimaster.o

.debug_frame    0x00000000      0xad4
 *(.debug_frame)
 .debug_frame   0x00000000      0x180 bp/bp.o
 .debug_frame   0x00000180       0x34 button/button.o
 .debug_frame   0x000001b4       0x44 error.o
 .debug_frame   0x000001f8       0x70 hc05/hc05.o
 .debug_frame   0x00000268      0x118 keypad/keypad8.o
 .debug_frame   0x00000380       0x24 keyprocessor.o
 .debug_frame   0x000003a4       0xa0 lcd/lcdgeneric.o
 .debug_frame   0x00000444       0xe0 lcd/lcd_4bit.o
 .debug_frame   0x00000524      0x158 lcd/lcd_i2cmaster.o
 .debug_frame   0x0000067c       0x34 lm35/lm35.o
 .debug_frame   0x000006b0       0xdc main.o
 .debug_frame   0x0000078c       0x74 patient/patient.o
 .debug_frame   0x00000800       0x34 state/enteringage/enteringage.o
 .debug_frame   0x00000834       0x44 state/enteringbp/enteringbp.o
 .debug_frame   0x00000878       0x34 state/enteringname/enteringname.o
 .debug_frame   0x000008ac       0x34 state/enteringphone/enteringphone.o
 .debug_frame   0x000008e0       0x60 state/enteringtemp/enteringtemp.o
 .debug_frame   0x00000940       0x90 state/generateserial/generateserial.o
 .debug_frame   0x000009d0       0x34 state/idle/idle.o
 .debug_frame   0x00000a04       0x3c state/states.o
 .debug_frame   0x00000a40       0x94 twimaster.o

.debug_str      0x00000000      0xd26
 *(.debug_str)
 .debug_str     0x00000000      0x196 C:/Program Files (x86)/Atmel/Studio/7.0/Packs/atmel/ATmega_DFP/1.6.364/gcc/dev/atmega32a/avr5/crtatmega32a.o
 .debug_str     0x00000196      0x283 bp/bp.o
                                0x2d5 (size before relaxing)
 .debug_str     0x00000419       0x3a button/button.o
                                0x1b4 (size before relaxing)
 .debug_str     0x00000453       0x3c error.o
                                0x1ae (size before relaxing)
 .debug_str     0x0000048f       0x6b hc05/hc05.o
                                0x1e1 (size before relaxing)
 .debug_str     0x000004fa      0x102 keypad/keypad8.o
                                0x2d5 (size before relaxing)
 .debug_str     0x000005fc       0xd9 keyprocessor.o
                                0x26a (size before relaxing)
 .debug_str     0x000006d5       0xbb lcd/lcdgeneric.o
                                0x2b7 (size before relaxing)
 .debug_str     0x00000790       0x65 lcd/lcd_4bit.o
                                0x261 (size before relaxing)
 .debug_str     0x000007f5       0xe2 lcd/lcd_i2cmaster.o
                                0x302 (size before relaxing)
 .debug_str     0x000008d7       0x37 lm35/lm35.o
                                0x1c0 (size before relaxing)
 .debug_str     0x0000090e       0xdb main.o
                                0x357 (size before relaxing)
 .debug_str     0x000009e9       0xdb patient/patient.o
                                0x27a (size before relaxing)
 .debug_str     0x00000ac4       0x34 state/enteringage/enteringage.o
                                0x2ad (size before relaxing)
 .debug_str     0x00000af8       0x4d state/enteringbp/enteringbp.o
                                0x283 (size before relaxing)
 .debug_str     0x00000b45       0x37 state/enteringname/enteringname.o
                                0x2c8 (size before relaxing)
 .debug_str     0x00000b7c       0x3a state/enteringphone/enteringphone.o
                                0x2b7 (size before relaxing)
 .debug_str     0x00000bb6       0x5e state/enteringtemp/enteringtemp.o
                                0x2b0 (size before relaxing)
 .debug_str     0x00000c14       0x85 state/generateserial/generateserial.o
                                0x32b (size before relaxing)
 .debug_str     0x00000c99       0x1f state/idle/idle.o
                                0x1ed (size before relaxing)
 .debug_str     0x00000cb8       0x1b state/states.o
                                0x277 (size before relaxing)
 .debug_str     0x00000cd3       0x53 twimaster.o
                                0x1ea (size before relaxing)

.debug_loc      0x00000000     0x290e
 *(.debug_loc)
 .debug_loc     0x00000000      0x7e5 bp/bp.o
 .debug_loc     0x000007e5       0x64 hc05/hc05.o
 .debug_loc     0x00000849      0x3f8 keypad/keypad8.o
 .debug_loc     0x00000c41       0xd0 keyprocessor.o
 .debug_loc     0x00000d11      0x4d4 lcd/lcdgeneric.o
 .debug_loc     0x000011e5      0x662 lcd/lcd_4bit.o
 .debug_loc     0x00001847      0x698 lcd/lcd_i2cmaster.o
 .debug_loc     0x00001edf       0x49 lm35/lm35.o
 .debug_loc     0x00001f28      0x36b main.o
 .debug_loc     0x00002293      0x1d6 patient/patient.o
 .debug_loc     0x00002469       0x53 state/enteringage/enteringage.o
 .debug_loc     0x000024bc       0x3a state/enteringbp/enteringbp.o
 .debug_loc     0x000024f6       0x53 state/enteringname/enteringname.o
 .debug_loc     0x00002549       0x53 state/enteringphone/enteringphone.o
 .debug_loc     0x0000259c       0xb9 state/enteringtemp/enteringtemp.o
 .debug_loc     0x00002655      0x156 state/generateserial/generateserial.o
 .debug_loc     0x000027ab       0x21 state/idle/idle.o
 .debug_loc     0x000027cc       0x4f state/states.o
 .debug_loc     0x0000281b       0xf3 twimaster.o

.debug_macinfo
 *(.debug_macinfo)

.debug_weaknames
 *(.debug_weaknames)

.debug_funcnames
 *(.debug_funcnames)

.debug_typenames
 *(.debug_typenames)

.debug_varnames
 *(.debug_varnames)

.debug_pubtypes
 *(.debug_pubtypes)

.debug_ranges   0x00000000      0x448
 *(.debug_ranges)
 .debug_ranges  0x00000000       0x38 bp/bp.o
 .debug_ranges  0x00000038       0x18 button/button.o
 .debug_ranges  0x00000050       0x20 error.o
 .debug_ranges  0x00000070       0x30 hc05/hc05.o
 .debug_ranges  0x000000a0       0x80 keypad/keypad8.o
 .debug_ranges  0x00000120       0x10 keyprocessor.o
 .debug_ranges  0x00000130       0x38 lcd/lcdgeneric.o
 .debug_ranges  0x00000168       0x58 lcd/lcd_4bit.o
 .debug_ranges  0x000001c0       0x98 lcd/lcd_i2cmaster.o
 .debug_ranges  0x00000258       0x18 lm35/lm35.o
 .debug_ranges  0x00000270       0x70 main.o
 .debug_ranges  0x000002e0       0x38 patient/patient.o
 .debug_ranges  0x00000318       0x18 state/enteringage/enteringage.o
 .debug_ranges  0x00000330       0x20 state/enteringbp/enteringbp.o
 .debug_ranges  0x00000350       0x18 state/enteringname/enteringname.o
 .debug_ranges  0x00000368       0x18 state/enteringphone/enteringphone.o
 .debug_ranges  0x00000380       0x20 state/enteringtemp/enteringtemp.o
 .debug_ranges  0x000003a0       0x30 state/generateserial/generateserial.o
 .debug_ranges  0x000003d0       0x18 state/idle/idle.o
 .debug_ranges  0x000003e8       0x18 state/states.o
 .debug_ranges  0x00000400       0x48 twimaster.o

.debug_macro
 *(.debug_macro)
OUTPUT(projcodes.elf elf32-avr)
LOAD linker stubs
