Archive member included to satisfy reference by file (symbol)

d:/softwares/atmel studio/7.0/toolchain/avr8/avr8-gnu-toolchain/bin/../lib/gcc/avr/5.4.0/../../../../avr/lib/avr5\libm.a(floatsisf.o)
                              store/store.o (__floatunsisf)
d:/softwares/atmel studio/7.0/toolchain/avr8/avr8-gnu-toolchain/bin/../lib/gcc/avr/5.4.0/avr5\libgcc.a(_exit.o)
                              D:/Softwares/Atmel Studio/7.0/Packs/atmel/ATmega_DFP/1.6.364/gcc/dev/atmega32a/avr5/crtatmega32a.o (exit)
d:/softwares/atmel studio/7.0/toolchain/avr8/avr8-gnu-toolchain/bin/../lib/gcc/avr/5.4.0/avr5\libgcc.a(_copy_data.o)
                              error.o (__do_copy_data)
d:/softwares/atmel studio/7.0/toolchain/avr8/avr8-gnu-toolchain/bin/../lib/gcc/avr/5.4.0/avr5\libgcc.a(_clear_bss.o)
                              keypad/keypad8.o (__do_clear_bss)
d:/softwares/atmel studio/7.0/toolchain/avr8/avr8-gnu-toolchain/bin/../lib/gcc/avr/5.4.0/../../../../avr/lib/avr5\libc.a(dtostrf.o)
                              store/store.o (dtostrf)
d:/softwares/atmel studio/7.0/toolchain/avr8/avr8-gnu-toolchain/bin/../lib/gcc/avr/5.4.0/../../../../avr/lib/avr5\libc.a(strcpy.o)
                              patient/patient.o (strcpy)
d:/softwares/atmel studio/7.0/toolchain/avr8/avr8-gnu-toolchain/bin/../lib/gcc/avr/5.4.0/../../../../avr/lib/avr5\libc.a(sprintf.o)
                              error.o (sprintf)
d:/softwares/atmel studio/7.0/toolchain/avr8/avr8-gnu-toolchain/bin/../lib/gcc/avr/5.4.0/../../../../avr/lib/avr5\libc.a(vfprintf_std.o)
                              d:/softwares/atmel studio/7.0/toolchain/avr8/avr8-gnu-toolchain/bin/../lib/gcc/avr/5.4.0/../../../../avr/lib/avr5\libc.a(sprintf.o) (vfprintf)
d:/softwares/atmel studio/7.0/toolchain/avr8/avr8-gnu-toolchain/bin/../lib/gcc/avr/5.4.0/../../../../avr/lib/avr5\libc.a(dtoa_prf.o)
                              d:/softwares/atmel studio/7.0/toolchain/avr8/avr8-gnu-toolchain/bin/../lib/gcc/avr/5.4.0/../../../../avr/lib/avr5\libc.a(dtostrf.o) (dtoa_prf)
d:/softwares/atmel studio/7.0/toolchain/avr8/avr8-gnu-toolchain/bin/../lib/gcc/avr/5.4.0/../../../../avr/lib/avr5\libc.a(ftoa_engine.o)
                              d:/softwares/atmel studio/7.0/toolchain/avr8/avr8-gnu-toolchain/bin/../lib/gcc/avr/5.4.0/../../../../avr/lib/avr5\libc.a(dtoa_prf.o) (__ftoa_engine)
d:/softwares/atmel studio/7.0/toolchain/avr8/avr8-gnu-toolchain/bin/../lib/gcc/avr/5.4.0/../../../../avr/lib/avr5\libc.a(strnlen_P.o)
                              d:/softwares/atmel studio/7.0/toolchain/avr8/avr8-gnu-toolchain/bin/../lib/gcc/avr/5.4.0/../../../../avr/lib/avr5\libc.a(vfprintf_std.o) (strnlen_P)
d:/softwares/atmel studio/7.0/toolchain/avr8/avr8-gnu-toolchain/bin/../lib/gcc/avr/5.4.0/../../../../avr/lib/avr5\libc.a(strnlen.o)
                              d:/softwares/atmel studio/7.0/toolchain/avr8/avr8-gnu-toolchain/bin/../lib/gcc/avr/5.4.0/../../../../avr/lib/avr5\libc.a(vfprintf_std.o) (strnlen)
d:/softwares/atmel studio/7.0/toolchain/avr8/avr8-gnu-toolchain/bin/../lib/gcc/avr/5.4.0/../../../../avr/lib/avr5\libc.a(fputc.o)
                              d:/softwares/atmel studio/7.0/toolchain/avr8/avr8-gnu-toolchain/bin/../lib/gcc/avr/5.4.0/../../../../avr/lib/avr5\libc.a(vfprintf_std.o) (fputc)
d:/softwares/atmel studio/7.0/toolchain/avr8/avr8-gnu-toolchain/bin/../lib/gcc/avr/5.4.0/../../../../avr/lib/avr5\libc.a(ultoa_invert.o)
                              d:/softwares/atmel studio/7.0/toolchain/avr8/avr8-gnu-toolchain/bin/../lib/gcc/avr/5.4.0/../../../../avr/lib/avr5\libc.a(vfprintf_std.o) (__ultoa_invert)
d:/softwares/atmel studio/7.0/toolchain/avr8/avr8-gnu-toolchain/bin/../lib/gcc/avr/5.4.0/avr5\libgcc.a(_prologue.o)
                              d:/softwares/atmel studio/7.0/toolchain/avr8/avr8-gnu-toolchain/bin/../lib/gcc/avr/5.4.0/../../../../avr/lib/avr5\libc.a(sprintf.o) (__prologue_saves__)
d:/softwares/atmel studio/7.0/toolchain/avr8/avr8-gnu-toolchain/bin/../lib/gcc/avr/5.4.0/avr5\libgcc.a(_epilogue.o)
                              d:/softwares/atmel studio/7.0/toolchain/avr8/avr8-gnu-toolchain/bin/../lib/gcc/avr/5.4.0/../../../../avr/lib/avr5\libc.a(sprintf.o) (__epilogue_restores__)

Allocating common symbols
Common symbol       size              file

_lcd_maxx           0x1               lcd/lcd_i2cmaster.o
patientsList        0x0               patient/patient.o
keyBuffer           0x11              keypad/keypad8.o
currentState        0x1               state/states.o
_lcd_x              0x1               lcd/lcd_i2cmaster.o
currentPatient      0x35              patient/patient.o
records             0x258             store/store.o
_lcd_y              0x1               lcd/lcd_i2cmaster.o

Discarded input sections

 .data          0x00000000        0x0 D:/Softwares/Atmel Studio/7.0/Packs/atmel/ATmega_DFP/1.6.364/gcc/dev/atmega32a/avr5/crtatmega32a.o
 .bss           0x00000000        0x0 D:/Softwares/Atmel Studio/7.0/Packs/atmel/ATmega_DFP/1.6.364/gcc/dev/atmega32a/avr5/crtatmega32a.o
 .text          0x00000000        0x0 error.o
 .data          0x00000000        0x0 error.o
 .bss           0x00000000        0x0 error.o
 .text          0x00000000        0x0 hc05/hc05.o
 .data          0x00000000        0x0 hc05/hc05.o
 .bss           0x00000000        0x0 hc05/hc05.o
 .text.HC05_ReceiveChar
                0x00000000        0x8 hc05/hc05.o
 .text          0x00000000        0x0 keypad/keypad8.o
 .data          0x00000000        0x0 keypad/keypad8.o
 .bss           0x00000000        0x0 keypad/keypad8.o
 .text          0x00000000        0x0 keyprocessor.o
 .data          0x00000000        0x0 keyprocessor.o
 .bss           0x00000000        0x0 keyprocessor.o
 .text          0x00000000        0x0 lcd/lcdgeneric.o
 .data          0x00000000        0x0 lcd/lcdgeneric.o
 .bss           0x00000000        0x0 lcd/lcdgeneric.o
 .text          0x00000000        0x0 lcd/lcd_4bit.o
 .data          0x00000000        0x0 lcd/lcd_4bit.o
 .bss           0x00000000        0x0 lcd/lcd_4bit.o
 .text.Lcd4_Shift_Right
                0x00000000        0xe lcd/lcd_4bit.o
 .text.Lcd4_Shift_Left
                0x00000000        0xe lcd/lcd_4bit.o
 .text          0x00000000        0x0 lcd/lcd_i2cmaster.o
 .data          0x00000000        0x0 lcd/lcd_i2cmaster.o
 .bss           0x00000000        0x0 lcd/lcd_i2cmaster.o
 .text.lcd_home
                0x00000000       0x12 lcd/lcd_i2cmaster.o
 .text.lcd_puts_p
                0x00000000       0x24 lcd/lcd_i2cmaster.o
 .text.lcd_command
                0x00000000        0x8 lcd/lcd_i2cmaster.o
 .text.lcd_data
                0x00000000        0x8 lcd/lcd_i2cmaster.o
 .text          0x00000000        0x0 main.o
 .data          0x00000000        0x0 main.o
 .bss           0x00000000        0x0 main.o
 .text          0x00000000        0x0 patient/patient.o
 .data          0x00000000        0x0 patient/patient.o
 .bss           0x00000000        0x0 patient/patient.o
 .text          0x00000000        0x0 state/enteringage/enteringage.o
 .data          0x00000000        0x0 state/enteringage/enteringage.o
 .bss           0x00000000        0x0 state/enteringage/enteringage.o
 .text          0x00000000        0x0 state/enteringname/enteringname.o
 .data          0x00000000        0x0 state/enteringname/enteringname.o
 .bss           0x00000000        0x0 state/enteringname/enteringname.o
 .text          0x00000000        0x0 state/enteringphone/enteringphone.o
 .data          0x00000000        0x0 state/enteringphone/enteringphone.o
 .bss           0x00000000        0x0 state/enteringphone/enteringphone.o
 .text          0x00000000        0x0 state/generateserial/generateserial.o
 .data          0x00000000        0x0 state/generateserial/generateserial.o
 .bss           0x00000000        0x0 state/generateserial/generateserial.o
 .text.GenerateSerial_Init
                0x00000000       0x3c state/generateserial/generateserial.o
 .text          0x00000000        0x0 state/idle/idle.o
 .data          0x00000000        0x0 state/idle/idle.o
 .bss           0x00000000        0x0 state/idle/idle.o
 .text          0x00000000        0x0 state/states.o
 .data          0x00000000        0x0 state/states.o
 .bss           0x00000000        0x0 state/states.o
 .text          0x00000000        0x0 store/store.o
 .data          0x00000000        0x0 store/store.o
 .bss           0x00000000        0x0 store/store.o
 .text.Store_Update
                0x00000000       0x5c store/store.o
 .bss.serial    0x00000000        0x2 store/store.o
 .debug_info    0x00000000      0x1a3 store/store.o
 .debug_abbrev  0x00000000       0xfb store/store.o
 .debug_loc     0x00000000       0x49 store/store.o
 .debug_aranges
                0x00000000       0x20 store/store.o
 .debug_ranges  0x00000000       0x10 store/store.o
 .debug_line    0x00000000       0xf1 store/store.o
 .debug_str     0x00000000      0x215 store/store.o
 .comment       0x00000000       0x31 store/store.o
 .debug_frame   0x00000000       0x38 store/store.o
 COMMON         0x00000000      0x258 store/store.o
 .text          0x00000000        0x0 twimaster.o
 .data          0x00000000        0x0 twimaster.o
 .bss           0x00000000        0x0 twimaster.o
 .text.i2c_start_wait
                0x00000000       0x3c twimaster.o
 .text.i2c_rep_start
                0x00000000        0x6 twimaster.o
 .text.i2c_readAck
                0x00000000        0xe twimaster.o
 .text.i2c_readNak
                0x00000000        0xe twimaster.o
 .text          0x00000000        0x0 d:/softwares/atmel studio/7.0/toolchain/avr8/avr8-gnu-toolchain/bin/../lib/gcc/avr/5.4.0/../../../../avr/lib/avr5\libm.a(floatsisf.o)
 .data          0x00000000        0x0 d:/softwares/atmel studio/7.0/toolchain/avr8/avr8-gnu-toolchain/bin/../lib/gcc/avr/5.4.0/../../../../avr/lib/avr5\libm.a(floatsisf.o)
 .bss           0x00000000        0x0 d:/softwares/atmel studio/7.0/toolchain/avr8/avr8-gnu-toolchain/bin/../lib/gcc/avr/5.4.0/../../../../avr/lib/avr5\libm.a(floatsisf.o)
 .text.avr-libc.fplib
                0x00000000       0x7a d:/softwares/atmel studio/7.0/toolchain/avr8/avr8-gnu-toolchain/bin/../lib/gcc/avr/5.4.0/../../../../avr/lib/avr5\libm.a(floatsisf.o)
 .text          0x00000000        0x0 d:/softwares/atmel studio/7.0/toolchain/avr8/avr8-gnu-toolchain/bin/../lib/gcc/avr/5.4.0/avr5\libgcc.a(_exit.o)
 .data          0x00000000        0x0 d:/softwares/atmel studio/7.0/toolchain/avr8/avr8-gnu-toolchain/bin/../lib/gcc/avr/5.4.0/avr5\libgcc.a(_exit.o)
 .bss           0x00000000        0x0 d:/softwares/atmel studio/7.0/toolchain/avr8/avr8-gnu-toolchain/bin/../lib/gcc/avr/5.4.0/avr5\libgcc.a(_exit.o)
 .text.libgcc.mul
                0x00000000        0x0 d:/softwares/atmel studio/7.0/toolchain/avr8/avr8-gnu-toolchain/bin/../lib/gcc/avr/5.4.0/avr5\libgcc.a(_exit.o)
 .text.libgcc.div
                0x00000000        0x0 d:/softwares/atmel studio/7.0/toolchain/avr8/avr8-gnu-toolchain/bin/../lib/gcc/avr/5.4.0/avr5\libgcc.a(_exit.o)
 .text.libgcc   0x00000000        0x0 d:/softwares/atmel studio/7.0/toolchain/avr8/avr8-gnu-toolchain/bin/../lib/gcc/avr/5.4.0/avr5\libgcc.a(_exit.o)
 .text.libgcc.prologue
                0x00000000        0x0 d:/softwares/atmel studio/7.0/toolchain/avr8/avr8-gnu-toolchain/bin/../lib/gcc/avr/5.4.0/avr5\libgcc.a(_exit.o)
 .text.libgcc.builtins
                0x00000000        0x0 d:/softwares/atmel studio/7.0/toolchain/avr8/avr8-gnu-toolchain/bin/../lib/gcc/avr/5.4.0/avr5\libgcc.a(_exit.o)
 .text.libgcc.fmul
                0x00000000        0x0 d:/softwares/atmel studio/7.0/toolchain/avr8/avr8-gnu-toolchain/bin/../lib/gcc/avr/5.4.0/avr5\libgcc.a(_exit.o)
 .text.libgcc.fixed
                0x00000000        0x0 d:/softwares/atmel studio/7.0/toolchain/avr8/avr8-gnu-toolchain/bin/../lib/gcc/avr/5.4.0/avr5\libgcc.a(_exit.o)
 .text          0x00000000        0x0 d:/softwares/atmel studio/7.0/toolchain/avr8/avr8-gnu-toolchain/bin/../lib/gcc/avr/5.4.0/avr5\libgcc.a(_copy_data.o)
 .data          0x00000000        0x0 d:/softwares/atmel studio/7.0/toolchain/avr8/avr8-gnu-toolchain/bin/../lib/gcc/avr/5.4.0/avr5\libgcc.a(_copy_data.o)
 .bss           0x00000000        0x0 d:/softwares/atmel studio/7.0/toolchain/avr8/avr8-gnu-toolchain/bin/../lib/gcc/avr/5.4.0/avr5\libgcc.a(_copy_data.o)
 .text.libgcc.mul
                0x00000000        0x0 d:/softwares/atmel studio/7.0/toolchain/avr8/avr8-gnu-toolchain/bin/../lib/gcc/avr/5.4.0/avr5\libgcc.a(_copy_data.o)
 .text.libgcc.div
                0x00000000        0x0 d:/softwares/atmel studio/7.0/toolchain/avr8/avr8-gnu-toolchain/bin/../lib/gcc/avr/5.4.0/avr5\libgcc.a(_copy_data.o)
 .text.libgcc   0x00000000        0x0 d:/softwares/atmel studio/7.0/toolchain/avr8/avr8-gnu-toolchain/bin/../lib/gcc/avr/5.4.0/avr5\libgcc.a(_copy_data.o)
 .text.libgcc.prologue
                0x00000000        0x0 d:/softwares/atmel studio/7.0/toolchain/avr8/avr8-gnu-toolchain/bin/../lib/gcc/avr/5.4.0/avr5\libgcc.a(_copy_data.o)
 .text.libgcc.builtins
                0x00000000        0x0 d:/softwares/atmel studio/7.0/toolchain/avr8/avr8-gnu-toolchain/bin/../lib/gcc/avr/5.4.0/avr5\libgcc.a(_copy_data.o)
 .text.libgcc.fmul
                0x00000000        0x0 d:/softwares/atmel studio/7.0/toolchain/avr8/avr8-gnu-toolchain/bin/../lib/gcc/avr/5.4.0/avr5\libgcc.a(_copy_data.o)
 .text.libgcc.fixed
                0x00000000        0x0 d:/softwares/atmel studio/7.0/toolchain/avr8/avr8-gnu-toolchain/bin/../lib/gcc/avr/5.4.0/avr5\libgcc.a(_copy_data.o)
 .text          0x00000000        0x0 d:/softwares/atmel studio/7.0/toolchain/avr8/avr8-gnu-toolchain/bin/../lib/gcc/avr/5.4.0/avr5\libgcc.a(_clear_bss.o)
 .data          0x00000000        0x0 d:/softwares/atmel studio/7.0/toolchain/avr8/avr8-gnu-toolchain/bin/../lib/gcc/avr/5.4.0/avr5\libgcc.a(_clear_bss.o)
 .bss           0x00000000        0x0 d:/softwares/atmel studio/7.0/toolchain/avr8/avr8-gnu-toolchain/bin/../lib/gcc/avr/5.4.0/avr5\libgcc.a(_clear_bss.o)
 .text.libgcc.mul
                0x00000000        0x0 d:/softwares/atmel studio/7.0/toolchain/avr8/avr8-gnu-toolchain/bin/../lib/gcc/avr/5.4.0/avr5\libgcc.a(_clear_bss.o)
 .text.libgcc.div
                0x00000000        0x0 d:/softwares/atmel studio/7.0/toolchain/avr8/avr8-gnu-toolchain/bin/../lib/gcc/avr/5.4.0/avr5\libgcc.a(_clear_bss.o)
 .text.libgcc   0x00000000        0x0 d:/softwares/atmel studio/7.0/toolchain/avr8/avr8-gnu-toolchain/bin/../lib/gcc/avr/5.4.0/avr5\libgcc.a(_clear_bss.o)
 .text.libgcc.prologue
                0x00000000        0x0 d:/softwares/atmel studio/7.0/toolchain/avr8/avr8-gnu-toolchain/bin/../lib/gcc/avr/5.4.0/avr5\libgcc.a(_clear_bss.o)
 .text.libgcc.builtins
                0x00000000        0x0 d:/softwares/atmel studio/7.0/toolchain/avr8/avr8-gnu-toolchain/bin/../lib/gcc/avr/5.4.0/avr5\libgcc.a(_clear_bss.o)
 .text.libgcc.fmul
                0x00000000        0x0 d:/softwares/atmel studio/7.0/toolchain/avr8/avr8-gnu-toolchain/bin/../lib/gcc/avr/5.4.0/avr5\libgcc.a(_clear_bss.o)
 .text.libgcc.fixed
                0x00000000        0x0 d:/softwares/atmel studio/7.0/toolchain/avr8/avr8-gnu-toolchain/bin/../lib/gcc/avr/5.4.0/avr5\libgcc.a(_clear_bss.o)
 .text          0x00000000        0x0 d:/softwares/atmel studio/7.0/toolchain/avr8/avr8-gnu-toolchain/bin/../lib/gcc/avr/5.4.0/../../../../avr/lib/avr5\libc.a(dtostrf.o)
 .data          0x00000000        0x0 d:/softwares/atmel studio/7.0/toolchain/avr8/avr8-gnu-toolchain/bin/../lib/gcc/avr/5.4.0/../../../../avr/lib/avr5\libc.a(dtostrf.o)
 .bss           0x00000000        0x0 d:/softwares/atmel studio/7.0/toolchain/avr8/avr8-gnu-toolchain/bin/../lib/gcc/avr/5.4.0/../../../../avr/lib/avr5\libc.a(dtostrf.o)
 .text.avr-libc
                0x00000000       0x40 d:/softwares/atmel studio/7.0/toolchain/avr8/avr8-gnu-toolchain/bin/../lib/gcc/avr/5.4.0/../../../../avr/lib/avr5\libc.a(dtostrf.o)
 .comment       0x00000000       0x31 d:/softwares/atmel studio/7.0/toolchain/avr8/avr8-gnu-toolchain/bin/../lib/gcc/avr/5.4.0/../../../../avr/lib/avr5\libc.a(dtostrf.o)
 .text          0x00000000        0x0 d:/softwares/atmel studio/7.0/toolchain/avr8/avr8-gnu-toolchain/bin/../lib/gcc/avr/5.4.0/../../../../avr/lib/avr5\libc.a(strcpy.o)
 .data          0x00000000        0x0 d:/softwares/atmel studio/7.0/toolchain/avr8/avr8-gnu-toolchain/bin/../lib/gcc/avr/5.4.0/../../../../avr/lib/avr5\libc.a(strcpy.o)
 .bss           0x00000000        0x0 d:/softwares/atmel studio/7.0/toolchain/avr8/avr8-gnu-toolchain/bin/../lib/gcc/avr/5.4.0/../../../../avr/lib/avr5\libc.a(strcpy.o)
 .text          0x00000000        0x0 d:/softwares/atmel studio/7.0/toolchain/avr8/avr8-gnu-toolchain/bin/../lib/gcc/avr/5.4.0/../../../../avr/lib/avr5\libc.a(sprintf.o)
 .data          0x00000000        0x0 d:/softwares/atmel studio/7.0/toolchain/avr8/avr8-gnu-toolchain/bin/../lib/gcc/avr/5.4.0/../../../../avr/lib/avr5\libc.a(sprintf.o)
 .bss           0x00000000        0x0 d:/softwares/atmel studio/7.0/toolchain/avr8/avr8-gnu-toolchain/bin/../lib/gcc/avr/5.4.0/../../../../avr/lib/avr5\libc.a(sprintf.o)
 .text          0x00000000        0x0 d:/softwares/atmel studio/7.0/toolchain/avr8/avr8-gnu-toolchain/bin/../lib/gcc/avr/5.4.0/../../../../avr/lib/avr5\libc.a(vfprintf_std.o)
 .data          0x00000000        0x0 d:/softwares/atmel studio/7.0/toolchain/avr8/avr8-gnu-toolchain/bin/../lib/gcc/avr/5.4.0/../../../../avr/lib/avr5\libc.a(vfprintf_std.o)
 .bss           0x00000000        0x0 d:/softwares/atmel studio/7.0/toolchain/avr8/avr8-gnu-toolchain/bin/../lib/gcc/avr/5.4.0/../../../../avr/lib/avr5\libc.a(vfprintf_std.o)
 .text          0x00000000        0x0 d:/softwares/atmel studio/7.0/toolchain/avr8/avr8-gnu-toolchain/bin/../lib/gcc/avr/5.4.0/../../../../avr/lib/avr5\libc.a(dtoa_prf.o)
 .data          0x00000000        0x0 d:/softwares/atmel studio/7.0/toolchain/avr8/avr8-gnu-toolchain/bin/../lib/gcc/avr/5.4.0/../../../../avr/lib/avr5\libc.a(dtoa_prf.o)
 .bss           0x00000000        0x0 d:/softwares/atmel studio/7.0/toolchain/avr8/avr8-gnu-toolchain/bin/../lib/gcc/avr/5.4.0/../../../../avr/lib/avr5\libc.a(dtoa_prf.o)
 .text.avr-libc
                0x00000000      0x2b4 d:/softwares/atmel studio/7.0/toolchain/avr8/avr8-gnu-toolchain/bin/../lib/gcc/avr/5.4.0/../../../../avr/lib/avr5\libc.a(dtoa_prf.o)
 .comment       0x00000000       0x31 d:/softwares/atmel studio/7.0/toolchain/avr8/avr8-gnu-toolchain/bin/../lib/gcc/avr/5.4.0/../../../../avr/lib/avr5\libc.a(dtoa_prf.o)
 .text          0x00000000        0x0 d:/softwares/atmel studio/7.0/toolchain/avr8/avr8-gnu-toolchain/bin/../lib/gcc/avr/5.4.0/../../../../avr/lib/avr5\libc.a(ftoa_engine.o)
 .data          0x00000000        0x0 d:/softwares/atmel studio/7.0/toolchain/avr8/avr8-gnu-toolchain/bin/../lib/gcc/avr/5.4.0/../../../../avr/lib/avr5\libc.a(ftoa_engine.o)
 .bss           0x00000000        0x0 d:/softwares/atmel studio/7.0/toolchain/avr8/avr8-gnu-toolchain/bin/../lib/gcc/avr/5.4.0/../../../../avr/lib/avr5\libc.a(ftoa_engine.o)
 .text.avr-libc
                0x00000000      0x1b0 d:/softwares/atmel studio/7.0/toolchain/avr8/avr8-gnu-toolchain/bin/../lib/gcc/avr/5.4.0/../../../../avr/lib/avr5\libc.a(ftoa_engine.o)
 .progmem.data  0x00000000       0xfa d:/softwares/atmel studio/7.0/toolchain/avr8/avr8-gnu-toolchain/bin/../lib/gcc/avr/5.4.0/../../../../avr/lib/avr5\libc.a(ftoa_engine.o)
 .text          0x00000000        0x0 d:/softwares/atmel studio/7.0/toolchain/avr8/avr8-gnu-toolchain/bin/../lib/gcc/avr/5.4.0/../../../../avr/lib/avr5\libc.a(strnlen_P.o)
 .data          0x00000000        0x0 d:/softwares/atmel studio/7.0/toolchain/avr8/avr8-gnu-toolchain/bin/../lib/gcc/avr/5.4.0/../../../../avr/lib/avr5\libc.a(strnlen_P.o)
 .bss           0x00000000        0x0 d:/softwares/atmel studio/7.0/toolchain/avr8/avr8-gnu-toolchain/bin/../lib/gcc/avr/5.4.0/../../../../avr/lib/avr5\libc.a(strnlen_P.o)
 .text          0x00000000        0x0 d:/softwares/atmel studio/7.0/toolchain/avr8/avr8-gnu-toolchain/bin/../lib/gcc/avr/5.4.0/../../../../avr/lib/avr5\libc.a(strnlen.o)
 .data          0x00000000        0x0 d:/softwares/atmel studio/7.0/toolchain/avr8/avr8-gnu-toolchain/bin/../lib/gcc/avr/5.4.0/../../../../avr/lib/avr5\libc.a(strnlen.o)
 .bss           0x00000000        0x0 d:/softwares/atmel studio/7.0/toolchain/avr8/avr8-gnu-toolchain/bin/../lib/gcc/avr/5.4.0/../../../../avr/lib/avr5\libc.a(strnlen.o)
 .text          0x00000000        0x0 d:/softwares/atmel studio/7.0/toolchain/avr8/avr8-gnu-toolchain/bin/../lib/gcc/avr/5.4.0/../../../../avr/lib/avr5\libc.a(fputc.o)
 .data          0x00000000        0x0 d:/softwares/atmel studio/7.0/toolchain/avr8/avr8-gnu-toolchain/bin/../lib/gcc/avr/5.4.0/../../../../avr/lib/avr5\libc.a(fputc.o)
 .bss           0x00000000        0x0 d:/softwares/atmel studio/7.0/toolchain/avr8/avr8-gnu-toolchain/bin/../lib/gcc/avr/5.4.0/../../../../avr/lib/avr5\libc.a(fputc.o)
 .text          0x00000000        0x0 d:/softwares/atmel studio/7.0/toolchain/avr8/avr8-gnu-toolchain/bin/../lib/gcc/avr/5.4.0/../../../../avr/lib/avr5\libc.a(ultoa_invert.o)
 .data          0x00000000        0x0 d:/softwares/atmel studio/7.0/toolchain/avr8/avr8-gnu-toolchain/bin/../lib/gcc/avr/5.4.0/../../../../avr/lib/avr5\libc.a(ultoa_invert.o)
 .bss           0x00000000        0x0 d:/softwares/atmel studio/7.0/toolchain/avr8/avr8-gnu-toolchain/bin/../lib/gcc/avr/5.4.0/../../../../avr/lib/avr5\libc.a(ultoa_invert.o)
 .text          0x00000000        0x0 d:/softwares/atmel studio/7.0/toolchain/avr8/avr8-gnu-toolchain/bin/../lib/gcc/avr/5.4.0/avr5\libgcc.a(_prologue.o)
 .data          0x00000000        0x0 d:/softwares/atmel studio/7.0/toolchain/avr8/avr8-gnu-toolchain/bin/../lib/gcc/avr/5.4.0/avr5\libgcc.a(_prologue.o)
 .bss           0x00000000        0x0 d:/softwares/atmel studio/7.0/toolchain/avr8/avr8-gnu-toolchain/bin/../lib/gcc/avr/5.4.0/avr5\libgcc.a(_prologue.o)
 .text.libgcc.mul
                0x00000000        0x0 d:/softwares/atmel studio/7.0/toolchain/avr8/avr8-gnu-toolchain/bin/../lib/gcc/avr/5.4.0/avr5\libgcc.a(_prologue.o)
 .text.libgcc.div
                0x00000000        0x0 d:/softwares/atmel studio/7.0/toolchain/avr8/avr8-gnu-toolchain/bin/../lib/gcc/avr/5.4.0/avr5\libgcc.a(_prologue.o)
 .text.libgcc   0x00000000        0x0 d:/softwares/atmel studio/7.0/toolchain/avr8/avr8-gnu-toolchain/bin/../lib/gcc/avr/5.4.0/avr5\libgcc.a(_prologue.o)
 .text.libgcc.builtins
                0x00000000        0x0 d:/softwares/atmel studio/7.0/toolchain/avr8/avr8-gnu-toolchain/bin/../lib/gcc/avr/5.4.0/avr5\libgcc.a(_prologue.o)
 .text.libgcc.fmul
                0x00000000        0x0 d:/softwares/atmel studio/7.0/toolchain/avr8/avr8-gnu-toolchain/bin/../lib/gcc/avr/5.4.0/avr5\libgcc.a(_prologue.o)
 .text.libgcc.fixed
                0x00000000        0x0 d:/softwares/atmel studio/7.0/toolchain/avr8/avr8-gnu-toolchain/bin/../lib/gcc/avr/5.4.0/avr5\libgcc.a(_prologue.o)
 .text          0x00000000        0x0 d:/softwares/atmel studio/7.0/toolchain/avr8/avr8-gnu-toolchain/bin/../lib/gcc/avr/5.4.0/avr5\libgcc.a(_epilogue.o)
 .data          0x00000000        0x0 d:/softwares/atmel studio/7.0/toolchain/avr8/avr8-gnu-toolchain/bin/../lib/gcc/avr/5.4.0/avr5\libgcc.a(_epilogue.o)
 .bss           0x00000000        0x0 d:/softwares/atmel studio/7.0/toolchain/avr8/avr8-gnu-toolchain/bin/../lib/gcc/avr/5.4.0/avr5\libgcc.a(_epilogue.o)
 .text.libgcc.mul
                0x00000000        0x0 d:/softwares/atmel studio/7.0/toolchain/avr8/avr8-gnu-toolchain/bin/../lib/gcc/avr/5.4.0/avr5\libgcc.a(_epilogue.o)
 .text.libgcc.div
                0x00000000        0x0 d:/softwares/atmel studio/7.0/toolchain/avr8/avr8-gnu-toolchain/bin/../lib/gcc/avr/5.4.0/avr5\libgcc.a(_epilogue.o)
 .text.libgcc   0x00000000        0x0 d:/softwares/atmel studio/7.0/toolchain/avr8/avr8-gnu-toolchain/bin/../lib/gcc/avr/5.4.0/avr5\libgcc.a(_epilogue.o)
 .text.libgcc.builtins
                0x00000000        0x0 d:/softwares/atmel studio/7.0/toolchain/avr8/avr8-gnu-toolchain/bin/../lib/gcc/avr/5.4.0/avr5\libgcc.a(_epilogue.o)
 .text.libgcc.fmul
                0x00000000        0x0 d:/softwares/atmel studio/7.0/toolchain/avr8/avr8-gnu-toolchain/bin/../lib/gcc/avr/5.4.0/avr5\libgcc.a(_epilogue.o)
 .text.libgcc.fixed
                0x00000000        0x0 d:/softwares/atmel studio/7.0/toolchain/avr8/avr8-gnu-toolchain/bin/../lib/gcc/avr/5.4.0/avr5\libgcc.a(_epilogue.o)

Memory Configuration

Name             Origin             Length             Attributes
text             0x00000000         0x00008000         xr
data             0x00800060         0x00000800         rw !x
eeprom           0x00810000         0x00000400         rw !x
fuse             0x00820000         0x00000002         rw !x
lock             0x00830000         0x00000400         rw !x
signature        0x00840000         0x00000400         rw !x
user_signatures  0x00850000         0x00000400         rw !x
*default*        0x00000000         0xffffffff

Linker script and memory map

LOAD D:/Softwares/Atmel Studio/7.0/Packs/atmel/ATmega_DFP/1.6.364/gcc/dev/atmega32a/avr5/crtatmega32a.o
LOAD error.o
LOAD hc05/hc05.o
LOAD keypad/keypad8.o
LOAD keyprocessor.o
LOAD lcd/lcdgeneric.o
LOAD lcd/lcd_4bit.o
LOAD lcd/lcd_i2cmaster.o
LOAD main.o
LOAD patient/patient.o
LOAD state/enteringage/enteringage.o
LOAD state/enteringname/enteringname.o
LOAD state/enteringphone/enteringphone.o
LOAD state/generateserial/generateserial.o
LOAD state/idle/idle.o
LOAD state/states.o
LOAD store/store.o
LOAD twimaster.o
START GROUP
LOAD d:/softwares/atmel studio/7.0/toolchain/avr8/avr8-gnu-toolchain/bin/../lib/gcc/avr/5.4.0/../../../../avr/lib/avr5\libm.a
END GROUP
START GROUP
LOAD d:/softwares/atmel studio/7.0/toolchain/avr8/avr8-gnu-toolchain/bin/../lib/gcc/avr/5.4.0/avr5\libgcc.a
LOAD d:/softwares/atmel studio/7.0/toolchain/avr8/avr8-gnu-toolchain/bin/../lib/gcc/avr/5.4.0/../../../../avr/lib/avr5\libm.a
LOAD d:/softwares/atmel studio/7.0/toolchain/avr8/avr8-gnu-toolchain/bin/../lib/gcc/avr/5.4.0/../../../../avr/lib/avr5\libc.a
LOAD D:/Softwares/Atmel Studio/7.0/Packs/atmel/ATmega_DFP/1.6.364/gcc/dev/atmega32a/avr5\libatmega32a.a
END GROUP
                [0x00000000]                __TEXT_REGION_ORIGIN__ = DEFINED (__TEXT_REGION_ORIGIN__)?__TEXT_REGION_ORIGIN__:0x0
                [0x00800060]                __DATA_REGION_ORIGIN__ = DEFINED (__DATA_REGION_ORIGIN__)?__DATA_REGION_ORIGIN__:0x800060
                [0x00008000]                __TEXT_REGION_LENGTH__ = DEFINED (__TEXT_REGION_LENGTH__)?__TEXT_REGION_LENGTH__:0x20000
                [0x00000800]                __DATA_REGION_LENGTH__ = DEFINED (__DATA_REGION_LENGTH__)?__DATA_REGION_LENGTH__:0xffa0
                [0x00000400]                __EEPROM_REGION_LENGTH__ = DEFINED (__EEPROM_REGION_LENGTH__)?__EEPROM_REGION_LENGTH__:0x10000
                [0x00000002]                __FUSE_REGION_LENGTH__ = DEFINED (__FUSE_REGION_LENGTH__)?__FUSE_REGION_LENGTH__:0x400
                0x00000400                __LOCK_REGION_LENGTH__ = DEFINED (__LOCK_REGION_LENGTH__)?__LOCK_REGION_LENGTH__:0x400
                0x00000400                __SIGNATURE_REGION_LENGTH__ = DEFINED (__SIGNATURE_REGION_LENGTH__)?__SIGNATURE_REGION_LENGTH__:0x400
                0x00000400                __USER_SIGNATURE_REGION_LENGTH__ = DEFINED (__USER_SIGNATURE_REGION_LENGTH__)?__USER_SIGNATURE_REGION_LENGTH__:0x400

.hash
 *(.hash)

.dynsym
 *(.dynsym)

.dynstr
 *(.dynstr)

.gnu.version
 *(.gnu.version)

.gnu.version_d
 *(.gnu.version_d)

.gnu.version_r
 *(.gnu.version_r)

.rel.init
 *(.rel.init)

.rela.init
 *(.rela.init)

.rel.text
 *(.rel.text)
 *(.rel.text.*)
 *(.rel.gnu.linkonce.t*)

.rela.text
 *(.rela.text)
 *(.rela.text.*)
 *(.rela.gnu.linkonce.t*)

.rel.fini
 *(.rel.fini)

.rela.fini
 *(.rela.fini)

.rel.rodata
 *(.rel.rodata)
 *(.rel.rodata.*)
 *(.rel.gnu.linkonce.r*)

.rela.rodata
 *(.rela.rodata)
 *(.rela.rodata.*)
 *(.rela.gnu.linkonce.r*)

.rel.data
 *(.rel.data)
 *(.rel.data.*)
 *(.rel.gnu.linkonce.d*)

.rela.data
 *(.rela.data)
 *(.rela.data.*)
 *(.rela.gnu.linkonce.d*)

.rel.ctors
 *(.rel.ctors)

.rela.ctors
 *(.rela.ctors)

.rel.dtors
 *(.rel.dtors)

.rela.dtors
 *(.rela.dtors)

.rel.got
 *(.rel.got)

.rela.got
 *(.rela.got)

.rel.bss
 *(.rel.bss)

.rela.bss
 *(.rela.bss)

.rel.plt
 *(.rel.plt)

.rela.plt
 *(.rela.plt)

.text           0x00000000     0x168a
 *(.vectors)
 .vectors       0x00000000       0x54 D:/Softwares/Atmel Studio/7.0/Packs/atmel/ATmega_DFP/1.6.364/gcc/dev/atmega32a/avr5/crtatmega32a.o
                0x00000000                __vector_default
                0x00000000                __vectors
 *(.vectors)
 *(.progmem.gcc*)
                0x00000054                . = ALIGN (0x2)
                0x00000054                __trampolines_start = .
 *(.trampolines)
 .trampolines   0x00000054        0x0 linker stubs
 *(.trampolines*)
                0x00000054                __trampolines_end = .
 *libprintf_flt.a:*(.progmem.data)
 *libc.a:*(.progmem.data)
 *(.progmem*)
                0x00000054                . = ALIGN (0x2)
 *(.jumptables)
 *(.jumptables*)
 *(.lowtext)
 *(.lowtext*)
                0x00000054                __ctors_start = .
 *(.ctors)
                0x00000054                __ctors_end = .
                0x00000054                __dtors_start = .
 *(.dtors)
                0x00000054                __dtors_end = .
 SORT(*)(.ctors)
 SORT(*)(.dtors)
 *(.init0)
 .init0         0x00000054        0x0 D:/Softwares/Atmel Studio/7.0/Packs/atmel/ATmega_DFP/1.6.364/gcc/dev/atmega32a/avr5/crtatmega32a.o
                0x00000054                __init
 *(.init0)
 *(.init1)
 *(.init1)
 *(.init2)
 .init2         0x00000054        0xc D:/Softwares/Atmel Studio/7.0/Packs/atmel/ATmega_DFP/1.6.364/gcc/dev/atmega32a/avr5/crtatmega32a.o
 *(.init2)
 *(.init3)
 *(.init3)
 *(.init4)
 .init4         0x00000060       0x16 d:/softwares/atmel studio/7.0/toolchain/avr8/avr8-gnu-toolchain/bin/../lib/gcc/avr/5.4.0/avr5\libgcc.a(_copy_data.o)
                0x00000060                __do_copy_data
 .init4         0x00000076       0x10 d:/softwares/atmel studio/7.0/toolchain/avr8/avr8-gnu-toolchain/bin/../lib/gcc/avr/5.4.0/avr5\libgcc.a(_clear_bss.o)
                0x00000076                __do_clear_bss
 *(.init4)
 *(.init5)
 *(.init5)
 *(.init6)
 *(.init6)
 *(.init7)
 *(.init7)
 *(.init8)
 *(.init8)
 *(.init9)
 .init9         0x00000086        0x8 D:/Softwares/Atmel Studio/7.0/Packs/atmel/ATmega_DFP/1.6.364/gcc/dev/atmega32a/avr5/crtatmega32a.o
 *(.init9)
 *(.text)
 .text          0x0000008e        0x4 D:/Softwares/Atmel Studio/7.0/Packs/atmel/ATmega_DFP/1.6.364/gcc/dev/atmega32a/avr5/crtatmega32a.o
                0x0000008e                __vector_1
                0x0000008e                __vector_12
                0x0000008e                __bad_interrupt
                0x0000008e                __vector_6
                0x0000008e                __vector_3
                0x0000008e                __vector_11
                0x0000008e                __vector_13
                0x0000008e                __vector_17
                0x0000008e                __vector_19
                0x0000008e                __vector_7
                0x0000008e                __vector_5
                0x0000008e                __vector_4
                0x0000008e                __vector_9
                0x0000008e                __vector_2
                0x0000008e                __vector_15
                0x0000008e                __vector_8
                0x0000008e                __vector_14
                0x0000008e                __vector_10
                0x0000008e                __vector_16
                0x0000008e                __vector_18
                0x0000008e                __vector_20
                0x00000092                . = ALIGN (0x2)
 *(.text.*)
 .text.Error_Error
                0x00000092        0x6 error.o
                0x00000092                Error_Error
 .text.Error_ErrorNum
                0x00000098       0x6a error.o
                0x00000098                Error_ErrorNum
 .text.Error_ErrorBin
                0x00000102       0x6c error.o
                0x00000102                Error_ErrorBin
 .text.HC05_Init_Data_Mode
                0x0000016e       0x14 hc05/hc05.o
                0x0000016e                HC05_Init_Data_Mode
 .text.HC05_SendChar
                0x00000182        0x8 hc05/hc05.o
                0x00000182                HC05_SendChar
 .text.HC05_SendString
                0x0000018a       0x1e hc05/hc05.o
                0x0000018a                HC05_SendString
 .text.Keypad_Init
                0x000001a8        0xe keypad/keypad8.o
                0x000001a8                Keypad_Init
 .text.Keypad_ResetBuffer
                0x000001b6       0x16 keypad/keypad8.o
                0x000001b6                Keypad_ResetBuffer
 .text.Keypad_WriteToBuffer
                0x000001cc       0x86 keypad/keypad8.o
                0x000001cc                Keypad_WriteToBuffer
 .text.Keypad_InitNumpad
                0x00000252        0x8 keypad/keypad8.o
                0x00000252                Keypad_InitNumpad
 .text.Keypad_GetMode
                0x0000025a       0x22 keypad/keypad8.o
                0x0000025a                Keypad_GetMode
 .text.Keypad_UpdateKeyMode
                0x0000027c       0x34 keypad/keypad8.o
                0x0000027c                Keypad_UpdateKeyMode
 .text.Keypad_KeyPressed
                0x000002b0        0x8 keypad/keypad8.o
                0x000002b0                Keypad_KeyPressed
 .text.Keypad_GetRow
                0x000002b8       0x56 keypad/keypad8.o
                0x000002b8                Keypad_GetRow
 .text.Keypad_GetCol
                0x0000030e       0x54 keypad/keypad8.o
                0x0000030e                Keypad_GetCol
 .text.addChar  0x00000362       0x32 keypad/keypad8.o
                0x00000362                addChar
 .text.Keypad_AddKey
                0x00000394       0xec keypad/keypad8.o
                0x00000394                Keypad_AddKey
 .text.Keypad_GetKey
                0x00000480       0x40 keypad/keypad8.o
                0x00000480                Keypad_GetKey
 .text.KeyProcessor_ProcessKey
                0x000004c0       0x46 keyprocessor.o
                0x000004c0                KeyProcessor_ProcessKey
 .text.Lcd_Init
                0x00000506       0x5c lcd/lcdgeneric.o
                0x00000506                Lcd_Init
 .text.Lcd_ClearScreen
                0x00000562       0x20 lcd/lcdgeneric.o
                0x00000562                Lcd_ClearScreen
 .text.Lcd_Prints
                0x00000582       0x24 lcd/lcdgeneric.o
                0x00000582                Lcd_Prints
 .text.Lcd_Position
                0x000005a6       0x28 lcd/lcdgeneric.o
                0x000005a6                Lcd_Position
 .text.Lcd_Printc
                0x000005ce       0x22 lcd/lcdgeneric.o
                0x000005ce                Lcd_Printc
 .text.Lcd_PrintLine
                0x000005f0       0x60 lcd/lcdgeneric.o
                0x000005f0                Lcd_PrintLine
 .text.pinChange
                0x00000650      0x280 lcd/lcd_4bit.o
                0x00000650                pinChange
 .text.Lcd4_Port
                0x000008d0       0x80 lcd/lcd_4bit.o
                0x000008d0                Lcd4_Port
 .text.Lcd4_Cmd
                0x00000950       0x4a lcd/lcd_4bit.o
                0x00000950                Lcd4_Cmd
 .text.Lcd4_Clear
                0x0000099a        0xe lcd/lcd_4bit.o
                0x0000099a                Lcd4_Clear
 .text.Lcd4_Set_Cursor
                0x000009a8       0x3a lcd/lcd_4bit.o
                0x000009a8                Lcd4_Set_Cursor
 .text.Lcd4_Init
                0x000009e2       0x6c lcd/lcd_4bit.o
                0x000009e2                Lcd4_Init
 .text.Lcd4_Write_Char
                0x00000a4e       0x86 lcd/lcd_4bit.o
                0x00000a4e                Lcd4_Write_Char
 .text.Lcd4_Write_String
                0x00000ad4       0x1e lcd/lcd_4bit.o
                0x00000ad4                Lcd4_Write_String
 .text.I2C_WRITESEQ
                0x00000af2       0x58 lcd/lcd_i2cmaster.o
                0x00000af2                I2C_WRITESEQ
 .text.wr_lcd_mode
                0x00000b4a       0x94 lcd/lcd_i2cmaster.o
 .text.lcd_gotoxy
                0x00000bde       0x2c lcd/lcd_i2cmaster.o
                0x00000bde                lcd_gotoxy
 .text.lcd_clrscr
                0x00000c0a       0x12 lcd/lcd_i2cmaster.o
                0x00000c0a                lcd_clrscr
 .text.lcd_putc
                0x00000c1c       0x52 lcd/lcd_i2cmaster.o
                0x00000c1c                lcd_putc
 .text.lcd_puts
                0x00000c6e       0x1e lcd/lcd_i2cmaster.o
                0x00000c6e                lcd_puts
 .text.lcd_init
                0x00000c8c       0xe2 lcd/lcd_i2cmaster.o
                0x00000c8c                lcd_init
 .text.lcd_backlight
                0x00000d6e        0x8 lcd/lcd_i2cmaster.o
                0x00000d6e                lcd_backlight
 .text.main     0x00000d76       0x58 main.o
                0x00000d76                main
 .text.Patient_UpdateName
                0x00000dce        0x6 patient/patient.o
                0x00000dce                Patient_UpdateName
 .text.Patient_UpdateAge
                0x00000dd4        0x8 patient/patient.o
                0x00000dd4                Patient_UpdateAge
 .text.Patient_UpdatePhone
                0x00000ddc        0x8 patient/patient.o
                0x00000ddc                Patient_UpdatePhone
 .text.EnteringAge_Init
                0x00000de4       0x2e state/enteringage/enteringage.o
                0x00000de4                EnteringAge_Init
 .text.EnteringAge_ProcessKey
                0x00000e12       0x58 state/enteringage/enteringage.o
                0x00000e12                EnteringAge_ProcessKey
 .text.EnteringName_Init
                0x00000e6a       0x3a state/enteringname/enteringname.o
                0x00000e6a                EnteringName_Init
 .text.EnteringName_ProcessKey
                0x00000ea4       0x58 state/enteringname/enteringname.o
                0x00000ea4                EnteringName_ProcessKey
 .text.EnteringPhone_Init
                0x00000efc       0x2e state/enteringphone/enteringphone.o
                0x00000efc                EnteringPhone_Init
 .text.EnteringPhone_ProcessKey
                0x00000f2a       0x52 state/enteringphone/enteringphone.o
                0x00000f2a                EnteringPhone_ProcessKey
 .text.GenerateSerial_ProcessKey
                0x00000f7c       0x3c state/generateserial/generateserial.o
                0x00000f7c                GenerateSerial_ProcessKey
 .text.Idle_ProcessKey
                0x00000fb8        0x8 state/idle/idle.o
                0x00000fb8                Idle_ProcessKey
 .text.Idle_Init
                0x00000fc0       0x38 state/idle/idle.o
                0x00000fc0                Idle_Init
 .text.States_GotoState
                0x00000ff8       0x42 state/states.o
                0x00000ff8                States_GotoState
 .text.i2c_init
                0x0000103a        0x8 twimaster.o
                0x0000103a                i2c_init
 .text.i2c_start
                0x00001042       0x3c twimaster.o
                0x00001042                i2c_start
 .text.i2c_stop
                0x0000107e        0xc twimaster.o
                0x0000107e                i2c_stop
 .text.i2c_write
                0x0000108a       0x1a twimaster.o
                0x0000108a                i2c_write
 .text.avr-libc
                0x000010a4        0xe d:/softwares/atmel studio/7.0/toolchain/avr8/avr8-gnu-toolchain/bin/../lib/gcc/avr/5.4.0/../../../../avr/lib/avr5\libc.a(strcpy.o)
                0x000010a4                strcpy
 .text.avr-libc
                0x000010b2       0x44 d:/softwares/atmel studio/7.0/toolchain/avr8/avr8-gnu-toolchain/bin/../lib/gcc/avr/5.4.0/../../../../avr/lib/avr5\libc.a(sprintf.o)
                0x000010b2                sprintf
 .text.avr-libc
                0x000010f6      0x3c2 d:/softwares/atmel studio/7.0/toolchain/avr8/avr8-gnu-toolchain/bin/../lib/gcc/avr/5.4.0/../../../../avr/lib/avr5\libc.a(vfprintf_std.o)
                0x000010f6                vfprintf
 .text.avr-libc
                0x000014b8       0x16 d:/softwares/atmel studio/7.0/toolchain/avr8/avr8-gnu-toolchain/bin/../lib/gcc/avr/5.4.0/../../../../avr/lib/avr5\libc.a(strnlen_P.o)
                0x000014b8                strnlen_P
 .text.avr-libc
                0x000014ce       0x16 d:/softwares/atmel studio/7.0/toolchain/avr8/avr8-gnu-toolchain/bin/../lib/gcc/avr/5.4.0/../../../../avr/lib/avr5\libc.a(strnlen.o)
                0x000014ce                strnlen
 .text.avr-libc
                0x000014e4       0x78 d:/softwares/atmel studio/7.0/toolchain/avr8/avr8-gnu-toolchain/bin/../lib/gcc/avr/5.4.0/../../../../avr/lib/avr5\libc.a(fputc.o)
                0x000014e4                fputc
 .text.avr-libc
                0x0000155c       0xbc d:/softwares/atmel studio/7.0/toolchain/avr8/avr8-gnu-toolchain/bin/../lib/gcc/avr/5.4.0/../../../../avr/lib/avr5\libc.a(ultoa_invert.o)
                0x0000155c                __ultoa_invert
 .text.libgcc.prologue
                0x00001618       0x38 d:/softwares/atmel studio/7.0/toolchain/avr8/avr8-gnu-toolchain/bin/../lib/gcc/avr/5.4.0/avr5\libgcc.a(_prologue.o)
                0x00001618                __prologue_saves__
 .text.libgcc.prologue
                0x00001650       0x36 d:/softwares/atmel studio/7.0/toolchain/avr8/avr8-gnu-toolchain/bin/../lib/gcc/avr/5.4.0/avr5\libgcc.a(_epilogue.o)
                0x00001650                __epilogue_restores__
                0x00001686                . = ALIGN (0x2)
 *(.fini9)
 .fini9         0x00001686        0x0 d:/softwares/atmel studio/7.0/toolchain/avr8/avr8-gnu-toolchain/bin/../lib/gcc/avr/5.4.0/avr5\libgcc.a(_exit.o)
                0x00001686                _exit
                0x00001686                exit
 *(.fini9)
 *(.fini8)
 *(.fini8)
 *(.fini7)
 *(.fini7)
 *(.fini6)
 *(.fini6)
 *(.fini5)
 *(.fini5)
 *(.fini4)
 *(.fini4)
 *(.fini3)
 *(.fini3)
 *(.fini2)
 *(.fini2)
 *(.fini1)
 *(.fini1)
 *(.fini0)
 .fini0         0x00001686        0x4 d:/softwares/atmel studio/7.0/toolchain/avr8/avr8-gnu-toolchain/bin/../lib/gcc/avr/5.4.0/avr5\libgcc.a(_exit.o)
 *(.fini0)
                0x0000168a                _etext = .

.data           0x00800060      0x18e load address 0x0000168a
                0x00800060                PROVIDE (__data_start, .)
 *(.data)
 *(.data*)
 .data.backlight.1943
                0x00800060        0x1 lcd/lcd_i2cmaster.o
 .data._base_y  0x00800061        0x4 lcd/lcd_i2cmaster.o
 *(.gnu.linkonce.d*)
 *(.rodata)
 *(.rodata*)
 .rodata.str1.1
                0x00800065        0xa error.o
 .rodata.str1.1
                0x0080006f       0x64 keypad/keypad8.o
 .rodata.str1.1
                0x008000d3       0x24 keyprocessor.o
 .rodata.str1.1
                0x008000f7       0x6a lcd/lcdgeneric.o
 .rodata.str1.1
                0x00800161        0xc main.o
 .rodata.str1.1
                0x0080016d        0xb state/enteringage/enteringage.o
 .rodata.str1.1
                0x00800178        0xc state/enteringname/enteringname.o
 .rodata.str1.1
                0x00800184        0xa state/enteringphone/enteringphone.o
 .rodata.str1.1
                0x0080018e       0x29 state/generateserial/generateserial.o
 .rodata.str1.1
                0x008001b7       0x16 state/idle/idle.o
 .rodata.str1.1
                0x008001cd       0x20 state/states.o
 *(.gnu.linkonce.r*)
                0x008001ee                . = ALIGN (0x2)
 *fill*         0x008001ed        0x1 
                0x008001ee                _edata = .
                0x008001ee                PROVIDE (__data_end, .)

.bss            0x008001ee       0x4e
                0x008001ee                PROVIDE (__bss_start, .)
 *(.bss)
 *(.bss*)
 .bss.position  0x008001ee        0x2 keypad/keypad8.o
                0x008001ee                position
 .bss.isUpperCase
                0x008001f0        0x1 keypad/keypad8.o
                0x008001f0                isUpperCase
 .bss.isNumber  0x008001f1        0x1 keypad/keypad8.o
                0x008001f1                isNumber
 *(COMMON)
 COMMON         0x008001f2       0x11 keypad/keypad8.o
                0x008001f2                keyBuffer
 COMMON         0x00800203        0x3 lcd/lcd_i2cmaster.o
                0x00800203                _lcd_maxx
                0x00800204                _lcd_x
                0x00800205                _lcd_y
 COMMON         0x00800206       0x35 patient/patient.o
                0x00800206                currentPatient
                0x00800206                patientsList
 COMMON         0x0080023b        0x1 state/states.o
                0x0080023b                currentState
                0x0080023c                PROVIDE (__bss_end, .)
                0x0000168a                __data_load_start = LOADADDR (.data)
                0x00001818                __data_load_end = (__data_load_start + SIZEOF (.data))

.noinit         0x0080023c        0x0
                [!provide]                PROVIDE (__noinit_start, .)
 *(.noinit*)
                [!provide]                PROVIDE (__noinit_end, .)
                0x0080023c                _end = .
                [!provide]                PROVIDE (__heap_start, .)

.eeprom         0x00810000        0x0
 *(.eeprom*)
                0x00810000                __eeprom_end = .

.fuse
 *(.fuse)
 *(.lfuse)
 *(.hfuse)
 *(.efuse)

.lock
 *(.lock*)

.signature
 *(.signature*)

.user_signatures
 *(.user_signatures*)

.stab
 *(.stab)

.stabstr
 *(.stabstr)

.stab.excl
 *(.stab.excl)

.stab.exclstr
 *(.stab.exclstr)

.stab.index
 *(.stab.index)

.stab.indexstr
 *(.stab.indexstr)

.comment        0x00000000       0x5c
 *(.comment)
 .comment       0x00000000       0x30 error.o
                                 0x31 (size before relaxing)
 .comment       0x00000030       0x31 hc05/hc05.o
 .comment       0x00000030       0x31 keypad/keypad8.o
 .comment       0x00000030       0x31 keyprocessor.o
 .comment       0x00000030       0x31 lcd/lcdgeneric.o
 .comment       0x00000030       0x31 lcd/lcd_4bit.o
 .comment       0x00000030       0x31 lcd/lcd_i2cmaster.o
 .comment       0x00000030       0x31 main.o
 .comment       0x00000030       0x31 patient/patient.o
 .comment       0x00000030       0x31 state/enteringage/enteringage.o
 .comment       0x00000030       0x31 state/enteringname/enteringname.o
 .comment       0x00000030       0x31 state/enteringphone/enteringphone.o
 .comment       0x00000030       0x31 state/generateserial/generateserial.o
 .comment       0x00000030       0x31 state/idle/idle.o
 .comment       0x00000030       0x31 state/states.o
 .comment       0x00000030       0x31 twimaster.o
 .comment       0x00000030       0x31 d:/softwares/atmel studio/7.0/toolchain/avr8/avr8-gnu-toolchain/bin/../lib/gcc/avr/5.4.0/../../../../avr/lib/avr5\libc.a(sprintf.o)
 .comment       0x00000030       0x2c d:/softwares/atmel studio/7.0/toolchain/avr8/avr8-gnu-toolchain/bin/../lib/gcc/avr/5.4.0/../../../../avr/lib/avr5\libc.a(vfprintf_std.o)
                                 0x2d (size before relaxing)
 .comment       0x0000005c       0x31 d:/softwares/atmel studio/7.0/toolchain/avr8/avr8-gnu-toolchain/bin/../lib/gcc/avr/5.4.0/../../../../avr/lib/avr5\libc.a(fputc.o)

.note.gnu.avr.deviceinfo
                0x00000000       0x3c
 .note.gnu.avr.deviceinfo
                0x00000000       0x3c D:/Softwares/Atmel Studio/7.0/Packs/atmel/ATmega_DFP/1.6.364/gcc/dev/atmega32a/avr5/crtatmega32a.o

.note.gnu.build-id
 *(.note.gnu.build-id)

.debug
 *(.debug)

.line
 *(.line)

.debug_srcinfo
 *(.debug_srcinfo)

.debug_sfnames
 *(.debug_sfnames)

.debug_aranges  0x00000000      0x3b8
 *(.debug_aranges)
 .debug_aranges
                0x00000000       0x30 error.o
 .debug_aranges
                0x00000030       0x38 hc05/hc05.o
 .debug_aranges
                0x00000068       0x78 keypad/keypad8.o
 .debug_aranges
                0x000000e0       0x20 keyprocessor.o
 .debug_aranges
                0x00000100       0x48 lcd/lcdgeneric.o
 .debug_aranges
                0x00000148       0x68 lcd/lcd_4bit.o
 .debug_aranges
                0x000001b0       0x78 lcd/lcd_i2cmaster.o
 .debug_aranges
                0x00000228       0x20 main.o
 .debug_aranges
                0x00000248       0x30 patient/patient.o
 .debug_aranges
                0x00000278       0x28 state/enteringage/enteringage.o
 .debug_aranges
                0x000002a0       0x28 state/enteringname/enteringname.o
 .debug_aranges
                0x000002c8       0x28 state/enteringphone/enteringphone.o
 .debug_aranges
                0x000002f0       0x28 state/generateserial/generateserial.o
 .debug_aranges
                0x00000318       0x28 state/idle/idle.o
 .debug_aranges
                0x00000340       0x20 state/states.o
 .debug_aranges
                0x00000360       0x58 twimaster.o

.debug_pubnames
 *(.debug_pubnames)

.debug_info     0x00000000     0x370f
 *(.debug_info .gnu.linkonce.wi.*)
 .debug_info    0x00000000      0x4e6 D:/Softwares/Atmel Studio/7.0/Packs/atmel/ATmega_DFP/1.6.364/gcc/dev/atmega32a/avr5/crtatmega32a.o
 .debug_info    0x000004e6      0x22e error.o
 .debug_info    0x00000714      0x101 hc05/hc05.o
 .debug_info    0x00000815      0x50f keypad/keypad8.o
 .debug_info    0x00000d24      0x150 keyprocessor.o
 .debug_info    0x00000e74      0x4cb lcd/lcdgeneric.o
 .debug_info    0x0000133f      0x8d0 lcd/lcd_4bit.o
 .debug_info    0x00001c0f      0x743 lcd/lcd_i2cmaster.o
 .debug_info    0x00002352      0x27a main.o
 .debug_info    0x000025cc      0x21a patient/patient.o
 .debug_info    0x000027e6      0x28f state/enteringage/enteringage.o
 .debug_info    0x00002a75      0x2d0 state/enteringname/enteringname.o
 .debug_info    0x00002d45      0x27c state/enteringphone/enteringphone.o
 .debug_info    0x00002fc1      0x2a1 state/generateserial/generateserial.o
 .debug_info    0x00003262      0x1ac state/idle/idle.o
 .debug_info    0x0000340e      0x144 state/states.o
 .debug_info    0x00003552      0x1bd twimaster.o

.debug_abbrev   0x00000000     0x1652
 *(.debug_abbrev)
 .debug_abbrev  0x00000000      0x4a3 D:/Softwares/Atmel Studio/7.0/Packs/atmel/ATmega_DFP/1.6.364/gcc/dev/atmega32a/avr5/crtatmega32a.o
 .debug_abbrev  0x000004a3      0x11c error.o
 .debug_abbrev  0x000005bf       0xcd hc05/hc05.o
 .debug_abbrev  0x0000068c      0x1c1 keypad/keypad8.o
 .debug_abbrev  0x0000084d       0xa7 keyprocessor.o
 .debug_abbrev  0x000008f4      0x174 lcd/lcdgeneric.o
 .debug_abbrev  0x00000a68      0x17e lcd/lcd_4bit.o
 .debug_abbrev  0x00000be6      0x1e2 lcd/lcd_i2cmaster.o
 .debug_abbrev  0x00000dc8      0x110 main.o
 .debug_abbrev  0x00000ed8       0xf3 patient/patient.o
 .debug_abbrev  0x00000fcb      0x10b state/enteringage/enteringage.o
 .debug_abbrev  0x000010d6      0x10b state/enteringname/enteringname.o
 .debug_abbrev  0x000011e1      0x10b state/enteringphone/enteringphone.o
 .debug_abbrev  0x000012ec      0x123 state/generateserial/generateserial.o
 .debug_abbrev  0x0000140f       0xb0 state/idle/idle.o
 .debug_abbrev  0x000014bf       0xae state/states.o
 .debug_abbrev  0x0000156d       0xe5 twimaster.o

.debug_line     0x00000000     0x2560
 *(.debug_line .debug_line.* .debug_line_end)
 .debug_line    0x00000000      0x116 D:/Softwares/Atmel Studio/7.0/Packs/atmel/ATmega_DFP/1.6.364/gcc/dev/atmega32a/avr5/crtatmega32a.o
 .debug_line    0x00000116      0x11d error.o
 .debug_line    0x00000233      0x126 hc05/hc05.o
 .debug_line    0x00000359      0x3f4 keypad/keypad8.o
 .debug_line    0x0000074d      0x1b0 keyprocessor.o
 .debug_line    0x000008fd      0x289 lcd/lcdgeneric.o
 .debug_line    0x00000b86      0x63c lcd/lcd_4bit.o
 .debug_line    0x000011c2      0x3b0 lcd/lcd_i2cmaster.o
 .debug_line    0x00001572      0x1b6 main.o
 .debug_line    0x00001728       0xef patient/patient.o
 .debug_line    0x00001817      0x203 state/enteringage/enteringage.o
 .debug_line    0x00001a1a      0x210 state/enteringname/enteringname.o
 .debug_line    0x00001c2a      0x20b state/enteringphone/enteringphone.o
 .debug_line    0x00001e35      0x1f7 state/generateserial/generateserial.o
 .debug_line    0x0000202c      0x118 state/idle/idle.o
 .debug_line    0x00002144      0x1a8 state/states.o
 .debug_line    0x000022ec      0x274 twimaster.o

.debug_frame    0x00000000      0x71c
 *(.debug_frame)
 .debug_frame   0x00000000       0x7c error.o
 .debug_frame   0x0000007c       0x60 hc05/hc05.o
 .debug_frame   0x000000dc      0x118 keypad/keypad8.o
 .debug_frame   0x000001f4       0x24 keyprocessor.o
 .debug_frame   0x00000218       0xa0 lcd/lcdgeneric.o
 .debug_frame   0x000002b8       0xe0 lcd/lcd_4bit.o
 .debug_frame   0x00000398      0x158 lcd/lcd_i2cmaster.o
 .debug_frame   0x000004f0       0x24 main.o
 .debug_frame   0x00000514       0x44 patient/patient.o
 .debug_frame   0x00000558       0x34 state/enteringage/enteringage.o
 .debug_frame   0x0000058c       0x34 state/enteringname/enteringname.o
 .debug_frame   0x000005c0       0x34 state/enteringphone/enteringphone.o
 .debug_frame   0x000005f4       0x34 state/generateserial/generateserial.o
 .debug_frame   0x00000628       0x34 state/idle/idle.o
 .debug_frame   0x0000065c       0x2c state/states.o
 .debug_frame   0x00000688       0x94 twimaster.o

.debug_str      0x00000000      0xa1c
 *(.debug_str)
 .debug_str     0x00000000      0x196 D:/Softwares/Atmel Studio/7.0/Packs/atmel/ATmega_DFP/1.6.364/gcc/dev/atmega32a/avr5/crtatmega32a.o
 .debug_str     0x00000196      0x1d0 error.o
                                0x209 (size before relaxing)
 .debug_str     0x00000366       0x4a hc05/hc05.o
                                0x206 (size before relaxing)
 .debug_str     0x000003b0      0x12a keypad/keypad8.o
                                0x313 (size before relaxing)
 .debug_str     0x000004da       0xab keyprocessor.o
                                0x27a (size before relaxing)
 .debug_str     0x00000585      0x106 lcd/lcdgeneric.o
                                0x2f5 (size before relaxing)
 .debug_str     0x0000068b       0x60 lcd/lcd_4bit.o
                                0x29f (size before relaxing)
 .debug_str     0x000006eb       0xeb lcd/lcd_i2cmaster.o
                                0x340 (size before relaxing)
 .debug_str     0x000007d6       0x22 main.o
                                0x2a1 (size before relaxing)
 .debug_str     0x000007f8       0xa8 patient/patient.o
                                0x260 (size before relaxing)
 .debug_str     0x000008a0       0x34 state/enteringage/enteringage.o
                                0x2df (size before relaxing)
 .debug_str     0x000008d4       0x37 state/enteringname/enteringname.o
                                0x2fa (size before relaxing)
 .debug_str     0x0000090b       0x3a state/enteringphone/enteringphone.o
                                0x2e9 (size before relaxing)
 .debug_str     0x00000945       0x4a state/generateserial/generateserial.o
                                0x2ab (size before relaxing)
 .debug_str     0x0000098f       0x1f state/idle/idle.o
                                0x22b (size before relaxing)
 .debug_str     0x000009ae       0x1b state/states.o
                                0x248 (size before relaxing)
 .debug_str     0x000009c9       0x53 twimaster.o
                                0x228 (size before relaxing)

.debug_loc      0x00000000     0x1d32
 *(.debug_loc)
 .debug_loc     0x00000000      0x1b4 error.o
 .debug_loc     0x000001b4       0x64 hc05/hc05.o
 .debug_loc     0x00000218      0x3f8 keypad/keypad8.o
 .debug_loc     0x00000610       0x9e keyprocessor.o
 .debug_loc     0x000006ae      0x4d4 lcd/lcdgeneric.o
 .debug_loc     0x00000b82      0x65e lcd/lcd_4bit.o
 .debug_loc     0x000011e0      0x698 lcd/lcd_i2cmaster.o
 .debug_loc     0x00001878       0x9f main.o
 .debug_loc     0x00001917       0xfe patient/patient.o
 .debug_loc     0x00001a15       0x53 state/enteringage/enteringage.o
 .debug_loc     0x00001a68       0x53 state/enteringname/enteringname.o
 .debug_loc     0x00001abb       0x53 state/enteringphone/enteringphone.o
 .debug_loc     0x00001b0e       0x69 state/generateserial/generateserial.o
 .debug_loc     0x00001b77       0x21 state/idle/idle.o
 .debug_loc     0x00001b98       0xa7 state/states.o
 .debug_loc     0x00001c3f       0xf3 twimaster.o

.debug_macinfo
 *(.debug_macinfo)

.debug_weaknames
 *(.debug_weaknames)

.debug_funcnames
 *(.debug_funcnames)

.debug_typenames
 *(.debug_typenames)

.debug_varnames
 *(.debug_varnames)

.debug_pubtypes
 *(.debug_pubtypes)

.debug_ranges   0x00000000      0x300
 *(.debug_ranges)
 .debug_ranges  0x00000000       0x20 error.o
 .debug_ranges  0x00000020       0x28 hc05/hc05.o
 .debug_ranges  0x00000048       0x80 keypad/keypad8.o
 .debug_ranges  0x000000c8       0x10 keyprocessor.o
 .debug_ranges  0x000000d8       0x38 lcd/lcdgeneric.o
 .debug_ranges  0x00000110       0x58 lcd/lcd_4bit.o
 .debug_ranges  0x00000168       0x98 lcd/lcd_i2cmaster.o
 .debug_ranges  0x00000200       0x10 main.o
 .debug_ranges  0x00000210       0x20 patient/patient.o
 .debug_ranges  0x00000230       0x18 state/enteringage/enteringage.o
 .debug_ranges  0x00000248       0x18 state/enteringname/enteringname.o
 .debug_ranges  0x00000260       0x18 state/enteringphone/enteringphone.o
 .debug_ranges  0x00000278       0x18 state/generateserial/generateserial.o
 .debug_ranges  0x00000290       0x18 state/idle/idle.o
 .debug_ranges  0x000002a8       0x10 state/states.o
 .debug_ranges  0x000002b8       0x48 twimaster.o

.debug_macro
 *(.debug_macro)
OUTPUT(projcodes.elf elf32-avr)
LOAD linker stubs
